Started at Mon Aug 31 07:14:39 GMT 2026 (polyml-5.9_x86_64_32-linux on dfdf30bfbfc1)
ISABELLE_TOOL_JAVA_OPTIONS="-Djava.awt.headless=true -Xms512m -Xmx4g -Xss16m"
ISABELLE_BUILD_OPTIONS=""

ML_PLATFORM="x86_64_32-linux"
ML_HOME="/opt/isabelle/contrib/polyml-219e0a248f70/x86_64_32-linux"
ML_SYSTEM="polyml-5.9"
ML_OPTIONS="--minheap 500"

Session Pure/Pure
Session FOL/FOL
Session Misc/Tools
Session HOL/HOL (main)
Session Unsorted/Explorer
Session HOL/HOL-Library (main timing)
Session HOL/HOL-Combinatorics (main timing)
Session HOL/HOL-Computational_Algebra (main timing)
Session HOL/HOL-Analysis (main timing)
Session HOL/HOL-Eisbach
Session AFP/Optics (AFP)
Session Unsorted/Z_Toolkit
Session Unsorted/Shallow-Expressions
Session Unsorted/Abstract_Prog_Syntax
Session Unsorted/Shallow-Expressions-Z
Session Unsorted/Interaction_Trees
Session Unsorted/ITree_Simulation
Session Unsorted/ITree_UTP
Session Unsorted/ITree_VCG
Session Unsorted/Z_Machines
Session Unsorted/LreController_Check
Running LreController_Check ...
LreController_Check: theory LreController_Check.LreController_Beh
Timing LreController_Check (8 threads, 56.954s elapsed time, 81.809s cpu time, 10.063s GC time, factor 1.44)
Finished LreController_Check (0:01:01 elapsed time, 0:01:26 cpu time, factor 1.40)

Finished at Mon Aug 31 07:16:22 GMT 2026
0:01:42 elapsed time, 0:01:26 cpu time, factor 0.84
