Started at Mon Aug 31 05:34:13 GMT 2026 (polyml-5.9_x86_64_32-linux on cf3c3afde742)
ISABELLE_TOOL_JAVA_OPTIONS="-Djava.awt.headless=true -Xms512m -Xmx4g -Xss16m"
ISABELLE_BUILD_OPTIONS=""

ML_PLATFORM="x86_64_32-linux"
ML_HOME="/opt/isabelle/contrib/polyml-219e0a248f70/x86_64_32-linux"
ML_SYSTEM="polyml-5.9"
ML_OPTIONS="--minheap 500"

Session Pure/Pure
Session FOL/FOL
Session Misc/Tools
Session HOL/HOL (main)
Session Unsorted/Explorer
Session HOL/HOL-Library (main timing)
Session HOL/HOL-Combinatorics (main timing)
Session HOL/HOL-Computational_Algebra (main timing)
Session HOL/HOL-Analysis (main timing)
Session HOL/HOL-Eisbach
Session AFP/Optics (AFP)
Session Unsorted/Z_Toolkit
Session Unsorted/Shallow-Expressions
Session Unsorted/Abstract_Prog_Syntax
Session Unsorted/Shallow-Expressions-Z
Session Unsorted/Interaction_Trees
Session Unsorted/ITree_Simulation
Session Unsorted/ITree_UTP
Session Unsorted/ITree_VCG
Session Unsorted/Z_Machines
Session Unsorted/GasAnalysisController_Check
Running GasAnalysisController_Check ...
GasAnalysisController_Check: theory GasAnalysisController_Check.GasAnalysisController_Beh
Timing GasAnalysisController_Check (8 threads, 45.280s elapsed time, 64.624s cpu time, 7.017s GC time, factor 1.43)
Finished GasAnalysisController_Check (0:00:47 elapsed time, 0:01:09 cpu time, factor 1.45)

Finished at Mon Aug 31 05:35:11 GMT 2026
0:00:58 elapsed time, 0:01:09 cpu time, factor 1.18
