Started at Mon Aug 31 04:07:03 GMT 2026 (polyml-5.9_x86_64_32-linux on 963e0fb5a126)
ISABELLE_TOOL_JAVA_OPTIONS="-Djava.awt.headless=true -Xms512m -Xmx4g -Xss16m"
ISABELLE_BUILD_OPTIONS=""

ML_PLATFORM="x86_64_32-linux"
ML_HOME="/opt/isabelle/contrib/polyml-219e0a248f70/x86_64_32-linux"
ML_SYSTEM="polyml-5.9"
ML_OPTIONS="--minheap 500"

Session Pure/Pure
Session FOL/FOL
Session Misc/Tools
Session HOL/HOL (main)
Session Unsorted/Explorer
Session HOL/HOL-Library (main timing)
Session HOL/HOL-Combinatorics (main timing)
Session HOL/HOL-Computational_Algebra (main timing)
Session HOL/HOL-Analysis (main timing)
Session HOL/HOL-Eisbach
Session AFP/Optics (AFP)
Session Unsorted/Z_Toolkit
Session Unsorted/Shallow-Expressions
Session Unsorted/Abstract_Prog_Syntax
Session Unsorted/Shallow-Expressions-Z
Session Unsorted/Interaction_Trees
Session Unsorted/ITree_Simulation
Session Unsorted/ITree_UTP
Session Unsorted/ITree_VCG
Session Unsorted/Z_Machines
Session Unsorted/LreController_Check
Running LreController_Check ...
LreController_Check: theory LreController_Check.LreController_Beh
Timing LreController_Check (8 threads, 66.320s elapsed time, 104.760s cpu time, 12.623s GC time, factor 1.58)
Finished LreController_Check (0:01:10 elapsed time, 0:01:50 cpu time, factor 1.58)

Finished at Mon Aug 31 04:08:39 GMT 2026
0:01:35 elapsed time, 0:01:50 cpu time, factor 1.16
