Started at Mon Aug 31 03:44:43 GMT 2026 (polyml-5.9_x86_64_32-linux on 99233972ee22)
ISABELLE_TOOL_JAVA_OPTIONS="-Djava.awt.headless=true -Xms512m -Xmx4g -Xss16m"
ISABELLE_BUILD_OPTIONS=""

ML_PLATFORM="x86_64_32-linux"
ML_HOME="/opt/isabelle/contrib/polyml-219e0a248f70/x86_64_32-linux"
ML_SYSTEM="polyml-5.9"
ML_OPTIONS="--minheap 500"

Session Pure/Pure
Session FOL/FOL
Session Misc/Tools
Session HOL/HOL (main)
Session Unsorted/Explorer
Session HOL/HOL-Library (main timing)
Session HOL/HOL-Combinatorics (main timing)
Session HOL/HOL-Computational_Algebra (main timing)
Session HOL/HOL-Analysis (main timing)
Session HOL/HOL-Eisbach
Session AFP/Optics (AFP)
Session Unsorted/Z_Toolkit
Session Unsorted/Shallow-Expressions
Session Unsorted/Abstract_Prog_Syntax
Session Unsorted/Shallow-Expressions-Z
Session Unsorted/Interaction_Trees
Session Unsorted/ITree_Simulation
Session Unsorted/ITree_UTP
Session Unsorted/ITree_VCG
Session Unsorted/Z_Machines
Session Unsorted/LreController_Check
Running LreController_Check ...
LreController_Check: theory LreController_Check.LreController_Beh
Timing LreController_Check (8 threads, 72.221s elapsed time, 111.242s cpu time, 11.829s GC time, factor 1.54)
Finished LreController_Check (0:01:16 elapsed time, 0:01:56 cpu time, factor 1.53)

Finished at Mon Aug 31 03:46:18 GMT 2026
0:01:35 elapsed time, 0:01:56 cpu time, factor 1.22
