Started at Mon Aug 31 05:07:17 GMT 2026 (polyml-5.9_x86_64_32-linux on 876fe7ac963f)
ISABELLE_TOOL_JAVA_OPTIONS="-Djava.awt.headless=true -Xms512m -Xmx4g -Xss16m"
ISABELLE_BUILD_OPTIONS=""

ML_PLATFORM="x86_64_32-linux"
ML_HOME="/opt/isabelle/contrib/polyml-219e0a248f70/x86_64_32-linux"
ML_SYSTEM="polyml-5.9"
ML_OPTIONS="--minheap 500"

Session Pure/Pure
Session FOL/FOL
Session Misc/Tools
Session HOL/HOL (main)
Session Unsorted/Explorer
Session HOL/HOL-Library (main timing)
Session HOL/HOL-Combinatorics (main timing)
Session HOL/HOL-Computational_Algebra (main timing)
Session HOL/HOL-Analysis (main timing)
Session HOL/HOL-Eisbach
Session AFP/Optics (AFP)
Session Unsorted/Z_Toolkit
Session Unsorted/Shallow-Expressions
Session Unsorted/Abstract_Prog_Syntax
Session Unsorted/Shallow-Expressions-Z
Session Unsorted/Interaction_Trees
Session Unsorted/ITree_Simulation
Session Unsorted/ITree_UTP
Session Unsorted/ITree_VCG
Session Unsorted/Z_Machines
Session Unsorted/SRangerController_Check
Running SRangerController_Check ...
SRangerController_Check: theory SRangerController_Check.SRangerController_Beh
Timing SRangerController_Check (8 threads, 23.512s elapsed time, 31.890s cpu time, 3.902s GC time, factor 1.36)
Finished SRangerController_Check (0:00:26 elapsed time, 0:00:34 cpu time, factor 1.33)

Finished at Mon Aug 31 05:07:55 GMT 2026
0:00:37 elapsed time, 0:00:34 cpu time, factor 0.92
