Started at Mon Sep 28 04:33:27 GMT 2026 (polyml-5.9_x86_64_32-linux on 65ecda97986e)
ISABELLE_TOOL_JAVA_OPTIONS="-Djava.awt.headless=true -Xms512m -Xmx4g -Xss16m"
ISABELLE_BUILD_OPTIONS=""

ML_PLATFORM="x86_64_32-linux"
ML_HOME="/opt/isabelle/contrib/polyml-219e0a248f70/x86_64_32-linux"
ML_SYSTEM="polyml-5.9"
ML_OPTIONS="--minheap 500"

Session Pure/Pure
Session FOL/FOL
Session Misc/Tools
Session HOL/HOL (main)
Session Unsorted/Explorer
Session HOL/HOL-Library (main timing)
Session HOL/HOL-Combinatorics (main timing)
Session HOL/HOL-Computational_Algebra (main timing)
Session HOL/HOL-Analysis (main timing)
Session HOL/HOL-Eisbach
Session AFP/Optics (AFP)
Session Unsorted/Z_Toolkit
Session Unsorted/Shallow-Expressions
Session Unsorted/Abstract_Prog_Syntax
Session Unsorted/Shallow-Expressions-Z
Session Unsorted/Interaction_Trees
Session Unsorted/ITree_Simulation
Session Unsorted/ITree_UTP
Session Unsorted/ITree_VCG
Session Unsorted/Z_Machines
Session Unsorted/BoilerController_Skeleton_Check
Running BoilerController_Skeleton_Check ...
BoilerController_Skeleton_Check: theory BoilerController_Skeleton_Check.BoilerController_Beh_Skeleton
Timing BoilerController_Skeleton_Check (8 threads, 765.878s elapsed time, 1583.976s cpu time, 355.292s GC time, factor 2.07)
Finished BoilerController_Skeleton_Check (0:12:49 elapsed time, 0:26:33 cpu time, factor 2.07)

Finished at Mon Sep 28 04:46:27 GMT 2026
0:13:00 elapsed time, 0:26:33 cpu time, factor 2.04
