Started at Mon Sep 28 04:52:13 GMT 2026 (polyml-5.9_x86_64_32-linux on 02839f8c8816)
ISABELLE_TOOL_JAVA_OPTIONS="-Djava.awt.headless=true -Xms512m -Xmx4g -Xss16m"
ISABELLE_BUILD_OPTIONS=""

ML_PLATFORM="x86_64_32-linux"
ML_HOME="/opt/isabelle/contrib/polyml-219e0a248f70/x86_64_32-linux"
ML_SYSTEM="polyml-5.9"
ML_OPTIONS="--minheap 500"

Session Pure/Pure
Session FOL/FOL
Session Misc/Tools
Session HOL/HOL (main)
Session Unsorted/Explorer
Session HOL/HOL-Library (main timing)
Session HOL/HOL-Combinatorics (main timing)
Session HOL/HOL-Computational_Algebra (main timing)
Session HOL/HOL-Analysis (main timing)
Session HOL/HOL-Eisbach
Session AFP/Optics (AFP)
Session Unsorted/Z_Toolkit
Session Unsorted/Shallow-Expressions
Session Unsorted/Abstract_Prog_Syntax
Session Unsorted/Shallow-Expressions-Z
Session Unsorted/Interaction_Trees
Session Unsorted/ITree_Simulation
Session Unsorted/ITree_UTP
Session Unsorted/ITree_VCG
Session Unsorted/Z_Machines
Session Unsorted/BoilerController_DlfOnly_Check
Running BoilerController_DlfOnly_Check ...
BoilerController_DlfOnly_Check: theory BoilerController_DlfOnly_Check.BoilerController_Beh_DlfOnly
BoilerController_DlfOnly_Check FAILED (see also "isabelle build_log -H Error BoilerController_DlfOnly_Check")
...
***          DEGRADEDToEMERGENCY_STOP_2,
***         zop_event dEGRADEDToRESCUE DEGRADEDToRESCUE_type
***          DEGRADEDToRESCUE_pre dEGRADEDToRESCUE_Out DEGRADEDToRESCUE,
***         zop_event dEGRADEDToNORMAL DEGRADEDToNORMAL_type
***          DEGRADEDToNORMAL_pre dEGRADEDToNORMAL_Out DEGRADEDToNORMAL,
***         zop_event dEGRADEDToDEGRADED DEGRADEDToDEGRADED_type
***          DEGRADEDToDEGRADED_pre dEGRADEDToDEGRADED_Out DEGRADEDToDEGRADED,
***         zop_event dEGRADEDToDEGRADED_1 DEGRADEDToDEGRADED_1_type
***          DEGRADEDToDEGRADED_1_pre dEGRADEDToDEGRADED_1_Out
***          DEGRADEDToDEGRADED_1,
***         zop_event dEGRADEDToDEGRADED_2 DEGRADEDToDEGRADED_2_type
***          DEGRADEDToDEGRADED_2_pre dEGRADEDToDEGRADED_2_Out
***          DEGRADEDToDEGRADED_2,
***         zop_event rESCUEToEMERGENCY_STOP RESCUEToEMERGENCY_STOP_type
***          RESCUEToEMERGENCY_STOP_pre rESCUEToEMERGENCY_STOP_Out
***          RESCUEToEMERGENCY_STOP,
***         zop_event rESCUEToEMERGENCY_STOP_1 RESCUEToEMERGENCY_STOP_1_type
***          RESCUEToEMERGENCY_STOP_1_pre rESCUEToEMERGENCY_STOP_1_Out
***          RESCUEToEMERGENCY_STOP_1,
***         zop_event rESCUEToEMERGENCY_STOP_2 RESCUEToEMERGENCY_STOP_2_type
***          RESCUEToEMERGENCY_STOP_2_pre rESCUEToEMERGENCY_STOP_2_Out
***          RESCUEToEMERGENCY_STOP_2,
***         zop_event rESCUEToEMERGENCY_STOP_3 RESCUEToEMERGENCY_STOP_3_type
***          RESCUEToEMERGENCY_STOP_3_pre rESCUEToEMERGENCY_STOP_3_Out
***          RESCUEToEMERGENCY_STOP_3,
***         zop_event rESCUEToEMERGENCY_STOP_4 RESCUEToEMERGENCY_STOP_4_type
***          RESCUEToEMERGENCY_STOP_4_pre rESCUEToEMERGENCY_STOP_4_Out
***          RESCUEToEMERGENCY_STOP_4,
***         zop_event rESCUEToNORMAL RESCUEToNORMAL_type RESCUEToNORMAL_pre
***          rESCUEToNORMAL_Out RESCUEToNORMAL,
***         zop_event rESCUEToDEGRADED RESCUEToDEGRADED_type
***          RESCUEToDEGRADED_pre rESCUEToDEGRADED_Out RESCUEToDEGRADED,
***         zop_event rESCUEToRESCUE RESCUEToRESCUE_type RESCUEToRESCUE_pre
***          rESCUEToRESCUE_Out RESCUEToRESCUE,
***         zop_event rESCUEToRESCUE_1 RESCUEToRESCUE_1_type
***          RESCUEToRESCUE_1_pre rESCUEToRESCUE_1_Out RESCUEToRESCUE_1,
***         zop_event rESCUEToRESCUE_2 RESCUEToRESCUE_2_type
***          RESCUEToRESCUE_2_pre rESCUEToRESCUE_2_Out RESCUEToRESCUE_2]
***        (λ𝗌. False))
*** At command "apply" (line 1491 of "/tmp/sb-isa/arm0/DlfOnly/BoilerController_Beh_DlfOnly.thy")
Unfinished session(s): BoilerController_DlfOnly_Check

Finished at Mon Sep 28 05:04:45 GMT 2026
0:12:32 elapsed time, 0:23:05 cpu time, factor 1.84
