Started at Mon Sep 28 06:54:41 GMT 2026 (polyml-5.9_x86_64_32-linux on 103aa7c37480)
ISABELLE_TOOL_JAVA_OPTIONS="-Djava.awt.headless=true -Xms512m -Xmx4g -Xss16m"
ISABELLE_BUILD_OPTIONS=""

ML_PLATFORM="x86_64_32-linux"
ML_HOME="/opt/isabelle/contrib/polyml-219e0a248f70/x86_64_32-linux"
ML_SYSTEM="polyml-5.9"
ML_OPTIONS="--minheap 500"

Session Pure/Pure
Session FOL/FOL
Session Misc/Tools
Session HOL/HOL (main)
Session Unsorted/Explorer
Session HOL/HOL-Library (main timing)
Session HOL/HOL-Combinatorics (main timing)
Session HOL/HOL-Computational_Algebra (main timing)
Session HOL/HOL-Analysis (main timing)
Session HOL/HOL-Eisbach
Session AFP/Optics (AFP)
Session Unsorted/Z_Toolkit
Session Unsorted/Shallow-Expressions
Session Unsorted/Abstract_Prog_Syntax
Session Unsorted/Shallow-Expressions-Z
Session Unsorted/Interaction_Trees
Session Unsorted/ITree_Simulation
Session Unsorted/ITree_UTP
Session Unsorted/ITree_VCG
Session Unsorted/Z_Machines
Session Unsorted/BoilerController_V1_Script_Check
Running BoilerController_V1_Script_Check ...
BoilerController_V1_Script_Check: theory BoilerController_V1_Script_Check.BoilerController_Beh_V1_Script
*** Timeout
BoilerController_V1_Script_Check FAILED (see also "isabelle build_log -H Error BoilerController_V1_Script_Check")
*** Interrupt
Unfinished session(s): BoilerController_V1_Script_Check

Finished at Mon Sep 28 07:24:55 GMT 2026
0:30:13 elapsed time, 0:45:21 cpu time, factor 1.50
