Found 12000 processes including 575 names
Found 20000 processes including 604 names
Found 30000 processes including 605 names
Found 34000 processes including 605 names
Found 36000 processes including 605 names
Found 37743 processes including 605 names
Visited 1000 processes and discovered 63 recursive names
Visited 2000 processes and discovered 74 recursive names
Visited 3000 processes and discovered 92 recursive names
Visited 4000 processes and discovered 92 recursive names
Visited 5000 processes and discovered 92 recursive names
Visited 6000 processes and discovered 92 recursive names
Visited 7000 processes and discovered 92 recursive names
Visited 8000 processes and discovered 92 recursive names
Visited 9000 processes and discovered 92 recursive names
Visited 10000 processes and discovered 92 recursive names
Visited 11000 processes and discovered 92 recursive names
Visited 12000 processes and discovered 92 recursive names
Visited 13000 processes and discovered 92 recursive names
Visited 14000 processes and discovered 106 recursive names
Visited 15000 processes and discovered 122 recursive names
Visited 16000 processes and discovered 136 recursive names
Visited 17000 processes and discovered 152 recursive names
Visited 18000 processes and discovered 169 recursive names
Visited 19000 processes and discovered 185 recursive names
Visited 20000 processes and discovered 199 recursive names
Visited 21000 processes and discovered 215 recursive names
Visited 22000 processes and discovered 232 recursive names
Visited 23000 processes and discovered 248 recursive names
Visited 24000 processes and discovered 263 recursive names
Visited 25000 processes and discovered 278 recursive names
Visited 26000 processes and discovered 295 recursive names
Visited 27000 processes and discovered 311 recursive names
Visited 28000 processes and discovered 326 recursive names
Visited 29000 processes and discovered 341 recursive names
Visited 30000 processes and discovered 358 recursive names
Visited 31000 processes and discovered 374 recursive names
Visited 32000 processes and discovered 389 recursive names
Visited 33000 processes and discovered 404 recursive names
Visited 34000 processes and discovered 422 recursive names
Visited 35000 processes and discovered 480 recursive names
Visited 36000 processes and discovered 504 recursive names
Visited 37000 processes and discovered 535 recursive names
Visited 37138 processes and discovered 539 recursive names
Constructed 0 states with 2 transitions
Constructed 3 states with 3 transitions
Constructed 0 states with 1 transitions
Constructed 3 states with 2 transitions
Constructed 0 states with 2 transitions
Constructed 3 states with 3 transitions
Constructed 0 states with 1 transitions
Constructed 0 states with 2 transitions
Constructed 1 of 66 machines
Constructed 0 states with 1 transitions
Constructed 0 states with 3 transitions
Constructed 0 states with 3 transitions
Constructed 3 states with 4 transitions
Constructed 3 states with 2 transitions
Constructed 2 of 66 machines
Constructed 2 states with 1 transitions
Constructed 3 of 66 machines
Constructed 4 of 66 machines
Constructed 3 states with 3 transitions
Constructed 5 of 69 machines
Constructed 3 states with 4 transitions
Constructed 6 of 71 machines
Constructed 0 states with 1 transitions
Constructed 3 states with 2 transitions
Constructed 7 of 71 machines
Constructed 8 of 71 machines
Constructed 9 of 71 machines
Constructed 0 states with 1 transitions
Constructed 2 states with 2 transitions
Constructed 10 of 208 machines
Constructed 0 states with 23 transitions
Constructed 5 states with 48 transitions
Constructed 0 states with 1 transitions
Constructed 3 states with 2 transitions
Constructed 11 of 209 machines
Constructed 0 states with 3 transitions
Constructed 12 of 209 machines
Constructed 0 states with 1 transitions
Constructed 3 states with 4 transitions
Constructed 3 states with 2 transitions
Constructed 0 states with 3 transitions
Constructed 3 states with 4 transitions
Constructed 13 of 209 machines
Constructed 0 states with 2 transitions
Constructed 3 states with 3 transitions
Constructed 14 of 209 machines
Constructed 15 of 209 machines
Constructed 16 of 209 machines
Reduced 3 states to 3 equivalence classes
Constructed 17 of 209 machines
Reduced 3 states to 3 equivalence classes
Constructed 18 of 209 machines
Constructed 0 states with 3 transitions
Constructed 0 states with 23 transitions
Reduced 3 states to 3 equivalence classes
Constructed 5 states with 48 transitions
Constructed 19 of 209 machines
Constructed 20 of 209 machines
Constructed 3 states with 4 transitions
Constructed 0 states with 1 transitions
Constructed 0 states with 4 transitions
Constructed 21 of 209 machines
Constructed 4 states with 9 transitions
Constructed 22 of 213 machines
Reduced 3 states to 3 equivalence classes
Constructed 0 states with 2 transitions
Constructed 23 of 213 machines
Constructed 0 states with 6 transitions
Constructed 3 states with 3 transitions
Constructed 4 states with 13 transitions
Constructed 24 of 220 machines
Reduced 3 states to 3 equivalence classes
Constructed 25 of 220 machines
Constructed 57 states with 209 transitions
Constructed 26 of 227 machines
Constructed 27 of 227 machines
Constructed 0 states with 6 transitions
Constructed 0 states with 1 transitions
Constructed 4 states with 13 transitions
Constructed 0 states with 3 transitions
Constructed 0 states with 10 transitions
Constructed 6 states with 11 transitions
Constructed 28 of 228 machines
Constructed 0 states with 29 transitions
Reduced 2 states to 2 equivalence classes
Constructed 0 states with 2 transitions
Constructed 4 states with 4 transitions
Constructed 6 states with 41 transitions
Constructed 0 states with 44 transitions
Constructed 3 states with 2 transitions
Reduced 3 states to 3 equivalence classes
Constructed 29 of 228 machines
Constructed 0 states with 2 transitions
Reduced 3 states to 3 equivalence classes
Constructed 30 of 228 machines
Reduced 3 states to 3 equivalence classes
Constructed 23 states with 925 transitions
Constructed 31 of 228 machines
Constructed 0 states with 2 transitions
Constructed 3 states with 3 transitions
Constructed 32 of 228 machines
Constructed 3 states with 3 transitions
Constructed 0 states with 3 transitions
Constructed 33 of 228 machines
Constructed 0 states with 1 transitions
Constructed 3 states with 2 transitions
Constructed 34 of 228 machines
Constructed 3 states with 4 transitions
Constructed 0 states with 2 transitions
Constructed 3 states with 3 transitions
Constructed 35 of 228 machines
Constructed 0 states with 3 transitions
Constructed 36 of 228 machines
Constructed 3 states with 4 transitions
Constructed 37 of 229 machines
Constructed 0 states with 1 transitions
Constructed 3 states with 2 transitions
Constructed 38 of 232 machines
Constructed 39 of 232 machines
Constructed 40 of 232 machines
Constructed 0 states with 3 transitions
Constructed 3 states with 4 transitions
Reduced 3 states to 3 equivalence classes
Constructed 41 of 232 machines
Reduced 2 states to 2 equivalence classes
Constructed 0 states with 5 transitions
Constructed 7 states with 10 transitions
Constructed 42 of 232 machines
Reduced 3 states to 3 equivalence classes
Reduced 3 states to 3 equivalence classes
Constructed 43 of 232 machines
Constructed 44 of 232 machines
Reduced 3 states to 3 equivalence classes
Reduced 3 states to 3 equivalence classes
Constructed 45 of 232 machines
Constructed 46 of 232 machines
Constructed 47 of 232 machines
Constructed 48 of 232 machines
Constructed 49 of 233 machines
Constructed 50 of 233 machines
Constructed 51 of 235 machines
Constructed 52 of 235 machines
Constructed 4 equivalence classes
Constructed 4 equivalence classes
Reduced 5 states to 4 equivalence classes
Constructed 53 of 378 machines
Visited 334 processes generating 378 machines
Constructed 0 states with 1 transitions
Reduced 4 states to 4 equivalence classes
Constructed 3 states with 2 transitions
Constructed 4 equivalence classes
Constructed 4 equivalence classes
Reduced 5 states to 4 equivalence classes
Reduced 4 states to 4 equivalence classes
Reduced 3 states to 3 equivalence classes
Reduced 3 states to 3 equivalence classes
Constructed 54 of 379 machines
Constructed 42 equivalence classes
Constructed 0 states with 3 transitions
Constructed 0 states with 1 transitions
Constructed 55 of 379 machines
Constructed 48 equivalence classes
Constructed 56 of 379 machines
Constructed 3 states with 2 transitions
Constructed 57 of 379 machines
Constructed 3 states with 4 transitions
Reduced 4 states to 4 equivalence classes
Constructed 54 equivalence classes
Constructed 1000 states with 6993 transitions
Constructed 58 of 379 machines
Constructed 55 equivalence classes
Constructed 56 equivalence classes
Constructed 56 equivalence classes
Reduced 57 states to 56 equivalence classes
Constructed 59 of 379 machines
Constructed 60 of 379 machines
Reduced 4 states to 4 equivalence classes
Reduced 6 states to 6 equivalence classes
Reduced 23 states to 23 equivalence classes
Reduced 3 states to 3 equivalence classes
Constructed 61 of 379 machines
Reduced 3 states to 3 equivalence classes
Constructed 62 of 379 machines
Constructed 63 of 379 machines
Reduced 3 states to 3 equivalence classes
Constructed 64 of 379 machines
Constructed 0 states with 3 transitions
Constructed 3 states with 4 transitions
Constructed 65 of 379 machines
Reduced 3 states to 3 equivalence classes
Reduced 3 states to 3 equivalence classes
Constructed 66 of 379 machines
Reduced 3 states to 3 equivalence classes
Constructed 67 of 379 machines
Constructed 68 of 379 machines
Constructed 69 of 379 machines
Constructed 70 of 379 machines
Constructed 71 of 379 machines
Constructed 72 of 379 machines
Reduced 3 states to 3 equivalence classes
Reduced 3 states to 3 equivalence classes
Constructed 73 of 379 machines
Constructed 74 of 379 machines
Constructed 75 of 379 machines
Constructed 76 of 379 machines
Reduced 7 states to 7 equivalence classes
Constructed 77 of 379 machines
Constructed 0 states with 1 transitions
Reduced 3 states to 3 equivalence classes
Constructed 3 states with 2 transitions
Constructed 78 of 379 machines
Constructed 79 of 379 machines
Constructed 0 states with 2 transitions
Constructed 3 states with 3 transitions
Constructed 80 of 379 machines
Constructed 0 states with 3 transitions
Constructed 81 of 379 machines
Constructed 3 states with 4 transitions
Constructed 0 states with 1 transitions
Constructed 82 of 379 machines
Constructed 3 states with 2 transitions
Constructed 83 of 379 machines
Constructed 0 states with 1 transitions
Constructed 3 states with 2 transitions
Constructed 0 states with 3 transitions
Constructed 3 states with 4 transitions
Constructed 0 states with 3 transitions
Constructed 84 of 379 machines
Constructed 0 states with 3 transitions
Constructed 85 of 379 machines
Constructed 8 states with 16 transitions
Constructed 86 of 379 machines
Constructed 2000 states with 11409 transitions
Constructed 3 states with 4 transitions
Constructed 87 of 379 machines
Constructed 0 states with 1 transitions
Constructed 88 of 379 machines
Constructed 89 of 379 machines
Constructed 0 states with 4 transitions
Constructed 42 states with 108 transitions
Constructed 4 states with 9 transitions
Constructed 0 states with 2 transitions
Constructed 3 states with 3 transitions
Constructed 0 states with 6 transitions
Constructed 0 states with 6 transitions
Constructed 0 states with 8 transitions
Constructed 0 states with 3 transitions
Constructed 90 of 379 machines
Constructed 4 states with 13 transitions
Constructed 91 of 379 machines
Constructed 5 states with 25 transitions
Constructed 3000 states with 12409 transitions
Constructed 0 states with 11 transitions
Constructed 92 of 379 machines
Constructed 4 states with 13 transitions
Constructed 93 of 379 machines
Constructed 6 states with 11 transitions
Constructed 0 states with 10 transitions
Constructed 94 of 379 machines
Reduced 3 states to 3 equivalence classes
Constructed 6 states with 41 transitions
Constructed 95 of 379 machines
Constructed 96 of 379 machines
Reduced 3 states to 3 equivalence classes
Reduced 3 states to 3 equivalence classes
Constructed 4000 states with 13409 transitions
Constructed 97 of 379 machines
Constructed 576 states with 1056 transitions
Constructed 98 of 379 machines
Reduced 3 states to 3 equivalence classes
Constructed 99 of 379 machines
Constructed 100 of 379 machines
Constructed 101 of 379 machines
Constructed 102 of 379 machines
Constructed 0 states with 1 transitions
Constructing high-level wrapper
Constructed 0 states with 1 transitions
Constructing high-level wrapper
Constructed 103 of 379 machines
Constructed 104 of 379 machines
Constructed 105 of 379 machines
Constructed 106 of 379 machines
Constructed 107 of 379 machines
Constructed 108 of 379 machines
Constructed 5000 states with 14409 transitions
Reduced 3 states to 3 equivalence classes
Constructed 109 of 379 machines
Constructed 110 of 379 machines
Reduced 3 states to 3 equivalence classes
Reduced 3 states to 3 equivalence classes
Constructed 111 of 379 machines
Constructed 0 states with 1 transitions
Constructing high-level wrapper
Constructed 0 states with 1 transitions
Constructing high-level wrapper
Constructed 112 of 379 machines
Constructed 113 of 379 machines
Constructed 114 of 379 machines
Constructed 6000 states with 15409 transitions
Reduced 3 states to 3 equivalence classes
Reduced 3 states to 3 equivalence classes
Constructed 7 equivalence classes
Reduced 3 states to 3 equivalence classes
Constructed 0 states with 1 transitions
Constructing high-level wrapper
Constructed 7 equivalence classes
Constructed 115 of 379 machines
Reduced 8 states to 7 equivalence classes
Constructed 116 of 379 machines
Reduced 4 states to 4 equivalence classes
Reduced 3 states to 3 equivalence classes
Constructed 117 of 379 machines
Reduced 5 states to 5 equivalence classes
Constructed 118 of 379 machines
Constructed 23 equivalence classes
Constructed 30 equivalence classes
Constructed 119 of 379 machines
Constructed 37 equivalence classes
Constructed 41 equivalence classes
Constructed 41 equivalence classes
Reduced 4 states to 4 equivalence classes
Reduced 42 states to 41 equivalence classes
Constructed 120 of 379 machines
Constructed 121 of 379 machines
Reduced 4 states to 4 equivalence classes
Constructed 122 of 379 machines
Constructed 123 of 379 machines
Reduced 3 states to 3 equivalence classes
Constructed 7000 states with 16409 transitions
Constructed 124 of 379 machines
Constructed 125 of 379 machines
Reduced 6 states to 6 equivalence classes
Constructed 126 of 379 machines
Constructed 127 of 379 machines
Constructed 128 of 379 machines
Constructed 129 of 379 machines
Constructed 130 of 379 machines
Constructed 8000 states with 17409 transitions
Constructed 131 of 379 machines
Constructed 132 of 379 machines
Constructed 0 states with 1 transitions
Constructing high-level wrapper
Constructed 133 of 379 machines
Constructed 9000 states with 18409 transitions
Constructed 134 of 379 machines
Constructed 0 states with 1 transitions
Constructed 135 of 379 machines
Constructed 136 of 379 machines
Constructing high-level wrapper
Constructed 0 states with 1 transitions
Constructing high-level wrapper
Constructed 137 of 379 machines
Constructed 138 of 379 machines
Constructed 139 of 379 machines
Constructed 10000 states with 19409 transitions
Constructed 140 of 379 machines
Constructed 10080 states with 19488 transitions
Constructed 141 of 379 machines
Constructed 142 of 379 machines
Constructed 143 of 379 machines
Constructed 0 states with 1 transitions
Constructing high-level wrapper
Constructed 0 states with 1 transitions
Constructing high-level wrapper
Constructed 144 of 379 machines
Constructed 145 of 379 machines
Constructed 146 of 379 machines
Constructed 147 of 379 machines
Constructed 148 of 379 machines
Constructed 149 of 379 machines
Constructed 0 states with 1 transitions
Constructing high-level wrapper
Constructed 150 of 379 machines
Constructed 151 of 379 machines
Constructed 152 of 379 machines
Constructed 153 of 379 machines
Constructed 0 states with 1 transitions
Constructing high-level wrapper
Constructed 154 of 379 machines
Constructed 155 of 379 machines
Constructed 0 states with 1 transitions
Constructing high-level wrapper
Constructed 156 of 379 machines
Constructed 157 of 379 machines
Constructed 158 of 379 machines
Constructed 159 of 379 machines
Constructed 160 of 379 machines
Constructed 161 of 379 machines
Constructed 162 of 379 machines
Constructed 163 of 379 machines
Constructed 164 of 379 machines
Constructed 165 of 379 machines
Constructed 166 of 379 machines
Constructed 167 of 379 machines
Constructed 168 of 379 machines
Constructed 169 of 379 machines
Constructed 170 of 383 machines
Constructed 171 of 383 machines
Constructed 172 of 383 machines
Constructed 173 of 383 machines
Reduced 6 states to 6 states
Constructed 4 equivalence classes
Constructed 4 equivalence classes
Reduced 6 states to 4 equivalence classes
Constructed 174 of 383 machines
Constructed 175 of 383 machines
Constructed 176 of 383 machines
Constructed 177 of 383 machines
Constructed 178 of 383 machines
Constructed 179 of 383 machines
Constructed 180 of 383 machines
Constructed 181 of 383 machines
Constructed 182 of 383 machines
Constructed 183 of 383 machines
Constructed 184 of 383 machines
Constructed 185 of 383 machines
Constructed 186 of 383 machines
Constructed 187 of 383 machines
Constructed 188 of 383 machines
Constructed 189 of 383 machines
Constructed 190 of 383 machines
Constructed 191 of 383 machines
Constructed 192 of 383 machines
Constructed 193 of 383 machines
Constructed 194 of 383 machines
Constructed 195 of 383 machines
Constructed 0 formats
Constructed 196 of 383 machines
Constructed 4 formats
Constructed 197 of 383 machines
Constructed 198 of 383 machines
Constructed 0 formats
Constructed 4 formats
Constructed 199 of 383 machines
Constructed 200 of 383 machines
Constructed 1000 states
Constructed 201 of 387 machines
Constructed 2000 states
Constructed 202 of 387 machines
Constructed 0 formats
Constructed 203 of 387 machines
Constructed 0 formats
Constructed 4 formats
Constructed 204 of 387 machines
Constructed 4 formats
Constructed 205 of 387 machines
Constructed 206 of 387 machines
Constructed 3000 states
Constructed 0 formats
Constructed 4 formats
Constructed 207 of 387 machines
Constructed 208 of 387 machines
Constructed 209 of 387 machines
Constructed 210 of 387 machines
Constructed 211 of 387 machines
Constructed 212 of 387 machines
Constructed 213 of 387 machines
Constructed 214 of 387 machines
Constructed 215 of 387 machines
Constructed 4000 states
Constructed 216 of 387 machines
Constructed 217 of 387 machines
Constructed 0 formats
Constructed 5000 states
Constructed 4 formats
Constructed 218 of 387 machines
Constructed 219 of 387 machines
Constructed 220 of 387 machines
Constructed 221 of 387 machines
Constructed 0 formats
Constructed 4 formats
Constructed 0 formats
Constructed 6000 states
Constructed 4 formats
Constructed 222 of 387 machines
Constructed 0 formats
Constructed 4 formats
Constructed 223 of 387 machines
Constructed 224 of 387 machines
Constructed 0 formats
Constructed 4 formats
Constructed 0 formats
Constructed 4 formats
Constructed 225 of 396 machines
Constructed 226 of 396 machines
Constructed 0 formats
Constructed 227 of 396 machines
Constructed 4 formats
Constructed 228 of 405 machines
Constructed 7000 states
Constructed 229 of 405 machines
Constructed 230 of 405 machines
Constructed 231 of 414 machines
Constructed 232 of 414 machines
Constructed 233 of 414 machines
Constructed 234 of 414 machines
Constructed 0 formats
Constructed 235 of 414 machines
Constructed 4 formats
Constructed 236 of 414 machines
Constructed 237 of 414 machines
Constructed 238 of 414 machines
Constructed 239 of 423 machines
Constructed 240 of 423 machines
Constructed 8000 states
Constructed 241 of 423 machines
Constructed 242 of 423 machines
Constructed 243 of 423 machines
Constructed 244 of 423 machines
Constructed 245 of 423 machines
Constructed 246 of 430 machines
Constructed 247 of 430 machines
Constructed 248 of 430 machines
Constructed 249 of 431 machines
Constructed 250 of 431 machines
Constructed 251 of 432 machines
Constructed 252 of 432 machines
Constructed 253 of 432 machines
Constructed 254 of 432 machines
Constructed 9000 states
Constructed 255 of 432 machines
Constructed 256 of 432 machines
Constructed 257 of 432 machines
Constructed 258 of 432 machines
Constructed 259 of 432 machines
Constructed 260 of 432 machines
Constructed 261 of 432 machines
Constructed 262 of 432 machines
Constructed 263 of 432 machines
Constructed 264 of 432 machines
Constructed 265 of 432 machines
Constructed 266 of 432 machines
Constructed 267 of 432 machines
Constructed 268 of 432 machines
Constructed 269 of 432 machines
Constructed 270 of 441 machines
Constructed 271 of 441 machines
Constructed 272 of 441 machines
Constructed 273 of 441 machines
Constructed 274 of 441 machines
Constructed 10000 states
Constructed 275 of 445 machines
Constructed 276 of 445 machines
Constructed 277 of 445 machines
Reduced 10080 states to 10080 states
Constructed 278 of 447 machines
Constructed 279 of 448 machines
Constructed 280 of 448 machines
Constructed 281 of 448 machines
Constructed 282 of 448 machines
Constructed 283 of 448 machines
Constructed 284 of 448 machines
Constructed 285 of 449 machines
Constructed 286 of 450 machines
Constructed 287 of 460 machines
Constructed 288 of 477 machines
Constructed 289 of 477 machines
Constructed 290 of 477 machines
Constructed 291 of 477 machines
Constructed 292 of 477 machines
Constructed 293 of 477 machines
Constructed 294 of 477 machines
Constructed 295 of 477 machines
Constructed 296 of 477 machines
Constructed 297 of 477 machines
Constructed 298 of 477 machines
Constructed 299 of 477 machines
Constructed 300 of 477 machines
Constructed 301 of 495 machines
Constructed 302 of 495 machines
Constructed 303 of 495 machines
Constructed 304 of 504 machines
Constructed 305 of 504 machines
Constructed 306 of 504 machines
Enumerated to 50 states and 1297 transitions
Constructed 307 of 504 machines
Constructed 308 of 504 machines
Constructed 309 of 504 machines
Constructed 310 of 504 machines
Constructed 311 of 504 machines
Constructed 312 of 504 machines
Constructed 313 of 504 machines
Constructed 314 of 504 machines
Constructed 315 of 504 machines
Constructed 316 of 504 machines
Constructed 317 of 504 machines
Constructed 318 of 504 machines
Constructed 319 of 504 machines
Constructed 320 of 504 machines
Constructed 321 of 504 machines
Constructed 322 of 504 machines
Constructed 323 of 504 machines
Constructed 324 of 504 machines
Constructed 325 of 504 machines
Constructed 326 of 504 machines
Constructed 327 of 504 machines
Constructed 328 of 504 machines
Constructed 329 of 504 machines
Constructed 330 of 504 machines
Constructed 331 of 504 machines
Constructed 332 of 504 machines
Constructed 333 of 504 machines
Constructed 334 of 504 machines
Constructed 335 of 504 machines
Constructed 336 of 504 machines
Constructed 337 of 504 machines
Constructed 338 of 504 machines
Constructed 339 of 504 machines
Constructed 340 of 504 machines
Constructed 341 of 504 machines
Constructed 342 of 504 machines
Constructed 343 of 504 machines
Constructed 344 of 504 machines
Constructed 345 of 504 machines
Constructed 346 of 504 machines
Constructed 347 of 504 machines
Constructed 348 of 504 machines
Constructed 349 of 504 machines
Constructed 350 of 504 machines
Constructed 351 of 504 machines
Constructed 352 of 504 machines
Constructed 353 of 504 machines
Constructed 354 of 504 machines
Constructed 355 of 504 machines
Constructed 356 of 504 machines
Constructed 357 of 504 machines
Constructed 358 of 504 machines
Constructed 359 of 504 machines
Constructed 360 of 504 machines
Constructed 361 of 504 machines
Constructed 362 of 504 machines
Enumerated to 338 states and 21169 transitions
Constructed 30 equivalence classes
Constructed 30 equivalence classes
Reduced 10080 states to 30 equivalence classes
Enumerated to 20 states and 30 transitions
Constructed 363 of 504 machines
Enumerated to 22 states and 34 transitions
Enumerated to 23 states and 76 transitions
Enumerated to 22 states and 34 transitions
Enumerated to 20 states and 30 transitions
Reduced 6 states to 6 states
Constructed 4 equivalence classes
Constructed 4 equivalence classes
Reduced 6 states to 4 equivalence classes
Constructed 364 of 504 machines
Enumerated to 26 states and 44 transitions
Reduced 576 states to 576 states
Constructed 12 equivalence classes
Constructed 12 equivalence classes
Reduced 576 states to 12 equivalence classes
Constructed 365 of 504 machines
Reduced 2 states to 2 states
Reduced 2 states to 2 equivalence classes
Constructed 366 of 504 machines
Reduced 50 states to 50 states
Reduced 50 states to 50 equivalence classes
Constructed 367 of 504 machines
Reduced 338 states to 338 states
Reduced 20 states to 20 states
Constructed 7 equivalence classes
Constructed 7 equivalence classes
Reduced 20 states to 7 equivalence classes
Constructed 368 of 504 machines
Constructed 369 of 504 machines
Constructed 370 of 504 machines
Reduced 338 states to 338 equivalence classes
Constructed 371 of 504 machines
Enumerated to 22 states and 34 transitions
Enumerated to 23 states and 76 transitions
Reduced 22 states to 22 states
Constructed 8 equivalence classes
Constructed 8 equivalence classes
Reduced 22 states to 8 equivalence classes
Constructed 372 of 504 machines
Constructed 373 of 504 machines
Constructed 374 of 504 machines
Constructed 375 of 504 machines
Reduced 23 states to 23 states
Enumerated to 20 states and 30 transitions
Constructed 9 equivalence classes
Constructed 9 equivalence classes
Reduced 23 states to 9 equivalence classes
Constructed 376 of 504 machines
Constructed 377 of 504 machines
Reduced 22 states to 22 states
Constructed 8 equivalence classes
Constructed 8 equivalence classes
Reduced 22 states to 8 equivalence classes
Constructed 378 of 504 machines
Constructed 379 of 504 machines
Constructed 380 of 504 machines
Constructed 381 of 504 machines
Constructed 382 of 504 machines
Enumerated to 26 states and 44 transitions
Enumerated to 26 states and 44 transitions
Enumerated to 22 states and 34 transitions
Reduced 20 states to 20 states
Constructed 7 equivalence classes
Constructed 7 equivalence classes
Reduced 20 states to 7 equivalence classes
Enumerated to 23 states and 35 transitions
Constructed 383 of 504 machines
Constructed 384 of 504 machines
Reduced 26 states to 26 states
Constructed 12 equivalence classes
Constructed 12 equivalence classes
Reduced 26 states to 12 equivalence classes
Constructed 385 of 504 machines
Reduced 22 states to 22 states
Constructed 8 equivalence classes
Constructed 8 equivalence classes
Reduced 22 states to 8 equivalence classes
Constructed 386 of 504 machines
Reduced 23 states to 23 states
Constructed 9 equivalence classes
Constructed 9 equivalence classes
Reduced 23 states to 9 equivalence classes
Constructed 387 of 504 machines
Constructed 388 of 504 machines
Constructed 389 of 504 machines
Reduced 20 states to 20 states
Constructed 7 equivalence classes
Constructed 7 equivalence classes
Reduced 20 states to 7 equivalence classes
Constructed 390 of 504 machines
Constructed 391 of 504 machines
Constructed 392 of 504 machines
Constructed 393 of 504 machines
Constructed 394 of 504 machines
Reduced 26 states to 26 states
Constructed 12 equivalence classes
Constructed 12 equivalence classes
Reduced 26 states to 12 equivalence classes
Constructed 395 of 504 machines
Constructed 396 of 504 machines
Constructed 397 of 504 machines
Constructed 398 of 504 machines
Constructed 399 of 504 machines
Reduced 26 states to 26 states
Constructed 12 equivalence classes
Constructed 12 equivalence classes
Reduced 26 states to 12 equivalence classes
Constructed 400 of 504 machines
Constructed 401 of 504 machines
Constructed 402 of 504 machines
Constructed 403 of 504 machines
Constructed 404 of 504 machines
Constructed 405 of 504 machines
Constructed 406 of 504 machines
Reduced 22 states to 22 states
Constructed 407 of 504 machines
Constructed 8 equivalence classes
Constructed 8 equivalence classes
Reduced 22 states to 8 equivalence classes
Constructed 408 of 504 machines
Constructed 409 of 504 machines
Constructed 410 of 504 machines
Constructed 411 of 504 machines
Constructed 412 of 504 machines
Reduced 23 states to 23 states
Constructed 9 equivalence classes
Constructed 9 equivalence classes
Reduced 23 states to 9 equivalence classes
Constructed 413 of 504 machines
Constructed 414 of 504 machines
Constructed 415 of 510 machines
Constructed 416 of 510 machines
Constructed 417 of 510 machines
Constructed 418 of 512 machines
Constructed 419 of 512 machines
Constructed 420 of 512 machines
Constructed 421 of 512 machines
Constructed 422 of 512 machines
Constructed 423 of 512 machines
Constructed 424 of 512 machines
Constructed 425 of 512 machines
Constructed 426 of 512 machines
Constructed 427 of 512 machines
Constructed 428 of 512 machines
Constructed 429 of 512 machines
Enumerated to 119 states and 527 transitions
Constructed 430 of 512 machines
Constructed 431 of 512 machines
Constructed 432 of 512 machines
Reduced 119 states to 119 states
Constructed 433 of 512 machines
Constructed 56 equivalence classes
Constructed 68 equivalence classes
Constructed 74 equivalence classes
Constructed 75 equivalence classes
Constructed 75 equivalence classes
Reduced 119 states to 75 equivalence classes
Constructed 434 of 512 machines
Constructed 435 of 512 machines
Constructed 436 of 512 machines
Constructed 437 of 513 machines
Constructed 438 of 513 machines
Constructed 439 of 513 machines
Constructed 440 of 513 machines
Enumerated to 75 states and 339 transitions
Constructed 441 of 513 machines
Constructed 442 of 513 machines
Constructed 443 of 513 machines
Reduced 75 states to 75 states
Constructed 43 equivalence classes
Constructed 52 equivalence classes
Constructed 56 equivalence classes
Constructed 57 equivalence classes
Constructed 57 equivalence classes
Reduced 75 states to 57 equivalence classes
Constructed 444 of 513 machines
Constructed 445 of 513 machines
Constructed 446 of 513 machines
Constructed 447 of 515 machines
Constructed 448 of 515 machines
Constructed 449 of 515 machines
Constructed 450 of 515 machines
Constructed 451 of 526 machines
Constructed 452 of 526 machines
Constructed 453 of 526 machines
Constructed 454 of 526 machines
Constructed 455 of 526 machines
Constructed 456 of 526 machines
Constructed 457 of 526 machines
Constructed 458 of 526 machines
Constructed 459 of 526 machines
Constructed 460 of 526 machines
Enumerated to 57 states and 298 transitions
Constructed 42 equivalence classes
Constructed 51 equivalence classes
Constructed 56 equivalence classes
Constructed 57 equivalence classes
Reduced 57 states to 57 equivalence classes
Constructed 461 of 526 machines
Constructed 462 of 526 machines
Constructed 463 of 526 machines
Constructed 464 of 526 machines
Constructed 465 of 527 machines
Constructed 466 of 527 machines
Enumerated to 57 states and 298 transitions
Enumerated to 139 states and 360 transitions
Reduced 57 states to 57 states
Constructed 43 equivalence classes
Constructed 52 equivalence classes
Constructed 56 equivalence classes
Constructed 57 equivalence classes
Reduced 57 states to 57 equivalence classes
Constructed 467 of 527 machines
Constructed 468 of 527 machines
Constructed 469 of 527 machines
Constructed 470 of 527 machines
Constructed 471 of 527 machines
Reduced 139 states to 139 states
Constructed 70 equivalence classes
Constructed 90 equivalence classes
Constructed 98 equivalence classes
Constructed 102 equivalence classes
Constructed 103 equivalence classes
Constructed 104 equivalence classes
Constructed 105 equivalence classes
Constructed 105 equivalence classes
Constructed 472 of 527 machines
Reduced 139 states to 105 equivalence classes
Constructed 473 of 527 machines
Constructed 474 of 527 machines
Constructed 475 of 527 machines
Constructed 476 of 527 machines
Constructed 477 of 528 machines
Constructed 478 of 532 machines
Constructed 479 of 532 machines
Constructed 480 of 532 machines
Constructed 481 of 532 machines
Constructed 482 of 532 machines
Constructed 483 of 532 machines
Enumerated to 105 states and 299 transitions
Reduced 105 states to 105 states
Constructed 51 equivalence classes
Constructed 62 equivalence classes
Constructed 72 equivalence classes
Constructed 78 equivalence classes
Constructed 79 equivalence classes
Constructed 83 equivalence classes
Constructed 84 equivalence classes
Constructed 85 equivalence classes
Constructed 86 equivalence classes
Constructed 86 equivalence classes
Reduced 105 states to 86 equivalence classes
Constructed 484 of 532 machines
Constructed 485 of 532 machines
Constructed 486 of 534 machines
Constructed 487 of 534 machines
Constructed 488 of 534 machines
Enumerated to 86 states and 255 transitions
Constructed 52 equivalence classes
Constructed 62 equivalence classes
Constructed 72 equivalence classes
Constructed 78 equivalence classes
Constructed 79 equivalence classes
Constructed 83 equivalence classes
Constructed 84 equivalence classes
Constructed 85 equivalence classes
Constructed 86 equivalence classes
Reduced 86 states to 86 equivalence classes
Constructed 489 of 534 machines
Constructed 490 of 534 machines
Constructed 491 of 535 machines
Constructed 492 of 535 machines
Enumerated to 86 states and 255 transitions
Reduced 86 states to 86 states
Constructed 51 equivalence classes
Constructed 62 equivalence classes
Constructed 72 equivalence classes
Constructed 78 equivalence classes
Constructed 79 equivalence classes
Constructed 83 equivalence classes
Constructed 84 equivalence classes
Constructed 85 equivalence classes
Constructed 86 equivalence classes
Reduced 86 states to 86 equivalence classes
Constructed 493 of 535 machines
Constructed 494 of 535 machines
Constructed 495 of 535 machines
Constructed 496 of 535 machines
Constructed 497 of 535 machines
Constructed 498 of 535 machines
Constructed 499 of 535 machines
Constructed 500 of 535 machines
Constructed 501 of 539 machines
Constructed 502 of 539 machines
Constructed 503 of 539 machines
Constructed 504 of 539 machines
Constructed 505 of 539 machines
Enumerated to 3264 states and 27888 transitions
Constructed 1000 states
Diamond elimination complete: 1344 states
Constructed 506 of 539 machines
Constructed 22 equivalence classes
Constructed 31 equivalence classes
Constructed 35 equivalence classes
Constructed 36 equivalence classes
Constructed 36 equivalence classes
Reduced 1344 states to 36 equivalence classes
Constructed 507 of 539 machines
Constructed 508 of 539 machines
Constructed 509 of 539 machines
Constructed 510 of 539 machines
Constructed 511 of 539 machines
Constructed 512 of 539 machines
Constructed 513 of 542 machines
Constructed 514 of 542 machines
Constructed 515 of 542 machines
Constructed 516 of 542 machines
Enumerated to 432 states and 1423 transitions
Diamond elimination complete: 429 states
Constructed 517 of 542 machines
Constructed 42 equivalence classes
Constructed 90 equivalence classes
Constructed 129 equivalence classes
Constructed 174 equivalence classes
Constructed 205 equivalence classes
Constructed 232 equivalence classes
Constructed 235 equivalence classes
Constructed 238 equivalence classes
Constructed 241 equivalence classes
Constructed 253 equivalence classes
Constructed 256 equivalence classes
Constructed 259 equivalence classes
Constructed 259 equivalence classes
Reduced 429 states to 259 equivalence classes
Constructed 10750 states and 226871 transitions
Constructed 518 of 542 machines
Constructed 519 of 542 machines
Constructed 520 of 542 machines
Enumerated to 18480 states and 477120 transitions
Constructed 1000 states
Constructed 2000 states
Constructed 3000 states
Constructed 4000 states
Constructed 5000 states
Constructed 6000 states
Constructed 7000 states
Constructed 8000 states
Constructed 9000 states
Constructed 10000 states
Constructed 11000 states
Diamond elimination complete: 11088 states
Constructed 521 of 542 machines
Constructed 32 equivalence classes
Constructed 36 equivalence classes
Constructed 36 equivalence classes
Reduced 11088 states to 36 equivalence classes
Constructed 522 of 542 machines
Constructed 523 of 542 machines
Constructed 524 of 542 machines
Constructed 525 of 542 machines
Constructed 526 of 542 machines
Constructed 527 of 542 machines
Constructed 528 of 545 machines
Constructed 529 of 545 machines
Constructed 530 of 545 machines
Constructed 531 of 545 machines
Enumerated to 1080 states and 3902 transitions
Constructed 1000 states
Diamond elimination complete: 1071 states
Constructed 532 of 545 machines
Constructed 39 equivalence classes
Constructed 54 equivalence classes
Constructed 82 equivalence classes
Constructed 83 equivalence classes
Constructed 92 equivalence classes
Constructed 93 equivalence classes
Constructed 94 equivalence classes
Constructed 94 equivalence classes
Reduced 1071 states to 94 equivalence classes
Constructed 533 of 545 machines
Constructed 534 of 545 machines
Constructed 535 of 545 machines
Constructed 536 of 545 machines
Constructed 537 of 545 machines
Constructed 538 of 545 machines
Constructed 539 of 545 machines
Constructed 540 of 545 machines
Constructed 541 of 545 machines
Constructed 542 of 545 machines
Constructed 543 of 550 machines
Constructed 544 of 550 machines
Constructed 545 of 550 machines
Constructed 546 of 550 machines
Constructed 547 of 550 machines
Constructed 548 of 550 machines
Enumerated to 48 states and 115 transitions
Diamond elimination complete: 48 states
Constructed 549 of 550 machines
Constructed 47 equivalence classes
Constructed 48 equivalence classes
Reduced 48 states to 48 equivalence classes
Constructed 550 of 550 machines
Parallel BTree Explorer using 10 workers, 28 to 28 bytes per state
Next level storage overhead is 4.02934 bytes per state (402.934 MB per 100 million states)
Using BTree blocks of size 8 KiB and next-level blocks of size 8 KiB
On ply 1
On ply 2 - visited 1 state pairs and 24 transitions in 0 seconds at inf state pairs and inf transitions per second using 503MB total storage.
On ply 3 - visited 23 state pairs and 88 transitions in 0 seconds at inf state pairs and inf transitions per second using 503MB total storage.
On ply 4 - visited 45 state pairs and 111 transitions in 0.001 seconds at 45000 state pairs and 111000 transitions per second using 503MB total storage.
On ply 5 - visited 47 state pairs and 114 transitions in 0.001 seconds at 47000 state pairs and 114000 transitions per second using 503MB total storage.
On ply 6 - visited 48 state pairs and 138 transitions in 0.002 seconds at 24000 state pairs and 69000 transitions per second using 503MB total storage.
Finished
Reconstructing counterexamples
Found 3 processes including 1 names
Visited 2 processes and discovered 0 recursive names
Visited 1 processes generating 3 machines
Constructed 1 of 3 machines
Constructed 0 states with 1 transitions
Constructed 1 states with 1 transitions
Constructed 2 of 5 machines
Reduced 1 states to 1 equivalence classes
Constructed 3 of 5 machines
Constructed 4 of 5 machines
Constructed 5 of 7 machines
Constructed 6 of 7 machines
Constructed 7 of 7 machines
Parallel BTree Explorer using 10 workers, 28 to 28 bytes per state
Next level storage overhead is 4.02934 bytes per state (402.934 MB per 100 million states)
Using BTree blocks of size 8 KiB and next-level blocks of size 8 KiB
On ply 1
On ply 2 - visited 1 state pairs and 24 transitions in 0 seconds at inf state pairs and inf transitions per second using 503MB total storage.
On ply 3 - visited 23 state pairs and 88 transitions in 0 seconds at inf state pairs and inf transitions per second using 503MB total storage.
On ply 4 - visited 45 state pairs and 111 transitions in 0 seconds at inf state pairs and inf transitions per second using 503MB total storage.
On ply 5 - visited 47 state pairs and 114 transitions in 0 seconds at inf state pairs and inf transitions per second using 503MB total storage.
On ply 6 - visited 48 state pairs and 138 transitions in 0.001 seconds at 48000 state pairs and 138000 transitions per second using 503MB total storage.
Finished
Reconstructing counterexamples
Found 1 processes including 1 names
Visited 0 processes and discovered 0 recursive names
Visited 0 processes generating 0 machines
Constructed 1 of 1 machines
Parallel BTree Explorer using 10 workers, 28 to 28 bytes per state
Next level storage overhead is 4.02934 bytes per state (402.934 MB per 100 million states)
Using BTree blocks of size 8 KiB and next-level blocks of size 8 KiB
On ply 1
On ply 2 - visited 1 state pairs and 24 transitions in 0 seconds at inf state pairs and inf transitions per second using 503MB total storage.
On ply 3 - visited 23 state pairs and 88 transitions in 0 seconds at inf state pairs and inf transitions per second using 503MB total storage.
On ply 4 - visited 45 state pairs and 111 transitions in 0 seconds at inf state pairs and inf transitions per second using 503MB total storage.
On ply 5 - visited 47 state pairs and 114 transitions in 0.001 seconds at 47000 state pairs and 114000 transitions per second using 503MB total storage.
On ply 6 - visited 48 state pairs and 138 transitions in 0.001 seconds at 48000 state pairs and 138000 transitions per second using 503MB total storage.
Finished
Reconstructing counterexamples
Found 1 processes including 1 names
Visited 0 processes and discovered 0 recursive names
Visited 0 processes generating 0 machines
Constructed 1 of 1 machines
Parallel BTree Explorer using 10 workers, 28 to 28 bytes per state
Next level storage overhead is 4.02934 bytes per state (402.934 MB per 100 million states)
Using BTree blocks of size 8 KiB and next-level blocks of size 8 KiB
On ply 1
On ply 2 - visited 1 state pairs and 52 transitions in 0 seconds at inf state pairs and inf transitions per second using 503MB total storage.
On ply 3 - visited 23 state pairs and 733 transitions in 0 seconds at inf state pairs and inf transitions per second using 503MB total storage.
On ply 4 - visited 45 state pairs and 1393 transitions in 0.001 seconds at 45000 state pairs and 1.393e+06 transitions per second using 503MB total storage.
On ply 5 - visited 47 state pairs and 1455 transitions in 0.001 seconds at 47000 state pairs and 1.455e+06 transitions per second using 503MB total storage.
On ply 6 - visited 48 state pairs and 1516 transitions in 0.001 seconds at 48000 state pairs and 1.516e+06 transitions per second using 503MB total storage.
On ply 7 - visited 57 state pairs and 1823 transitions in 0.002 seconds at 28500 state pairs and 911500 transitions per second using 503MB total storage.
On ply 8 - visited 67 state pairs and 2130 transitions in 0.002 seconds at 33500 state pairs and 1.065e+06 transitions per second using 503MB total storage.
On ply 9 - visited 71 state pairs and 2340 transitions in 0.002 seconds at 35500 state pairs and 1.17e+06 transitions per second using 503MB total storage.
On ply 10 - visited 88 state pairs and 3120 transitions in 0.003 seconds at 29333.3 state pairs and 1.04e+06 transitions per second using 503MB total storage.
On ply 11 - visited 94 state pairs and 3300 transitions in 0.003 seconds at 31333.3 state pairs and 1.1e+06 transitions per second using 503MB total storage.
Finished
Reconstructing counterexamples
Found 1 processes including 0 names
Visited 1 processes and discovered 0 recursive names
Constructed 1 of 1 machines
Constructed 2 of 2 machines
Visited 1 processes generating 3 machines
Reduced 1 states to 1 equivalence classes
Constructed 3 of 5 machines
Constructed 4 of 5 machines
Constructed 5 of 7 machines
Constructed 6 of 7 machines
Constructed 7 of 7 machines
Parallel BTree Explorer using 10 workers, 28 to 28 bytes per state
Next level storage overhead is 4.02934 bytes per state (402.934 MB per 100 million states)
Using BTree blocks of size 8 KiB and next-level blocks of size 8 KiB
On ply 1
On ply 2 - visited 1 state pairs and 52 transitions in 0 seconds at inf state pairs and inf transitions per second using 503MB total storage.
On ply 3 - visited 23 state pairs and 733 transitions in 0 seconds at inf state pairs and inf transitions per second using 503MB total storage.
On ply 4 - visited 45 state pairs and 1393 transitions in 0 seconds at inf state pairs and inf transitions per second using 503MB total storage.
On ply 5 - visited 47 state pairs and 1455 transitions in 0.001 seconds at 47000 state pairs and 1.455e+06 transitions per second using 503MB total storage.
On ply 6 - visited 48 state pairs and 1516 transitions in 0.001 seconds at 48000 state pairs and 1.516e+06 transitions per second using 503MB total storage.
On ply 7 - visited 57 state pairs and 1823 transitions in 0.001 seconds at 57000 state pairs and 1.823e+06 transitions per second using 503MB total storage.
On ply 8 - visited 67 state pairs and 2130 transitions in 0.002 seconds at 33500 state pairs and 1.065e+06 transitions per second using 503MB total storage.
On ply 9 - visited 71 state pairs and 2340 transitions in 0.002 seconds at 35500 state pairs and 1.17e+06 transitions per second using 503MB total storage.
On ply 10 - visited 88 state pairs and 3120 transitions in 0.002 seconds at 44000 state pairs and 1.56e+06 transitions per second using 503MB total storage.
On ply 11 - visited 94 state pairs and 3300 transitions in 0.003 seconds at 31333.3 state pairs and 1.1e+06 transitions per second using 503MB total storage.
Finished
Reconstructing counterexamples
Found 1 processes including 1 names
Visited 0 processes and discovered 0 recursive names
Visited 0 processes generating 0 machines
Constructed 1 of 1 machines
Parallel BTree Explorer using 10 workers, 28 to 28 bytes per state
Next level storage overhead is 4.02934 bytes per state (402.934 MB per 100 million states)
Using BTree blocks of size 8 KiB and next-level blocks of size 8 KiB
On ply 1
On ply 2 - visited 1 state pairs and 52 transitions in 0 seconds at inf state pairs and inf transitions per second using 503MB total storage.
On ply 3 - visited 23 state pairs and 733 transitions in 0 seconds at inf state pairs and inf transitions per second using 503MB total storage.
On ply 4 - visited 45 state pairs and 1393 transitions in 0.001 seconds at 45000 state pairs and 1.393e+06 transitions per second using 503MB total storage.
On ply 5 - visited 47 state pairs and 1455 transitions in 0.001 seconds at 47000 state pairs and 1.455e+06 transitions per second using 503MB total storage.
On ply 6 - visited 48 state pairs and 1516 transitions in 0.001 seconds at 48000 state pairs and 1.516e+06 transitions per second using 503MB total storage.
On ply 7 - visited 57 state pairs and 1823 transitions in 0.002 seconds at 28500 state pairs and 911500 transitions per second using 503MB total storage.
On ply 8 - visited 67 state pairs and 2130 transitions in 0.002 seconds at 33500 state pairs and 1.065e+06 transitions per second using 503MB total storage.
On ply 9 - visited 71 state pairs and 2340 transitions in 0.002 seconds at 35500 state pairs and 1.17e+06 transitions per second using 503MB total storage.
On ply 10 - visited 88 state pairs and 3120 transitions in 0.003 seconds at 29333.3 state pairs and 1.04e+06 transitions per second using 503MB total storage.
On ply 11 - visited 94 state pairs and 3300 transitions in 0.003 seconds at 31333.3 state pairs and 1.1e+06 transitions per second using 503MB total storage.
Finished
Reconstructing counterexamples
Found 1 processes including 1 names
Visited 0 processes and discovered 0 recursive names
Visited 0 processes generating 0 machines
Constructed 1 of 1 machines
Parallel BTree Explorer using 10 workers, 28 to 28 bytes per state
Next level storage overhead is 4.02934 bytes per state (402.934 MB per 100 million states)
Using BTree blocks of size 8 KiB and next-level blocks of size 8 KiB
On ply 1
On ply 2 - visited 1 state pairs and 13 transitions in 0 seconds at inf state pairs and inf transitions per second using 503MB total storage.
On ply 3 - visited 10 state pairs and 126 transitions in 0 seconds at inf state pairs and inf transitions per second using 503MB total storage.
On ply 4 - visited 23 state pairs and 322 transitions in 0 seconds at inf state pairs and inf transitions per second using 503MB total storage.
On ply 5 - visited 61 state pairs and 791 transitions in 0.001 seconds at 61000 state pairs and 791000 transitions per second using 503MB total storage.
On ply 6 - visited 96 state pairs and 1220 transitions in 0.001 seconds at 96000 state pairs and 1.22e+06 transitions per second using 503MB total storage.
On ply 7 - visited 107 state pairs and 1416 transitions in 0.001 seconds at 107000 state pairs and 1.416e+06 transitions per second using 503MB total storage.
On ply 8 - visited 134 state pairs and 1746 transitions in 0.002 seconds at 67000 state pairs and 873000 transitions per second using 503MB total storage.
On ply 9 - visited 161 state pairs and 2070 transitions in 0.002 seconds at 80500 state pairs and 1.035e+06 transitions per second using 503MB total storage.
On ply 10 - visited 186 state pairs and 2447 transitions in 0.002 seconds at 93000 state pairs and 1.2235e+06 transitions per second using 503MB total storage.
On ply 11 - visited 222 state pairs and 2919 transitions in 0.003 seconds at 74000 state pairs and 973000 transitions per second using 503MB total storage.
On ply 12 - visited 242 state pairs and 3171 transitions in 0.003 seconds at 80666.7 state pairs and 1.057e+06 transitions per second using 503MB total storage.
On ply 13 - visited 259 state pairs and 3386 transitions in 0.003 seconds at 86333.3 state pairs and 1.12867e+06 transitions per second using 503MB total storage.
Finished
Reconstructing counterexamples
Found 1 processes including 0 names
Visited 1 processes and discovered 0 recursive names
Constructed 1 of 2 machines
Constructed 2 of 2 machines
Visited 1 processes generating 3 machines
Reduced 1 states to 1 equivalence classes
Constructed 3 of 5 machines
Constructed 4 of 5 machines
Constructed 5 of 7 machines
Constructed 6 of 7 machines
Constructed 7 of 7 machines
Parallel BTree Explorer using 10 workers, 28 to 28 bytes per state
Next level storage overhead is 4.02934 bytes per state (402.934 MB per 100 million states)
Using BTree blocks of size 8 KiB and next-level blocks of size 8 KiB
On ply 1
On ply 2 - visited 1 state pairs and 13 transitions in 0 seconds at inf state pairs and inf transitions per second using 503MB total storage.
On ply 3 - visited 10 state pairs and 126 transitions in 0 seconds at inf state pairs and inf transitions per second using 503MB total storage.
On ply 4 - visited 23 state pairs and 322 transitions in 0.001 seconds at 23000 state pairs and 322000 transitions per second using 503MB total storage.
On ply 5 - visited 61 state pairs and 791 transitions in 0.002 seconds at 30500 state pairs and 395500 transitions per second using 503MB total storage.
On ply 6 - visited 96 state pairs and 1220 transitions in 0.003 seconds at 32000 state pairs and 406667 transitions per second using 503MB total storage.
On ply 7 - visited 107 state pairs and 1416 transitions in 0.003 seconds at 35666.7 state pairs and 472000 transitions per second using 503MB total storage.
On ply 8 - visited 134 state pairs and 1746 transitions in 0.003 seconds at 44666.7 state pairs and 582000 transitions per second using 503MB total storage.
On ply 9 - visited 161 state pairs and 2070 transitions in 0.004 seconds at 40250 state pairs and 517500 transitions per second using 503MB total storage.
On ply 10 - visited 186 state pairs and 2447 transitions in 0.004 seconds at 46500 state pairs and 611750 transitions per second using 503MB total storage.
On ply 11 - visited 222 state pairs and 2919 transitions in 0.005 seconds at 44400 state pairs and 583800 transitions per second using 503MB total storage.
On ply 12 - visited 242 state pairs and 3171 transitions in 0.005 seconds at 48400 state pairs and 634200 transitions per second using 503MB total storage.
On ply 13 - visited 259 state pairs and 3386 transitions in 0.005 seconds at 51800 state pairs and 677200 transitions per second using 503MB total storage.
Finished
Reconstructing counterexamples
Found 1 processes including 1 names
Visited 0 processes and discovered 0 recursive names
Visited 0 processes generating 0 machines
Constructed 1 of 1 machines
Parallel BTree Explorer using 10 workers, 28 to 28 bytes per state
Next level storage overhead is 4.02934 bytes per state (402.934 MB per 100 million states)
Using BTree blocks of size 8 KiB and next-level blocks of size 8 KiB
On ply 1
On ply 2 - visited 1 state pairs and 13 transitions in 0 seconds at inf state pairs and inf transitions per second using 503MB total storage.
On ply 3 - visited 10 state pairs and 126 transitions in 0 seconds at inf state pairs and inf transitions per second using 503MB total storage.
On ply 4 - visited 23 state pairs and 322 transitions in 0 seconds at inf state pairs and inf transitions per second using 503MB total storage.
On ply 5 - visited 61 state pairs and 791 transitions in 0.001 seconds at 61000 state pairs and 791000 transitions per second using 503MB total storage.
On ply 6 - visited 96 state pairs and 1220 transitions in 0.001 seconds at 96000 state pairs and 1.22e+06 transitions per second using 503MB total storage.
On ply 7 - visited 107 state pairs and 1416 transitions in 0.002 seconds at 53500 state pairs and 708000 transitions per second using 503MB total storage.
On ply 8 - visited 134 state pairs and 1746 transitions in 0.002 seconds at 67000 state pairs and 873000 transitions per second using 503MB total storage.
On ply 9 - visited 161 state pairs and 2070 transitions in 0.003 seconds at 53666.7 state pairs and 690000 transitions per second using 503MB total storage.
On ply 10 - visited 186 state pairs and 2447 transitions in 0.003 seconds at 62000 state pairs and 815667 transitions per second using 503MB total storage.
On ply 11 - visited 222 state pairs and 2919 transitions in 0.004 seconds at 55500 state pairs and 729750 transitions per second using 503MB total storage.
On ply 12 - visited 242 state pairs and 3171 transitions in 0.004 seconds at 60500 state pairs and 792750 transitions per second using 503MB total storage.
On ply 13 - visited 259 state pairs and 3386 transitions in 0.005 seconds at 51800 state pairs and 677200 transitions per second using 503MB total storage.
Finished
Reconstructing counterexamples
