Found 6000 processes including 338 names
Found 8062 processes including 416 names
Found 2000 processes including 106 names
Found 4000 processes including 114 names
Found 5204 processes including 188 names
Found 8044 processes including 393 names
Found 12000 processes including 375 names
Found 20000 processes including 375 names
Found 22000 processes including 375 names
Found 26000 processes including 375 names
Found 28000 processes including 375 names
Found 34954 processes including 455 names
Visited 1000 processes and discovered 63 recursive names
Visited 2000 processes and discovered 74 recursive names
Visited 3000 processes and discovered 92 recursive names
Visited 4000 processes and discovered 92 recursive names
Visited 5000 processes and discovered 92 recursive names
Visited 6000 processes and discovered 92 recursive names
Visited 7000 processes and discovered 92 recursive names
Visited 8000 processes and discovered 92 recursive names
Visited 9000 processes and discovered 92 recursive names
Visited 10000 processes and discovered 92 recursive names
Visited 11000 processes and discovered 92 recursive names
Visited 12000 processes and discovered 92 recursive names
Visited 13000 processes and discovered 92 recursive names
Visited 14000 processes and discovered 106 recursive names
Visited 15000 processes and discovered 122 recursive names
Visited 16000 processes and discovered 136 recursive names
Visited 17000 processes and discovered 152 recursive names
Visited 18000 processes and discovered 169 recursive names
Visited 19000 processes and discovered 185 recursive names
Visited 20000 processes and discovered 199 recursive names
Visited 21000 processes and discovered 215 recursive names
Visited 22000 processes and discovered 232 recursive names
Visited 23000 processes and discovered 248 recursive names
Visited 24000 processes and discovered 263 recursive names
Visited 25000 processes and discovered 278 recursive names
Visited 26000 processes and discovered 295 recursive names
Visited 27000 processes and discovered 311 recursive names
Visited 28000 processes and discovered 326 recursive names
Visited 29000 processes and discovered 341 recursive names
Visited 30000 processes and discovered 358 recursive names
Visited 31000 processes and discovered 374 recursive names
Visited 32000 processes and discovered 389 recursive names
Visited 33000 processes and discovered 404 recursive names
Visited 34000 processes and discovered 422 recursive names
Visited 34499 processes and discovered 428 recursive names
Constructed 0 states with 1 transitions
Constructed 3 states with 2 transitions
Constructed 1 of 158 machines
Constructed 0 states with 1 transitions
Constructed 0 states with 1 transitions
Constructed 3 states with 2 transitions
Constructed 2 states with 1 transitions
Constructed 2 of 158 machines
Visited 151 processes generating 158 machines
Constructed 0 states with 2 transitions
Constructed 3 states with 3 transitions
Constructed 3 of 159 machines
Constructed 0 states with 3 transitions
Constructed 3 states with 4 transitions
Constructed 4 of 159 machines
Constructed 5 of 159 machines
Constructed 0 states with 23 transitions
Constructed 5 states with 48 transitions
Constructed 6 of 159 machines
Constructed 0 states with 3 transitions
Constructed 3 states with 4 transitions
Constructed 7 of 159 machines
Constructed 0 states with 2 transitions
Constructed 3 states with 3 transitions
Constructed 8 of 159 machines
Constructed 0 states with 2 transitions
Constructed 0 states with 3 transitions
Constructed 3 states with 4 transitions
Constructed 3 states with 3 transitions
Constructed 0 states with 1 transitions
Constructed 3 states with 2 transitions
Constructed 9 of 159 machines
Constructed 0 states with 1 transitions
Constructed 3 states with 2 transitions
Constructed 0 states with 3 transitions
Constructed 3 states with 4 transitions
Constructed 10 of 159 machines
Constructed 11 of 159 machines
Constructed 12 of 159 machines
Constructed 13 of 159 machines
Constructed 0 states with 1 transitions
Constructed 3 states with 2 transitions
Constructed 14 of 159 machines
Constructed 0 states with 3 transitions
Constructed 3 states with 4 transitions
Constructed 15 of 159 machines
Constructed 0 states with 3 transitions
Constructed 0 states with 1 transitions
Constructed 0 states with 10 transitions
Constructed 2 states with 2 transitions
Constructed 6 states with 41 transitions
Constructed 6 states with 11 transitions
Constructed 0 states with 4 transitions
Constructed 4 states with 9 transitions
Constructed 0 states with 2 transitions
Constructed 3 states with 3 transitions
Constructed 0 states with 1 transitions
Constructed 0 states with 2 transitions
Constructed 3 states with 3 transitions
Constructed 0 states with 23 transitions
Constructed 5 states with 48 transitions
Constructed 16 of 159 machines
Constructed 0 states with 6 transitions
Constructed 4 states with 13 transitions
Constructed 17 of 159 machines
Constructed 0 states with 6 transitions
Constructed 0 states with 44 transitions
Constructed 18 of 159 machines
Constructed 19 of 159 machines
Constructed 23 states with 925 transitions
Constructed 20 of 159 machines
Constructed 21 of 159 machines
Constructed 4 states with 13 transitions
Constructed 22 of 159 machines
Reduced 3 states to 3 equivalence classes
Reduced 2 states to 2 equivalence classes
Reduced 3 states to 3 equivalence classes
Reduced 3 states to 3 equivalence classes
Constructed 57 states with 209 transitions
Constructed 23 of 159 machines
Constructed 24 of 159 machines
Reduced 3 states to 3 equivalence classes
Constructed 0 states with 29 transitions
Constructed 25 of 159 machines
Constructed 26 of 159 machines
Reduced 3 states to 3 equivalence classes
Constructed 27 of 159 machines
Constructed 28 of 159 machines
Constructed 29 of 159 machines
Constructed 30 of 159 machines
Constructed 31 of 159 machines
Constructed 32 of 159 machines
Reduced 3 states to 3 equivalence classes
Constructed 33 of 159 machines
Reduced 3 states to 3 equivalence classes
Reduced 3 states to 3 equivalence classes
Constructed 34 of 159 machines
Reduced 3 states to 3 equivalence classes
Constructed 35 of 159 machines
Constructed 36 of 159 machines
Constructed 4 equivalence classes
Reduced 3 states to 3 equivalence classes
Reduced 3 states to 3 equivalence classes
Constructed 37 of 159 machines
Reduced 2 states to 2 equivalence classes
Reduced 3 states to 3 equivalence classes
Constructed 38 of 159 machines
Constructed 4 equivalence classes
Reduced 5 states to 4 equivalence classes
Reduced 4 states to 4 equivalence classes
Reduced 6 states to 6 equivalence classes
Reduced 3 states to 3 equivalence classes
Reduced 3 states to 3 equivalence classes
Constructed 39 of 159 machines
Reduced 23 states to 23 equivalence classes
Constructed 40 of 159 machines
Constructed 41 of 159 machines
Constructed 42 of 159 machines
Constructed 43 of 159 machines
Constructed 44 of 159 machines
Reduced 4 states to 4 equivalence classes
Constructed 45 of 159 machines
Constructed 46 of 159 machines
Constructed 47 of 159 machines
Constructed 48 of 159 machines
Constructed 49 of 159 machines
Constructed 50 of 159 machines
Constructed 51 of 159 machines
Constructed 1000 states with 6993 transitions
Constructed 0 states with 1 transitions
Constructing high-level wrapper
Constructed 0 states with 1 transitions
Constructing high-level wrapper
Constructed 0 states with 1 transitions
Constructing high-level wrapper
Reduced 4 states to 4 equivalence classes
Constructed 52 of 159 machines
Constructed 53 of 159 machines
Constructed 0 states with 1 transitions
Constructing high-level wrapper
Constructed 0 states with 1 transitions
Constructing high-level wrapper
Constructed 54 of 159 machines
Constructed 55 of 159 machines
Constructed 42 equivalence classes
Constructed 56 of 159 machines
Constructed 48 equivalence classes
Constructed 54 equivalence classes
Reduced 3 states to 3 equivalence classes
Constructed 57 of 159 machines
Constructed 58 of 159 machines
Constructed 4 equivalence classes
Constructed 4 equivalence classes
Reduced 5 states to 4 equivalence classes
Constructed 59 of 159 machines
Constructed 55 equivalence classes
Constructed 56 equivalence classes
Constructed 56 equivalence classes
Reduced 57 states to 56 equivalence classes
Constructed 60 of 159 machines
Constructed 61 of 159 machines
Constructed 62 of 159 machines
Constructed 63 of 159 machines
Constructed 64 of 159 machines
Constructed 65 of 159 machines
Constructed 66 of 159 machines
Constructed 67 of 159 machines
Constructed 68 of 159 machines
Constructed 69 of 159 machines
Constructed 2000 states with 11409 transitions
Constructed 3000 states with 12409 transitions
Constructed 0 formats
Constructed 4 formats
Constructed 70 of 159 machines
Constructed 4000 states with 13409 transitions
Constructed 71 of 159 machines
Constructed 72 of 159 machines
Constructed 73 of 159 machines
Constructed 5000 states with 14409 transitions
Constructed 6000 states with 15409 transitions
Constructed 7000 states with 16409 transitions
Constructed 8000 states with 17409 transitions
Constructed 74 of 159 machines
Constructed 75 of 159 machines
Constructed 9000 states with 18409 transitions
Constructed 76 of 159 machines
Constructed 10000 states with 19409 transitions
Constructed 10080 states with 19488 transitions
Constructed 77 of 159 machines
Constructed 78 of 159 machines
Constructed 79 of 168 machines
Constructed 80 of 168 machines
Constructed 81 of 168 machines
Constructed 82 of 168 machines
Constructed 83 of 168 machines
Constructed 84 of 168 machines
Constructed 85 of 168 machines
Constructed 86 of 168 machines
Constructed 87 of 168 machines
Constructed 88 of 168 machines
Constructed 89 of 168 machines
Constructed 90 of 168 machines
Constructed 91 of 168 machines
Constructed 92 of 168 machines
Constructed 93 of 168 machines
Constructed 94 of 168 machines
Constructed 0 formats
Constructed 95 of 168 machines
Constructed 4 formats
Constructed 96 of 168 machines
Constructed 97 of 168 machines
Constructed 98 of 168 machines
Constructed 0 formats
Constructed 4 formats
Constructed 99 of 168 machines
Constructed 100 of 168 machines
Constructed 0 formats
Constructed 4 formats
Constructed 101 of 168 machines
Constructed 102 of 177 machines
Constructed 103 of 177 machines
Constructed 104 of 177 machines
Constructed 105 of 177 machines
Constructed 106 of 177 machines
Constructed 107 of 177 machines
Constructed 108 of 177 machines
Constructed 109 of 177 machines
Constructed 110 of 177 machines
Constructed 111 of 177 machines
Constructed 112 of 177 machines
Constructed 113 of 181 machines
Constructed 114 of 181 machines
Constructed 115 of 181 machines
Constructed 116 of 181 machines
Constructed 117 of 181 machines
Constructed 118 of 181 machines
Constructed 119 of 181 machines
Constructed 120 of 181 machines
Constructed 0 formats
Constructed 4 formats
Constructed 121 of 190 machines
Constructed 122 of 190 machines
Constructed 123 of 190 machines
Constructed 124 of 190 machines
Reduced 6 states to 6 states
Constructed 125 of 190 machines
Constructed 126 of 190 machines
Constructed 127 of 190 machines
Constructed 128 of 190 machines
Constructed 4 equivalence classes
Constructed 4 equivalence classes
Reduced 6 states to 4 equivalence classes
Constructed 129 of 199 machines
Constructed 130 of 199 machines
Constructed 131 of 199 machines
Constructed 132 of 199 machines
Constructed 133 of 199 machines
Constructed 134 of 199 machines
Constructed 135 of 199 machines
Constructed 136 of 199 machines
Constructed 137 of 199 machines
Constructed 138 of 199 machines
Constructed 139 of 199 machines
Constructed 140 of 199 machines
Constructed 141 of 199 machines
Constructed 142 of 199 machines
Constructed 143 of 199 machines
Constructed 144 of 208 machines
Constructed 145 of 208 machines
Constructed 146 of 208 machines
Constructed 147 of 208 machines
Constructed 148 of 208 machines
Constructed 149 of 208 machines
Constructed 150 of 208 machines
Constructed 151 of 208 machines
Constructed 152 of 208 machines
Constructed 153 of 208 machines
Enumerated to 22 states and 34 transitions
Enumerated to 20 states and 30 transitions
Enumerated to 338 states and 21169 transitions
Enumerated to 23 states and 76 transitions
Enumerated to 22 states and 34 transitions
Enumerated to 23 states and 76 transitions
Constructed 1000 states
Constructed 2000 states
Constructed 3000 states
Constructed 4000 states
Constructed 5000 states
Constructed 6000 states
Reduced 22 states to 22 states
Constructed 8 equivalence classes
Constructed 8 equivalence classes
Reduced 22 states to 8 equivalence classes
Constructed 7000 states
Constructed 154 of 208 machines
Constructed 155 of 208 machines
Constructed 8000 states
Constructed 9000 states
Constructed 10000 states
Reduced 10080 states to 10080 states
Reduced 20 states to 20 states
Constructed 7 equivalence classes
Constructed 7 equivalence classes
Reduced 20 states to 7 equivalence classes
Constructed 156 of 208 machines
Constructed 157 of 208 machines
Reduced 338 states to 338 states
Reduced 23 states to 23 states
Constructed 9 equivalence classes
Constructed 9 equivalence classes
Reduced 23 states to 9 equivalence classes
Constructed 158 of 208 machines
Constructed 159 of 208 machines
Reduced 338 states to 338 equivalence classes
Constructed 160 of 208 machines
Reduced 22 states to 22 states
Constructed 8 equivalence classes
Constructed 8 equivalence classes
Reduced 22 states to 8 equivalence classes
Constructed 161 of 208 machines
Reduced 23 states to 23 states
Constructed 9 equivalence classes
Constructed 9 equivalence classes
Reduced 23 states to 9 equivalence classes
Constructed 162 of 208 machines
Constructed 163 of 208 machines
Constructed 164 of 208 machines
Constructed 165 of 208 machines
Constructed 166 of 208 machines
Constructed 167 of 208 machines
Constructed 168 of 208 machines
Constructed 169 of 208 machines
Constructed 170 of 208 machines
Constructed 171 of 208 machines
Constructed 172 of 208 machines
Constructed 30 equivalence classes
Constructed 173 of 208 machines
Constructed 174 of 208 machines
Constructed 30 equivalence classes
Reduced 10080 states to 30 equivalence classes
Constructed 175 of 208 machines
Constructed 176 of 208 machines
Constructed 177 of 208 machines
Constructed 178 of 208 machines
Constructed 179 of 216 machines
Constructed 180 of 216 machines
Constructed 181 of 216 machines
Constructed 182 of 216 machines
Constructed 183 of 216 machines
Constructed 184 of 216 machines
Constructed 185 of 216 machines
Constructed 186 of 216 machines
Constructed 187 of 216 machines
Constructed 188 of 216 machines
Enumerated to 119 states and 527 transitions
Reduced 119 states to 119 states
Constructed 56 equivalence classes
Constructed 68 equivalence classes
Constructed 74 equivalence classes
Constructed 75 equivalence classes
Constructed 75 equivalence classes
Reduced 119 states to 75 equivalence classes
Constructed 189 of 216 machines
Constructed 190 of 216 machines
Constructed 191 of 217 machines
Constructed 192 of 217 machines
Enumerated to 75 states and 339 transitions
Reduced 75 states to 75 states
Constructed 43 equivalence classes
Constructed 52 equivalence classes
Constructed 56 equivalence classes
Constructed 57 equivalence classes
Constructed 57 equivalence classes
Reduced 75 states to 57 equivalence classes
Constructed 193 of 217 machines
Constructed 194 of 217 machines
Constructed 195 of 219 machines
Constructed 196 of 219 machines
Constructed 197 of 219 machines
Enumerated to 57 states and 298 transitions
Constructed 42 equivalence classes
Constructed 51 equivalence classes
Constructed 56 equivalence classes
Constructed 57 equivalence classes
Reduced 57 states to 57 equivalence classes
Constructed 198 of 219 machines
Constructed 199 of 219 machines
Constructed 200 of 220 machines
Constructed 201 of 220 machines
Enumerated to 57 states and 298 transitions
Reduced 57 states to 57 states
Constructed 43 equivalence classes
Constructed 52 equivalence classes
Constructed 56 equivalence classes
Constructed 57 equivalence classes
Reduced 57 states to 57 equivalence classes
Constructed 202 of 220 machines
Constructed 203 of 220 machines
Constructed 204 of 220 machines
Constructed 205 of 220 machines
Constructed 206 of 220 machines
Constructed 207 of 220 machines
Constructed 208 of 220 machines
Constructed 209 of 220 machines
Constructed 210 of 224 machines
Constructed 211 of 224 machines
Constructed 212 of 224 machines
Constructed 213 of 224 machines
Constructed 214 of 224 machines
Constructed 10750 states and 226871 transitions
Enumerated to 18480 states and 477120 transitions
Constructed 1000 states
Constructed 2000 states
Constructed 3000 states
Constructed 4000 states
Constructed 5000 states
Constructed 6000 states
Constructed 7000 states
Constructed 8000 states
Constructed 9000 states
Constructed 10000 states
Constructed 11000 states
Diamond elimination complete: 11088 states
Constructed 215 of 224 machines
Constructed 32 equivalence classes
Constructed 36 equivalence classes
Constructed 36 equivalence classes
Reduced 11088 states to 36 equivalence classes
Constructed 216 of 224 machines
Constructed 217 of 224 machines
Constructed 218 of 224 machines
Constructed 219 of 224 machines
Constructed 220 of 224 machines
Constructed 221 of 224 machines
Constructed 222 of 227 machines
Constructed 223 of 227 machines
Constructed 224 of 227 machines
Constructed 225 of 227 machines
Enumerated to 1080 states and 3902 transitions
Constructed 1000 states
Diamond elimination complete: 1071 states
Constructed 226 of 227 machines
Constructed 39 equivalence classes
Constructed 54 equivalence classes
Constructed 82 equivalence classes
Constructed 83 equivalence classes
Constructed 92 equivalence classes
Constructed 93 equivalence classes
Constructed 94 equivalence classes
Constructed 94 equivalence classes
Reduced 1071 states to 94 equivalence classes
Constructed 227 of 227 machines
Parallel BTree Explorer using 10 workers, 28 to 28 bytes per state
Next level storage overhead is 4.02934 bytes per state (402.934 MB per 100 million states)
Using BTree blocks of size 8 KiB and next-level blocks of size 8 KiB
On ply 1
On ply 2 - visited 1 state pairs and 52 transitions in 0 seconds at inf state pairs and inf transitions per second using 503MB total storage.
On ply 3 - visited 23 state pairs and 733 transitions in 0 seconds at inf state pairs and inf transitions per second using 503MB total storage.
On ply 4 - visited 45 state pairs and 1393 transitions in 0.001 seconds at 45000 state pairs and 1.393e+06 transitions per second using 503MB total storage.
On ply 5 - visited 47 state pairs and 1455 transitions in 0.002 seconds at 23500 state pairs and 727500 transitions per second using 503MB total storage.
On ply 6 - visited 48 state pairs and 1516 transitions in 0.003 seconds at 16000 state pairs and 505333 transitions per second using 503MB total storage.
On ply 7 - visited 57 state pairs and 1823 transitions in 0.004 seconds at 14250 state pairs and 455750 transitions per second using 503MB total storage.
On ply 8 - visited 67 state pairs and 2130 transitions in 0.005 seconds at 13400 state pairs and 426000 transitions per second using 503MB total storage.
On ply 9 - visited 71 state pairs and 2340 transitions in 0.006 seconds at 11833.3 state pairs and 390000 transitions per second using 503MB total storage.
On ply 10 - visited 88 state pairs and 3120 transitions in 0.006 seconds at 14666.7 state pairs and 520000 transitions per second using 503MB total storage.
On ply 11 - visited 94 state pairs and 3300 transitions in 0.007 seconds at 13428.6 state pairs and 471429 transitions per second using 503MB total storage.
Finished
Reconstructing counterexamples
Found 3 processes including 1 names
Visited 2 processes and discovered 0 recursive names
Constructed 1 of 2 machines
Visited 1 processes generating 3 machines
Constructed 0 states with 1 transitions
Constructed 1 states with 1 transitions
Constructed 2 of 5 machines
Reduced 1 states to 1 equivalence classes
Constructed 3 of 5 machines
Constructed 4 of 5 machines
Constructed 5 of 7 machines
Constructed 6 of 7 machines
Constructed 7 of 7 machines
Parallel BTree Explorer using 10 workers, 28 to 28 bytes per state
Next level storage overhead is 4.02934 bytes per state (402.934 MB per 100 million states)
Using BTree blocks of size 8 KiB and next-level blocks of size 8 KiB
On ply 1
On ply 2 - visited 1 state pairs and 52 transitions in 0 seconds at inf state pairs and inf transitions per second using 503MB total storage.
On ply 3 - visited 23 state pairs and 733 transitions in 0 seconds at inf state pairs and inf transitions per second using 503MB total storage.
On ply 4 - visited 45 state pairs and 1393 transitions in 0.001 seconds at 45000 state pairs and 1.393e+06 transitions per second using 503MB total storage.
On ply 5 - visited 47 state pairs and 1455 transitions in 0.002 seconds at 23500 state pairs and 727500 transitions per second using 503MB total storage.
On ply 6 - visited 48 state pairs and 1516 transitions in 0.002 seconds at 24000 state pairs and 758000 transitions per second using 503MB total storage.
On ply 7 - visited 57 state pairs and 1823 transitions in 0.003 seconds at 19000 state pairs and 607667 transitions per second using 503MB total storage.
On ply 8 - visited 67 state pairs and 2130 transitions in 0.004 seconds at 16750 state pairs and 532500 transitions per second using 503MB total storage.
On ply 9 - visited 71 state pairs and 2340 transitions in 0.005 seconds at 14200 state pairs and 468000 transitions per second using 503MB total storage.
On ply 10 - visited 88 state pairs and 3120 transitions in 0.006 seconds at 14666.7 state pairs and 520000 transitions per second using 503MB total storage.
On ply 11 - visited 94 state pairs and 3300 transitions in 0.006 seconds at 15666.7 state pairs and 550000 transitions per second using 503MB total storage.
Finished
Reconstructing counterexamples
Found 1 processes including 1 names
Visited 0 processes and discovered 0 recursive names
Visited 0 processes generating 0 machines
Constructed 1 of 1 machines
Parallel BTree Explorer using 10 workers, 28 to 28 bytes per state
Next level storage overhead is 4.02934 bytes per state (402.934 MB per 100 million states)
Using BTree blocks of size 8 KiB and next-level blocks of size 8 KiB
On ply 1
On ply 2 - visited 1 state pairs and 52 transitions in 0 seconds at inf state pairs and inf transitions per second using 503MB total storage.
On ply 3 - visited 23 state pairs and 733 transitions in 0.001 seconds at 23000 state pairs and 733000 transitions per second using 503MB total storage.
On ply 4 - visited 45 state pairs and 1393 transitions in 0.002 seconds at 22500 state pairs and 696500 transitions per second using 503MB total storage.
On ply 5 - visited 47 state pairs and 1455 transitions in 0.004 seconds at 11750 state pairs and 363750 transitions per second using 503MB total storage.
On ply 6 - visited 48 state pairs and 1516 transitions in 0.005 seconds at 9600 state pairs and 303200 transitions per second using 503MB total storage.
On ply 7 - visited 57 state pairs and 1823 transitions in 0.007 seconds at 8142.86 state pairs and 260429 transitions per second using 503MB total storage.
On ply 8 - visited 67 state pairs and 2130 transitions in 0.008 seconds at 8375 state pairs and 266250 transitions per second using 503MB total storage.
On ply 9 - visited 71 state pairs and 2340 transitions in 0.01 seconds at 7100 state pairs and 234000 transitions per second using 503MB total storage.
On ply 10 - visited 88 state pairs and 3120 transitions in 0.011 seconds at 8000 state pairs and 283636 transitions per second using 503MB total storage.
On ply 11 - visited 94 state pairs and 3300 transitions in 0.011 seconds at 8545.45 state pairs and 300000 transitions per second using 503MB total storage.
Finished
Reconstructing counterexamples
Found 1464 processes including 125 names
Found 1274 processes including 104 names
Found 1804 processes including 137 names
