Found 4000 processes including 247 names
Found 6000 processes including 327 names
Found 10000 processes including 517 names
Found 18000 processes including 517 names
Found 24000 processes including 517 names
Found 26000 processes including 517 names
Found 30000 processes including 537 names
Found 37789 processes including 607 names
Visited 1000 processes and discovered 63 recursive names
Visited 2000 processes and discovered 74 recursive names
Visited 3000 processes and discovered 92 recursive names
Visited 4000 processes and discovered 92 recursive names
Visited 5000 processes and discovered 92 recursive names
Visited 6000 processes and discovered 92 recursive names
Visited 7000 processes and discovered 92 recursive names
Visited 8000 processes and discovered 92 recursive names
Visited 9000 processes and discovered 92 recursive names
Visited 10000 processes and discovered 92 recursive names
Visited 11000 processes and discovered 92 recursive names
Visited 12000 processes and discovered 92 recursive names
Visited 13000 processes and discovered 92 recursive names
Visited 14000 processes and discovered 106 recursive names
Visited 15000 processes and discovered 122 recursive names
Visited 16000 processes and discovered 136 recursive names
Visited 17000 processes and discovered 152 recursive names
Visited 18000 processes and discovered 169 recursive names
Visited 19000 processes and discovered 185 recursive names
Visited 20000 processes and discovered 199 recursive names
Visited 21000 processes and discovered 215 recursive names
Visited 22000 processes and discovered 232 recursive names
Visited 23000 processes and discovered 248 recursive names
Visited 24000 processes and discovered 263 recursive names
Visited 25000 processes and discovered 278 recursive names
Visited 26000 processes and discovered 295 recursive names
Visited 27000 processes and discovered 311 recursive names
Visited 28000 processes and discovered 326 recursive names
Visited 29000 processes and discovered 341 recursive names
Visited 30000 processes and discovered 358 recursive names
Visited 31000 processes and discovered 374 recursive names
Visited 32000 processes and discovered 389 recursive names
Visited 33000 processes and discovered 404 recursive names
Visited 34000 processes and discovered 422 recursive names
Visited 35000 processes and discovered 479 recursive names
Visited 36000 processes and discovered 504 recursive names
Visited 37000 processes and discovered 536 recursive names
Visited 37182 processes and discovered 541 recursive names
Constructed 0 states with 1 transitions
Constructed 2 states with 1 transitions
Constructed 0 states with 2 transitions
Constructed 0 states with 2 transitions
Constructed 3 states with 3 transitions
Constructed 1 of 30 machines
Constructed 0 states with 3 transitions
Constructed 3 states with 4 transitions
Constructed 0 states with 1 transitions
Constructed 0 states with 2 transitions
Constructed 3 states with 3 transitions
Constructed 3 states with 2 transitions
Constructed 0 states with 3 transitions
Constructed 3 states with 4 transitions
Constructed 2 of 38 machines
Constructed 3 states with 3 transitions
Constructed 0 states with 1 transitions
Constructed 0 states with 1 transitions
Constructed 2 states with 2 transitions
Constructed 3 states with 2 transitions
Constructed 3 of 38 machines
Constructed 4 of 38 machines
Constructed 5 of 38 machines
Reduced 2 states to 2 equivalence classes
Reduced 3 states to 3 equivalence classes
Constructed 6 of 38 machines
Reduced 3 states to 3 equivalence classes
Constructed 7 of 38 machines
Reduced 3 states to 3 equivalence classes
Constructed 8 of 39 machines
Reduced 3 states to 3 equivalence classes
Constructed 9 of 39 machines
Constructed 10 of 39 machines
Constructed 11 of 39 machines
Constructed 12 of 39 machines
Constructed 13 of 39 machines
Reduced 3 states to 3 equivalence classes
Constructed 14 of 39 machines
Constructed 15 of 41 machines
Reduced 3 states to 3 equivalence classes
Constructed 16 of 321 machines
Reduced 2 states to 2 equivalence classes
Reduced 3 states to 3 equivalence classes
Constructed 17 of 325 machines
Constructed 0 states with 3 transitions
Constructed 3 states with 4 transitions
Constructed 18 of 326 machines
Constructed 0 states with 1 transitions
Constructed 19 of 328 machines
Constructed 3 states with 2 transitions
Constructed 20 of 337 machines
Constructed 0 states with 1 transitions
Constructed 3 states with 2 transitions
Constructed 0 states with 3 transitions
Constructed 0 states with 23 transitions
Constructed 21 of 380 machines
Constructed 0 states with 2 transitions
Constructed 5 states with 48 transitions
Constructed 3 states with 3 transitions
Constructed 22 of 380 machines
Constructed 0 states with 1 transitions
Constructed 3 states with 2 transitions
Constructed 23 of 380 machines
Constructed 0 states with 3 transitions
Visited 334 processes generating 380 machines
Constructed 6 states with 11 transitions
Constructed 24 of 380 machines
Constructed 0 states with 6 transitions
Constructed 4 states with 13 transitions
Constructed 25 of 381 machines
Constructed 3 states with 4 transitions
Constructed 26 of 381 machines
Constructed 27 of 381 machines
Constructed 0 states with 2 transitions
Constructed 0 states with 4 transitions
Constructed 4 states with 9 transitions
Constructed 28 of 381 machines
Constructed 0 states with 1 transitions
Constructed 3 states with 3 transitions
Constructed 0 states with 1 transitions
Constructed 0 states with 44 transitions
Constructed 0 states with 10 transitions
Constructed 0 states with 23 transitions
Constructed 6 states with 41 transitions
Constructed 0 states with 29 transitions
Constructed 0 states with 3 transitions
Constructed 29 of 381 machines
Constructed 8 states with 16 transitions
Constructed 57 states with 209 transitions
Constructed 0 states with 2 transitions
Constructed 3 states with 3 transitions
Constructed 30 of 381 machines
Constructed 3 states with 2 transitions
Constructed 31 of 381 machines
Constructed 0 states with 2 transitions
Constructed 32 of 381 machines
Constructed 5 states with 48 transitions
Constructed 33 of 381 machines
Constructed 23 states with 925 transitions
Constructed 34 of 381 machines
Constructed 3 states with 3 transitions
Constructed 0 states with 6 transitions
Constructed 0 states with 3 transitions
Constructed 3 states with 4 transitions
Constructed 4 states with 13 transitions
Constructed 35 of 381 machines
Constructed 0 states with 1 transitions
Constructed 3 states with 2 transitions
Constructed 36 of 381 machines
Constructed 37 of 381 machines
Constructed 0 states with 3 transitions
Constructed 3 states with 4 transitions
Constructed 38 of 381 machines
Constructed 0 states with 3 transitions
Constructed 3 states with 4 transitions
Constructed 0 states with 1 transitions
Constructed 3 states with 2 transitions
Constructed 39 of 381 machines
Constructed 0 states with 2 transitions
Constructed 40 of 381 machines
Constructed 0 states with 3 transitions
Constructed 3 states with 4 transitions
Constructed 4 states with 4 transitions
Constructed 0 states with 5 transitions
Constructed 0 states with 3 transitions
Constructed 3 states with 4 transitions
Constructed 0 states with 2 transitions
Constructed 3 states with 3 transitions
Constructed 7 states with 10 transitions
Constructed 0 states with 1 transitions
Constructed 3 states with 2 transitions
Constructed 41 of 381 machines
Constructed 42 of 381 machines
Constructed 0 states with 1 transitions
Constructed 43 of 381 machines
Constructed 3 states with 2 transitions
Constructed 44 of 381 machines
Constructed 0 states with 1 transitions
Constructed 3 states with 2 transitions
Constructed 0 states with 3 transitions
Constructed 3 states with 4 transitions
Constructed 0 states with 3 transitions
Constructed 3 states with 4 transitions
Constructed 45 of 381 machines
Constructed 46 of 381 machines
Constructed 0 states with 1 transitions
Constructed 47 of 381 machines
Constructed 0 states with 3 transitions
Constructed 4 states with 6 transitions
Constructed 48 of 381 machines
Constructed 3 states with 2 transitions
Constructed 49 of 381 machines
Constructed 50 of 381 machines
Constructed 51 of 381 machines
Constructed 52 of 381 machines
Constructed 53 of 381 machines
Constructed 54 of 381 machines
Constructed 0 states with 1 transitions
Constructed 55 of 381 machines
Constructed 0 states with 1 transitions
Constructed 3 states with 2 transitions
Constructed 0 states with 3 transitions
Constructed 3 states with 4 transitions
Constructed 56 of 381 machines
Constructed 57 of 381 machines
Constructed 0 states with 4 transitions
Constructed 58 of 381 machines
Constructed 0 states with 2 transitions
Reduced 3 states to 3 equivalence classes
Constructed 0 states with 2 transitions
Constructed 48 states with 128 transitions
Reduced 3 states to 3 equivalence classes
Constructed 0 states with 3 transitions
Constructed 3 states with 4 transitions
Constructed 4 states with 9 transitions
Constructed 3 states with 3 transitions
Constructed 0 states with 3 transitions
Constructed 59 of 381 machines
Constructed 3 states with 3 transitions
Constructed 6 states with 11 transitions
Constructed 1000 states with 6993 transitions
Constructed 0 states with 6 transitions
Constructed 4 states with 13 transitions
Constructed 60 of 381 machines
Constructed 61 of 381 machines
Constructed 0 states with 8 transitions
Constructed 62 of 381 machines
Constructed 5 states with 25 transitions
Constructed 63 of 381 machines
Constructed 0 states with 6 transitions
Constructed 0 states with 10 transitions
Constructed 6 states with 41 transitions
Constructed 64 of 381 machines
Constructed 4 states with 13 transitions
Constructed 65 of 381 machines
Constructed 0 states with 11 transitions
Constructed 66 of 381 machines
Reduced 3 states to 3 equivalence classes
Constructed 67 of 381 machines
Constructed 68 of 381 machines
Reduced 3 states to 3 equivalence classes
Constructed 69 of 381 machines
Constructed 70 of 381 machines
Constructed 71 of 381 machines
Constructed 72 of 381 machines
Reduced 3 states to 3 equivalence classes
Constructed 576 states with 1056 transitions
Reduced 4 states to 4 equivalence classes
Constructed 73 of 381 machines
Reduced 3 states to 3 equivalence classes
Reduced 4 states to 4 equivalence classes
Constructed 4 equivalence classes
Constructed 74 of 381 machines
Constructed 4 equivalence classes
Constructed 75 of 381 machines
Reduced 3 states to 3 equivalence classes
Reduced 5 states to 4 equivalence classes
Constructed 76 of 381 machines
Constructed 77 of 381 machines
Reduced 6 states to 6 equivalence classes
Constructed 78 of 381 machines
Constructed 79 of 381 machines
Constructed 42 equivalence classes
Constructed 80 of 381 machines
Constructed 7 equivalence classes
Constructed 7 equivalence classes
Reduced 3 states to 3 equivalence classes
Constructed 48 equivalence classes
Constructed 54 equivalence classes
Constructed 55 equivalence classes
Constructed 56 equivalence classes
Constructed 81 of 381 machines
Reduced 8 states to 7 equivalence classes
Constructed 56 equivalence classes
Reduced 57 states to 56 equivalence classes
Reduced 3 states to 3 equivalence classes
Constructed 82 of 381 machines
Constructed 2000 states with 11409 transitions
Constructed 83 of 381 machines
Reduced 23 states to 23 equivalence classes
Reduced 3 states to 3 equivalence classes
Reduced 3 states to 3 equivalence classes
Constructed 84 of 381 machines
Constructed 4 equivalence classes
Constructed 4 equivalence classes
Reduced 5 states to 4 equivalence classes
Constructed 85 of 381 machines
Reduced 3 states to 3 equivalence classes
Reduced 4 states to 4 equivalence classes
Constructed 86 of 381 machines
Reduced 3 states to 3 equivalence classes
Constructed 87 of 381 machines
Constructed 88 of 381 machines
Constructed 89 of 381 machines
Constructed 90 of 381 machines
Constructed 91 of 381 machines
Reduced 3 states to 3 equivalence classes
Reduced 3 states to 3 equivalence classes
Constructed 3000 states with 12409 transitions
Constructed 92 of 381 machines
Constructed 93 of 381 machines
Reduced 3 states to 3 equivalence classes
Constructed 94 of 381 machines
Reduced 4 states to 4 equivalence classes
Reduced 3 states to 3 equivalence classes
Reduced 3 states to 3 equivalence classes
Constructed 95 of 381 machines
Reduced 3 states to 3 equivalence classes
Reduced 3 states to 3 equivalence classes
Reduced 3 states to 3 equivalence classes
Reduced 3 states to 3 equivalence classes
Constructed 96 of 381 machines
Constructed 4000 states with 13409 transitions
Constructed 97 of 381 machines
Constructed 3 equivalence classes
Constructed 3 equivalence classes
Constructed 98 of 381 machines
Reduced 4 states to 3 equivalence classes
Reduced 3 states to 3 equivalence classes
Constructed 99 of 381 machines
Constructed 100 of 381 machines
Reduced 3 states to 3 equivalence classes
Constructed 101 of 381 machines
Reduced 7 states to 7 equivalence classes
Constructed 0 states with 1 transitions
Constructing high-level wrapper
Constructed 0 states with 1 transitions
Constructing high-level wrapper
Constructed 102 of 381 machines
Constructed 103 of 381 machines
Constructed 104 of 381 machines
Constructed 105 of 381 machines
Constructed 5000 states with 14409 transitions
Constructed 106 of 381 machines
Constructed 107 of 381 machines
Constructed 108 of 381 machines
Reduced 3 states to 3 equivalence classes
Reduced 5 states to 5 equivalence classes
Constructed 109 of 381 machines
Reduced 4 states to 4 equivalence classes
Reduced 3 states to 3 equivalence classes
Constructed 110 of 381 machines
Reduced 3 states to 3 equivalence classes
Reduced 3 states to 3 equivalence classes
Reduced 4 states to 4 equivalence classes
Constructed 111 of 381 machines
Constructed 6000 states with 15409 transitions
Constructed 112 of 381 machines
Constructed 113 of 381 machines
Reduced 3 states to 3 equivalence classes
Constructed 24 equivalence classes
Constructed 114 of 381 machines
Constructed 32 equivalence classes
Constructed 40 equivalence classes
Constructed 115 of 381 machines
Reduced 4 states to 4 equivalence classes
Constructed 47 equivalence classes
Constructed 47 equivalence classes
Reduced 48 states to 47 equivalence classes
Reduced 6 states to 6 equivalence classes
Constructed 116 of 381 machines
Constructed 117 of 381 machines
Constructed 118 of 381 machines
Constructed 119 of 381 machines
Constructed 120 of 381 machines
Constructed 121 of 381 machines
Constructed 122 of 381 machines
Constructed 7000 states with 16409 transitions
Constructed 123 of 381 machines
Constructed 124 of 381 machines
Constructed 125 of 381 machines
Constructed 126 of 381 machines
Constructed 127 of 381 machines
Constructed 128 of 381 machines
Constructed 129 of 381 machines
Constructed 130 of 381 machines
Constructed 0 states with 1 transitions
Constructing high-level wrapper
Constructed 131 of 381 machines
Constructed 132 of 381 machines
Constructed 133 of 381 machines
Constructed 8000 states with 17409 transitions
Constructed 134 of 381 machines
Constructed 0 states with 1 transitions
Constructing high-level wrapper
Constructed 0 states with 1 transitions
Constructing high-level wrapper
Constructed 135 of 381 machines
Constructed 136 of 381 machines
Constructed 137 of 381 machines
Constructed 138 of 381 machines
Constructed 139 of 381 machines
Constructed 9000 states with 18409 transitions
Constructed 0 states with 1 transitions
Constructing high-level wrapper
Constructed 0 states with 1 transitions
Constructing high-level wrapper
Constructed 140 of 381 machines
Constructed 141 of 381 machines
Constructed 0 states with 1 transitions
Constructing high-level wrapper
Constructed 0 states with 1 transitions
Constructing high-level wrapper
Constructed 0 states with 1 transitions
Constructing high-level wrapper
Constructed 142 of 381 machines
Constructed 143 of 381 machines
Constructed 0 states with 1 transitions
Constructing high-level wrapper
Constructed 0 states with 1 transitions
Constructing high-level wrapper
Constructed 144 of 381 machines
Constructed 10000 states with 19409 transitions
Constructed 145 of 381 machines
Constructed 146 of 381 machines
Constructed 147 of 381 machines
Constructed 10080 states with 19488 transitions
Constructed 148 of 381 machines
Constructed 0 states with 1 transitions
Constructing high-level wrapper
Constructed 149 of 381 machines
Constructed 150 of 381 machines
Constructed 151 of 381 machines
Constructed 152 of 381 machines
Constructed 153 of 381 machines
Constructed 154 of 381 machines
Constructed 155 of 381 machines
Constructed 156 of 381 machines
Constructed 157 of 381 machines
Constructed 158 of 381 machines
Constructed 159 of 381 machines
Constructed 160 of 381 machines
Constructed 161 of 381 machines
Constructed 162 of 381 machines
Constructed 163 of 381 machines
Constructed 164 of 381 machines
Constructed 165 of 381 machines
Constructed 166 of 381 machines
Constructed 167 of 381 machines
Constructed 168 of 381 machines
Constructed 169 of 381 machines
Constructed 170 of 385 machines
Constructed 171 of 385 machines
Constructed 172 of 385 machines
Reduced 2 states to 2 states
Constructed 173 of 385 machines
Constructed 174 of 385 machines
Reduced 2 states to 2 equivalence classes
Constructed 175 of 385 machines
Constructed 176 of 385 machines
Constructed 177 of 385 machines
Constructed 178 of 385 machines
Constructed 179 of 385 machines
Constructed 180 of 389 machines
Constructed 181 of 389 machines
Constructed 182 of 389 machines
Constructed 183 of 389 machines
Constructed 184 of 389 machines
Constructed 185 of 389 machines
Constructed 186 of 389 machines
Constructed 187 of 389 machines
Constructed 188 of 389 machines
Constructed 189 of 389 machines
Constructed 190 of 389 machines
Constructed 191 of 389 machines
Constructed 192 of 389 machines
Constructed 193 of 389 machines
Constructed 194 of 389 machines
Constructed 195 of 389 machines
Constructed 196 of 389 machines
Constructed 197 of 389 machines
Constructed 198 of 389 machines
Constructed 199 of 389 machines
Constructed 200 of 389 machines
Constructed 201 of 389 machines
Constructed 202 of 389 machines
Constructed 0 formats
Constructed 4 formats
Constructed 203 of 389 machines
Constructed 204 of 389 machines
Constructed 205 of 389 machines
Constructed 206 of 389 machines
Constructed 207 of 389 machines
Constructed 0 formats
Constructed 4 formats
Constructed 208 of 389 machines
Constructed 209 of 389 machines
Constructed 210 of 389 machines
Constructed 211 of 389 machines
Constructed 212 of 389 machines
Constructed 213 of 389 machines
Constructed 214 of 389 machines
Constructed 215 of 389 machines
Constructed 216 of 389 machines
Constructed 217 of 389 machines
Constructed 0 formats
Constructed 0 formats
Constructed 4 formats
Constructed 4 formats
Constructed 218 of 389 machines
Constructed 219 of 389 machines
Constructed 220 of 389 machines
Constructed 0 formats
Constructed 4 formats
Constructed 0 formats
Constructed 0 formats
Constructed 4 formats
Constructed 221 of 389 machines
Constructed 4 formats
Constructed 222 of 389 machines
Constructed 223 of 389 machines
Constructed 224 of 389 machines
Constructed 0 formats
Constructed 4 formats
Constructed 0 formats
Constructed 0 formats
Constructed 4 formats
Constructed 4 formats
Constructed 225 of 389 machines
Constructed 0 formats
Constructed 0 formats
Constructed 226 of 389 machines
Constructed 4 formats
Constructed 227 of 389 machines
Constructed 4 formats
Constructed 228 of 407 machines
Constructed 229 of 407 machines
Constructed 230 of 407 machines
Constructed 231 of 407 machines
Constructed 0 formats
Constructed 232 of 407 machines
Constructed 4 formats
Constructed 233 of 407 machines
Constructed 234 of 407 machines
Constructed 235 of 407 machines
Constructed 236 of 407 machines
Constructed 237 of 407 machines
Constructed 238 of 407 machines
Constructed 239 of 407 machines
Constructed 240 of 407 machines
Constructed 241 of 407 machines
Constructed 242 of 407 machines
Constructed 243 of 407 machines
Constructed 244 of 407 machines
Constructed 245 of 407 machines
Constructed 246 of 407 machines
Constructed 247 of 407 machines
Constructed 248 of 407 machines
Constructed 249 of 407 machines
Constructed 250 of 407 machines
Constructed 251 of 407 machines
Constructed 252 of 407 machines
Constructed 253 of 407 machines
Constructed 254 of 407 machines
Constructed 255 of 407 machines
Constructed 256 of 407 machines
Constructed 257 of 409 machines
Constructed 258 of 425 machines
Constructed 259 of 470 machines
Constructed 260 of 470 machines
Constructed 261 of 479 machines
Constructed 262 of 479 machines
Constructed 263 of 479 machines
Constructed 264 of 479 machines
Constructed 265 of 479 machines
Constructed 266 of 479 machines
Constructed 267 of 479 machines
Constructed 268 of 479 machines
Constructed 269 of 479 machines
Constructed 270 of 479 machines
Constructed 271 of 479 machines
Constructed 272 of 479 machines
Constructed 273 of 479 machines
Constructed 274 of 479 machines
Constructed 275 of 479 machines
Constructed 276 of 479 machines
Constructed 277 of 479 machines
Constructed 278 of 479 machines
Constructed 279 of 479 machines
Constructed 280 of 479 machines
Constructed 281 of 479 machines
Constructed 282 of 479 machines
Constructed 283 of 479 machines
Constructed 284 of 479 machines
Constructed 285 of 479 machines
Constructed 286 of 479 machines
Constructed 287 of 479 machines
Constructed 288 of 488 machines
Constructed 289 of 488 machines
Constructed 290 of 488 machines
Constructed 291 of 488 machines
Constructed 292 of 488 machines
Constructed 293 of 488 machines
Constructed 294 of 488 machines
Constructed 295 of 488 machines
Constructed 296 of 488 machines
Constructed 297 of 488 machines
Constructed 298 of 488 machines
Constructed 299 of 488 machines
Constructed 300 of 488 machines
Constructed 301 of 488 machines
Constructed 302 of 488 machines
Constructed 303 of 488 machines
Constructed 304 of 488 machines
Constructed 305 of 488 machines
Constructed 306 of 488 machines
Constructed 307 of 488 machines
Constructed 308 of 488 machines
Constructed 309 of 488 machines
Constructed 310 of 488 machines
Constructed 311 of 488 machines
Constructed 312 of 488 machines
Constructed 313 of 488 machines
Constructed 314 of 488 machines
Constructed 315 of 488 machines
Constructed 316 of 488 machines
Enumerated to 50 states and 1297 transitions
Constructed 317 of 488 machines
Constructed 318 of 488 machines
Constructed 319 of 488 machines
Constructed 320 of 488 machines
Constructed 321 of 488 machines
Constructed 322 of 488 machines
Constructed 323 of 488 machines
Constructed 324 of 488 machines
Constructed 325 of 488 machines
Constructed 326 of 488 machines
Constructed 327 of 488 machines
Constructed 328 of 488 machines
Constructed 329 of 488 machines
Constructed 330 of 488 machines
Constructed 331 of 488 machines
Constructed 332 of 488 machines
Constructed 333 of 488 machines
Constructed 334 of 488 machines
Constructed 335 of 497 machines
Constructed 336 of 497 machines
Constructed 337 of 497 machines
Constructed 338 of 497 machines
Constructed 339 of 497 machines
Constructed 340 of 497 machines
Constructed 341 of 497 machines
Constructed 342 of 497 machines
Constructed 343 of 506 machines
Constructed 344 of 506 machines
Constructed 345 of 506 machines
Constructed 346 of 506 machines
Constructed 347 of 506 machines
Constructed 348 of 506 machines
Constructed 349 of 506 machines
Constructed 350 of 506 machines
Constructed 351 of 506 machines
Constructed 352 of 506 machines
Constructed 353 of 506 machines
Constructed 354 of 506 machines
Constructed 355 of 506 machines
Constructed 356 of 506 machines
Constructed 357 of 506 machines
Constructed 358 of 506 machines
Constructed 359 of 506 machines
Constructed 360 of 506 machines
Constructed 361 of 506 machines
Constructed 362 of 506 machines
Enumerated to 338 states and 21169 transitions
Enumerated to 20 states and 30 transitions
Enumerated to 22 states and 34 transitions
Enumerated to 22 states and 34 transitions
Reduced 6 states to 6 states
Constructed 4 equivalence classes
Enumerated to 23 states and 76 transitions
Constructed 4 equivalence classes
Reduced 6 states to 4 equivalence classes
Constructed 363 of 506 machines
Reduced 6 states to 6 states
Constructed 4 equivalence classes
Constructed 4 equivalence classes
Reduced 6 states to 4 equivalence classes
Constructed 364 of 506 machines
Reduced 576 states to 576 states
Constructed 12 equivalence classes
Constructed 12 equivalence classes
Reduced 576 states to 12 equivalence classes
Constructed 365 of 506 machines
Constructed 1000 states
Constructed 2000 states
Constructed 3000 states
Constructed 4000 states
Reduced 50 states to 50 states
Constructed 5000 states
Reduced 50 states to 50 equivalence classes
Constructed 6000 states
Constructed 366 of 506 machines
Constructed 7000 states
Constructed 8000 states
Constructed 9000 states
Reduced 338 states to 338 states
Constructed 10000 states
Reduced 10080 states to 10080 states
Reduced 20 states to 20 states
Constructed 7 equivalence classes
Constructed 7 equivalence classes
Reduced 20 states to 7 equivalence classes
Constructed 367 of 506 machines
Constructed 368 of 506 machines
Constructed 369 of 506 machines
Constructed 370 of 506 machines
Constructed 371 of 506 machines
Constructed 372 of 506 machines
Reduced 338 states to 338 equivalence classes
Constructed 373 of 506 machines
Constructed 30 equivalence classes
Constructed 30 equivalence classes
Reduced 10080 states to 30 equivalence classes
Constructed 374 of 506 machines
Enumerated to 26 states and 44 transitions
Enumerated to 22 states and 34 transitions
Enumerated to 26 states and 44 transitions
Enumerated to 26 states and 44 transitions
Reduced 22 states to 22 states
Enumerated to 20 states and 30 transitions
Constructed 8 equivalence classes
Constructed 8 equivalence classes
Reduced 22 states to 8 equivalence classes
Constructed 375 of 506 machines
Constructed 376 of 506 machines
Constructed 377 of 506 machines
Reduced 22 states to 22 states
Constructed 8 equivalence classes
Constructed 8 equivalence classes
Reduced 22 states to 8 equivalence classes
Constructed 378 of 506 machines
Constructed 379 of 506 machines
Constructed 380 of 506 machines
Constructed 381 of 506 machines
Constructed 382 of 506 machines
Enumerated to 23 states and 35 transitions
Enumerated to 22 states and 34 transitions
Enumerated to 22 states and 34 transitions
Reduced 23 states to 23 states
Enumerated to 23 states and 76 transitions
Constructed 9 equivalence classes
Constructed 9 equivalence classes
Reduced 23 states to 9 equivalence classes
Constructed 383 of 506 machines
Constructed 384 of 506 machines
Reduced 26 states to 26 states
Constructed 12 equivalence classes
Constructed 12 equivalence classes
Reduced 26 states to 12 equivalence classes
Constructed 385 of 506 machines
Reduced 22 states to 22 states
Constructed 8 equivalence classes
Constructed 8 equivalence classes
Reduced 22 states to 8 equivalence classes
Constructed 386 of 506 machines
Reduced 26 states to 26 states
Constructed 12 equivalence classes
Constructed 12 equivalence classes
Reduced 26 states to 12 equivalence classes
Constructed 387 of 506 machines
Reduced 26 states to 26 states
Constructed 12 equivalence classes
Constructed 12 equivalence classes
Reduced 26 states to 12 equivalence classes
Constructed 388 of 506 machines
Reduced 20 states to 20 states
Constructed 7 equivalence classes
Constructed 7 equivalence classes
Reduced 20 states to 7 equivalence classes
Constructed 389 of 506 machines
Reduced 23 states to 23 states
Constructed 9 equivalence classes
Constructed 9 equivalence classes
Reduced 23 states to 9 equivalence classes
Constructed 390 of 506 machines
Reduced 22 states to 22 states
Constructed 8 equivalence classes
Constructed 8 equivalence classes
Reduced 22 states to 8 equivalence classes
Constructed 391 of 506 machines
Constructed 392 of 506 machines
Reduced 22 states to 22 states
Constructed 8 equivalence classes
Constructed 8 equivalence classes
Reduced 22 states to 8 equivalence classes
Constructed 393 of 506 machines
Constructed 394 of 506 machines
Constructed 395 of 506 machines
Constructed 396 of 506 machines
Constructed 397 of 506 machines
Reduced 23 states to 23 states
Constructed 9 equivalence classes
Constructed 9 equivalence classes
Reduced 23 states to 9 equivalence classes
Constructed 398 of 506 machines
Constructed 399 of 506 machines
Constructed 400 of 506 machines
Constructed 401 of 506 machines
Constructed 402 of 506 machines
Constructed 403 of 506 machines
Constructed 404 of 506 machines
Constructed 405 of 506 machines
Constructed 406 of 506 machines
Constructed 407 of 506 machines
Constructed 408 of 506 machines
Constructed 409 of 506 machines
Constructed 410 of 506 machines
Constructed 411 of 506 machines
Constructed 412 of 506 machines
Constructed 413 of 506 machines
Constructed 414 of 506 machines
Constructed 415 of 506 machines
Constructed 416 of 506 machines
Constructed 417 of 506 machines
Constructed 418 of 506 machines
Constructed 419 of 506 machines
Constructed 420 of 506 machines
Constructed 421 of 506 machines
Constructed 422 of 506 machines
Constructed 423 of 506 machines
Constructed 424 of 506 machines
Constructed 425 of 506 machines
Constructed 426 of 506 machines
Constructed 427 of 506 machines
Constructed 428 of 506 machines
Constructed 429 of 514 machines
Constructed 430 of 514 machines
Constructed 431 of 514 machines
Constructed 432 of 514 machines
Constructed 433 of 514 machines
Constructed 434 of 514 machines
Constructed 435 of 514 machines
Constructed 436 of 514 machines
Constructed 437 of 514 machines
Constructed 438 of 514 machines
Constructed 439 of 514 machines
Constructed 440 of 514 machines
Constructed 441 of 514 machines
Enumerated to 119 states and 527 transitions
Constructed 442 of 514 machines
Constructed 443 of 514 machines
Constructed 444 of 520 machines
Constructed 445 of 520 machines
Constructed 446 of 520 machines
Constructed 447 of 524 machines
Constructed 448 of 524 machines
Reduced 119 states to 119 states
Constructed 449 of 524 machines
Constructed 450 of 525 machines
Constructed 451 of 525 machines
Constructed 452 of 525 machines
Constructed 453 of 525 machines
Constructed 56 equivalence classes
Constructed 68 equivalence classes
Constructed 74 equivalence classes
Constructed 75 equivalence classes
Constructed 75 equivalence classes
Reduced 119 states to 75 equivalence classes
Constructed 454 of 525 machines
Constructed 455 of 525 machines
Constructed 456 of 525 machines
Constructed 457 of 525 machines
Constructed 458 of 526 machines
Constructed 459 of 526 machines
Enumerated to 192 states and 490 transitions
Enumerated to 75 states and 339 transitions
Reduced 192 states to 192 states
Constructed 81 equivalence classes
Constructed 105 equivalence classes
Constructed 114 equivalence classes
Constructed 119 equivalence classes
Constructed 121 equivalence classes
Constructed 122 equivalence classes
Constructed 123 equivalence classes
Constructed 123 equivalence classes
Reduced 192 states to 123 equivalence classes
Constructed 460 of 526 machines
Constructed 461 of 526 machines
Constructed 462 of 527 machines
Constructed 463 of 527 machines
Enumerated to 123 states and 355 transitions
Reduced 75 states to 75 states
Constructed 43 equivalence classes
Constructed 52 equivalence classes
Constructed 56 equivalence classes
Constructed 57 equivalence classes
Constructed 57 equivalence classes
Reduced 75 states to 57 equivalence classes
Constructed 464 of 527 machines
Constructed 465 of 527 machines
Constructed 466 of 529 machines
Constructed 467 of 529 machines
Constructed 468 of 529 machines
Enumerated to 57 states and 298 transitions
Reduced 123 states to 123 states
Constructed 42 equivalence classes
Constructed 51 equivalence classes
Constructed 56 equivalence classes
Constructed 57 equivalence classes
Reduced 57 states to 57 equivalence classes
Constructed 469 of 529 machines
Constructed 56 equivalence classes
Constructed 67 equivalence classes
Constructed 73 equivalence classes
Constructed 79 equivalence classes
Constructed 85 equivalence classes
Constructed 470 of 529 machines
Constructed 90 equivalence classes
Constructed 91 equivalence classes
Constructed 95 equivalence classes
Constructed 96 equivalence classes
Constructed 97 equivalence classes
Constructed 98 equivalence classes
Constructed 98 equivalence classes
Reduced 123 states to 98 equivalence classes
Constructed 471 of 530 machines
Constructed 472 of 530 machines
Constructed 473 of 530 machines
Constructed 474 of 530 machines
Constructed 475 of 532 machines
Constructed 476 of 532 machines
Constructed 477 of 532 machines
Enumerated to 57 states and 298 transitions
Enumerated to 98 states and 297 transitions
Constructed 57 equivalence classes
Constructed 67 equivalence classes
Constructed 73 equivalence classes
Constructed 79 equivalence classes
Constructed 85 equivalence classes
Constructed 90 equivalence classes
Constructed 91 equivalence classes
Constructed 95 equivalence classes
Constructed 96 equivalence classes
Constructed 97 equivalence classes
Constructed 98 equivalence classes
Reduced 98 states to 98 equivalence classes
Constructed 478 of 532 machines
Constructed 479 of 532 machines
Constructed 480 of 533 machines
Constructed 481 of 533 machines
Enumerated to 98 states and 297 transitions
Reduced 57 states to 57 states
Constructed 43 equivalence classes
Constructed 52 equivalence classes
Constructed 56 equivalence classes
Constructed 57 equivalence classes
Reduced 57 states to 57 equivalence classes
Constructed 482 of 533 machines
Constructed 483 of 533 machines
Constructed 484 of 533 machines
Constructed 485 of 533 machines
Constructed 486 of 533 machines
Reduced 98 states to 98 states
Constructed 487 of 533 machines
Constructed 56 equivalence classes
Constructed 67 equivalence classes
Constructed 73 equivalence classes
Constructed 488 of 533 machines
Constructed 79 equivalence classes
Constructed 85 equivalence classes
Constructed 90 equivalence classes
Constructed 91 equivalence classes
Constructed 95 equivalence classes
Constructed 96 equivalence classes
Constructed 97 equivalence classes
Constructed 98 equivalence classes
Reduced 98 states to 98 equivalence classes
Constructed 489 of 533 machines
Constructed 490 of 537 machines
Constructed 491 of 537 machines
Constructed 492 of 537 machines
Constructed 493 of 537 machines
Constructed 494 of 537 machines
Constructed 495 of 537 machines
Constructed 496 of 537 machines
Constructed 497 of 537 machines
Constructed 498 of 537 machines
Constructed 499 of 537 machines
Constructed 500 of 537 machines
Constructed 501 of 537 machines
Constructed 502 of 537 machines
Constructed 503 of 541 machines
Constructed 504 of 541 machines
Constructed 505 of 541 machines
Constructed 506 of 541 machines
Constructed 507 of 541 machines
Enumerated to 3840 states and 33936 transitions
Constructed 1000 states
Diamond elimination complete: 1584 states
Constructed 508 of 541 machines
Constructed 23 equivalence classes
Constructed 33 equivalence classes
Constructed 36 equivalence classes
Constructed 40 equivalence classes
Constructed 44 equivalence classes
Constructed 45 equivalence classes
Constructed 45 equivalence classes
Reduced 1584 states to 45 equivalence classes
Constructed 509 of 541 machines
Constructed 510 of 541 machines
Constructed 511 of 541 machines
Constructed 512 of 541 machines
Constructed 513 of 541 machines
Constructed 514 of 541 machines
Constructed 515 of 544 machines
Constructed 516 of 544 machines
Constructed 517 of 544 machines
Constructed 518 of 544 machines
Enumerated to 540 states and 1945 transitions
Diamond elimination complete: 537 states
Constructed 519 of 544 machines
Constructed 43 equivalence classes
Constructed 79 equivalence classes
Constructed 115 equivalence classes
Constructed 202 equivalence classes
Constructed 275 equivalence classes
Constructed 332 equivalence classes
Constructed 347 equivalence classes
Constructed 356 equivalence classes
Constructed 371 equivalence classes
Constructed 377 equivalence classes
Constructed 380 equivalence classes
Constructed 380 equivalence classes
Reduced 537 states to 380 equivalence classes
Constructed 520 of 544 machines
Constructed 521 of 544 machines
Constructed 522 of 544 machines
Constructed 10750 states and 226871 transitions
Enumerated to 18480 states and 477120 transitions
Constructed 1000 states
Constructed 2000 states
Constructed 3000 states
Constructed 4000 states
Constructed 5000 states
Constructed 6000 states
Constructed 7000 states
Constructed 8000 states
Constructed 9000 states
Constructed 10000 states
Constructed 11000 states
Diamond elimination complete: 11088 states
Constructed 523 of 544 machines
Constructed 32 equivalence classes
Constructed 36 equivalence classes
Constructed 36 equivalence classes
Reduced 11088 states to 36 equivalence classes
Constructed 524 of 544 machines
Constructed 525 of 544 machines
Constructed 526 of 544 machines
Constructed 527 of 544 machines
Constructed 528 of 544 machines
Constructed 529 of 544 machines
Constructed 530 of 547 machines
Constructed 531 of 547 machines
Constructed 532 of 547 machines
Constructed 533 of 547 machines
Enumerated to 1080 states and 3902 transitions
Constructed 1000 states
Diamond elimination complete: 1071 states
Constructed 534 of 547 machines
Constructed 39 equivalence classes
Constructed 54 equivalence classes
Constructed 82 equivalence classes
Constructed 83 equivalence classes
Constructed 92 equivalence classes
Constructed 93 equivalence classes
Constructed 94 equivalence classes
Constructed 94 equivalence classes
Reduced 1071 states to 94 equivalence classes
Constructed 535 of 547 machines
Constructed 536 of 547 machines
Constructed 537 of 547 machines
Constructed 538 of 547 machines
Constructed 539 of 547 machines
Constructed 540 of 547 machines
Constructed 541 of 547 machines
Constructed 542 of 547 machines
Constructed 543 of 547 machines
Constructed 544 of 547 machines
Constructed 545 of 552 machines
Constructed 546 of 552 machines
Constructed 547 of 552 machines
Constructed 548 of 552 machines
Constructed 549 of 552 machines
Constructed 550 of 552 machines
Enumerated to 48 states and 115 transitions
Diamond elimination complete: 48 states
Constructed 551 of 552 machines
Constructed 47 equivalence classes
Constructed 48 equivalence classes
Reduced 48 states to 48 equivalence classes
Constructed 552 of 552 machines
Parallel BTree Explorer using 10 workers, 28 to 28 bytes per state
Next level storage overhead is 4.02934 bytes per state (402.934 MB per 100 million states)
Using BTree blocks of size 8 KiB and next-level blocks of size 8 KiB
On ply 1
On ply 2 - visited 1 state pairs and 24 transitions in 0 seconds at inf state pairs and inf transitions per second using 503MB total storage.
On ply 3 - visited 23 state pairs and 88 transitions in 0 seconds at inf state pairs and inf transitions per second using 503MB total storage.
On ply 4 - visited 45 state pairs and 111 transitions in 0.001 seconds at 45000 state pairs and 111000 transitions per second using 503MB total storage.
On ply 5 - visited 47 state pairs and 114 transitions in 0.001 seconds at 47000 state pairs and 114000 transitions per second using 503MB total storage.
On ply 6 - visited 48 state pairs and 138 transitions in 0.001 seconds at 48000 state pairs and 138000 transitions per second using 503MB total storage.
Finished
Reconstructing counterexamples
Found 3 processes including 1 names
Visited 2 processes and discovered 0 recursive names
Constructed 1 of 2 machines
Visited 1 processes generating 3 machines
Constructed 0 states with 1 transitions
Constructed 1 states with 1 transitions
Constructed 2 of 5 machines
Reduced 1 states to 1 equivalence classes
Constructed 3 of 5 machines
Constructed 4 of 5 machines
Constructed 5 of 7 machines
Constructed 6 of 7 machines
Constructed 7 of 7 machines
Parallel BTree Explorer using 10 workers, 28 to 28 bytes per state
Next level storage overhead is 4.02934 bytes per state (402.934 MB per 100 million states)
Using BTree blocks of size 8 KiB and next-level blocks of size 8 KiB
On ply 1
On ply 2 - visited 1 state pairs and 24 transitions in 0 seconds at inf state pairs and inf transitions per second using 503MB total storage.
On ply 3 - visited 23 state pairs and 88 transitions in 0 seconds at inf state pairs and inf transitions per second using 503MB total storage.
On ply 4 - visited 45 state pairs and 111 transitions in 0.001 seconds at 45000 state pairs and 111000 transitions per second using 503MB total storage.
On ply 5 - visited 47 state pairs and 114 transitions in 0.001 seconds at 47000 state pairs and 114000 transitions per second using 503MB total storage.
On ply 6 - visited 48 state pairs and 138 transitions in 0.001 seconds at 48000 state pairs and 138000 transitions per second using 503MB total storage.
Finished
Reconstructing counterexamples
Found 1 processes including 1 names
Visited 0 processes and discovered 0 recursive names
Visited 0 processes generating 0 machines
Constructed 1 of 1 machines
Parallel BTree Explorer using 10 workers, 28 to 28 bytes per state
Next level storage overhead is 4.02934 bytes per state (402.934 MB per 100 million states)
Using BTree blocks of size 8 KiB and next-level blocks of size 8 KiB
On ply 1
On ply 2 - visited 1 state pairs and 24 transitions in 0 seconds at inf state pairs and inf transitions per second using 503MB total storage.
On ply 3 - visited 23 state pairs and 88 transitions in 0 seconds at inf state pairs and inf transitions per second using 503MB total storage.
On ply 4 - visited 45 state pairs and 111 transitions in 0 seconds at inf state pairs and inf transitions per second using 503MB total storage.
On ply 5 - visited 47 state pairs and 114 transitions in 0.001 seconds at 47000 state pairs and 114000 transitions per second using 503MB total storage.
On ply 6 - visited 48 state pairs and 138 transitions in 0.001 seconds at 48000 state pairs and 138000 transitions per second using 503MB total storage.
Finished
Reconstructing counterexamples
Found 1 processes including 1 names
Visited 0 processes and discovered 0 recursive names
Visited 0 processes generating 0 machines
Constructed 1 of 1 machines
Parallel BTree Explorer using 10 workers, 28 to 28 bytes per state
Next level storage overhead is 4.02934 bytes per state (402.934 MB per 100 million states)
Using BTree blocks of size 8 KiB and next-level blocks of size 8 KiB
On ply 1
On ply 2 - visited 1 state pairs and 52 transitions in 0 seconds at inf state pairs and inf transitions per second using 503MB total storage.
On ply 3 - visited 23 state pairs and 733 transitions in 0 seconds at inf state pairs and inf transitions per second using 503MB total storage.
On ply 4 - visited 45 state pairs and 1393 transitions in 0.001 seconds at 45000 state pairs and 1.393e+06 transitions per second using 503MB total storage.
On ply 5 - visited 47 state pairs and 1455 transitions in 0.001 seconds at 47000 state pairs and 1.455e+06 transitions per second using 503MB total storage.
On ply 6 - visited 48 state pairs and 1516 transitions in 0.002 seconds at 24000 state pairs and 758000 transitions per second using 503MB total storage.
On ply 7 - visited 57 state pairs and 1823 transitions in 0.002 seconds at 28500 state pairs and 911500 transitions per second using 503MB total storage.
On ply 8 - visited 67 state pairs and 2130 transitions in 0.002 seconds at 33500 state pairs and 1.065e+06 transitions per second using 503MB total storage.
On ply 9 - visited 71 state pairs and 2340 transitions in 0.003 seconds at 23666.7 state pairs and 780000 transitions per second using 503MB total storage.
On ply 10 - visited 88 state pairs and 3120 transitions in 0.003 seconds at 29333.3 state pairs and 1.04e+06 transitions per second using 503MB total storage.
On ply 11 - visited 94 state pairs and 3300 transitions in 0.004 seconds at 23500 state pairs and 825000 transitions per second using 503MB total storage.
Finished
Reconstructing counterexamples
Found 1 processes including 0 names
Visited 1 processes and discovered 0 recursive names
Constructed 1 of 1 machines
Constructed 2 of 2 machines
Visited 1 processes generating 3 machines
Reduced 1 states to 1 equivalence classes
Constructed 3 of 5 machines
Constructed 4 of 5 machines
Constructed 5 of 7 machines
Constructed 6 of 7 machines
Constructed 7 of 7 machines
Parallel BTree Explorer using 10 workers, 28 to 28 bytes per state
Next level storage overhead is 4.02934 bytes per state (402.934 MB per 100 million states)
Using BTree blocks of size 8 KiB and next-level blocks of size 8 KiB
On ply 1
On ply 2 - visited 1 state pairs and 52 transitions in 0 seconds at inf state pairs and inf transitions per second using 503MB total storage.
On ply 3 - visited 23 state pairs and 733 transitions in 0 seconds at inf state pairs and inf transitions per second using 503MB total storage.
On ply 4 - visited 45 state pairs and 1393 transitions in 0.001 seconds at 45000 state pairs and 1.393e+06 transitions per second using 503MB total storage.
On ply 5 - visited 47 state pairs and 1455 transitions in 0.007 seconds at 6714.29 state pairs and 207857 transitions per second using 503MB total storage.
On ply 6 - visited 48 state pairs and 1516 transitions in 0.007 seconds at 6857.14 state pairs and 216571 transitions per second using 503MB total storage.
On ply 7 - visited 57 state pairs and 1823 transitions in 0.008 seconds at 7125 state pairs and 227875 transitions per second using 503MB total storage.
On ply 8 - visited 67 state pairs and 2130 transitions in 0.008 seconds at 8375 state pairs and 266250 transitions per second using 503MB total storage.
On ply 9 - visited 71 state pairs and 2340 transitions in 0.009 seconds at 7888.89 state pairs and 260000 transitions per second using 503MB total storage.
On ply 10 - visited 88 state pairs and 3120 transitions in 0.009 seconds at 9777.78 state pairs and 346667 transitions per second using 503MB total storage.
On ply 11 - visited 94 state pairs and 3300 transitions in 0.009 seconds at 10444.4 state pairs and 366667 transitions per second using 503MB total storage.
Finished
Reconstructing counterexamples
Found 1 processes including 1 names
Visited 0 processes and discovered 0 recursive names
Visited 0 processes generating 0 machines
Constructed 1 of 1 machines
Parallel BTree Explorer using 10 workers, 28 to 28 bytes per state
Next level storage overhead is 4.02934 bytes per state (402.934 MB per 100 million states)
Using BTree blocks of size 8 KiB and next-level blocks of size 8 KiB
On ply 1
On ply 2 - visited 1 state pairs and 52 transitions in 0 seconds at inf state pairs and inf transitions per second using 503MB total storage.
On ply 3 - visited 23 state pairs and 733 transitions in 0 seconds at inf state pairs and inf transitions per second using 503MB total storage.
On ply 4 - visited 45 state pairs and 1393 transitions in 0.001 seconds at 45000 state pairs and 1.393e+06 transitions per second using 503MB total storage.
On ply 5 - visited 47 state pairs and 1455 transitions in 0.001 seconds at 47000 state pairs and 1.455e+06 transitions per second using 503MB total storage.
On ply 6 - visited 48 state pairs and 1516 transitions in 0.001 seconds at 48000 state pairs and 1.516e+06 transitions per second using 503MB total storage.
On ply 7 - visited 57 state pairs and 1823 transitions in 0.002 seconds at 28500 state pairs and 911500 transitions per second using 503MB total storage.
On ply 8 - visited 67 state pairs and 2130 transitions in 0.003 seconds at 22333.3 state pairs and 710000 transitions per second using 503MB total storage.
On ply 9 - visited 71 state pairs and 2340 transitions in 0.004 seconds at 17750 state pairs and 585000 transitions per second using 503MB total storage.
On ply 10 - visited 88 state pairs and 3120 transitions in 0.004 seconds at 22000 state pairs and 780000 transitions per second using 503MB total storage.
On ply 11 - visited 94 state pairs and 3300 transitions in 0.005 seconds at 18800 state pairs and 660000 transitions per second using 503MB total storage.
Finished
Reconstructing counterexamples
Found 1 processes including 1 names
Visited 0 processes and discovered 0 recursive names
Visited 0 processes generating 0 machines
Constructed 1 of 1 machines
Parallel BTree Explorer using 10 workers, 28 to 28 bytes per state
Next level storage overhead is 4.02934 bytes per state (402.934 MB per 100 million states)
Using BTree blocks of size 8 KiB and next-level blocks of size 8 KiB
On ply 1
On ply 2 - visited 1 state pairs and 13 transitions in 0 seconds at inf state pairs and inf transitions per second using 503MB total storage.
On ply 3 - visited 10 state pairs and 126 transitions in 0 seconds at inf state pairs and inf transitions per second using 503MB total storage.
On ply 4 - visited 23 state pairs and 322 transitions in 0.001 seconds at 23000 state pairs and 322000 transitions per second using 503MB total storage.
On ply 5 - visited 61 state pairs and 791 transitions in 0.001 seconds at 61000 state pairs and 791000 transitions per second using 503MB total storage.
On ply 6 - visited 96 state pairs and 1220 transitions in 0.002 seconds at 48000 state pairs and 610000 transitions per second using 503MB total storage.
On ply 7 - visited 107 state pairs and 1416 transitions in 0.002 seconds at 53500 state pairs and 708000 transitions per second using 503MB total storage.
On ply 8 - visited 134 state pairs and 1746 transitions in 0.003 seconds at 44666.7 state pairs and 582000 transitions per second using 503MB total storage.
On ply 9 - visited 161 state pairs and 2070 transitions in 0.003 seconds at 53666.7 state pairs and 690000 transitions per second using 503MB total storage.
On ply 10 - visited 186 state pairs and 2447 transitions in 0.003 seconds at 62000 state pairs and 815667 transitions per second using 503MB total storage.
On ply 11 - visited 222 state pairs and 2919 transitions in 0.004 seconds at 55500 state pairs and 729750 transitions per second using 503MB total storage.
On ply 12 - visited 258 state pairs and 3363 transitions in 0.004 seconds at 64500 state pairs and 840750 transitions per second using 503MB total storage.
On ply 13 - visited 291 state pairs and 3779 transitions in 0.005 seconds at 58200 state pairs and 755800 transitions per second using 503MB total storage.
On ply 14 - visited 302 state pairs and 3975 transitions in 0.005 seconds at 60400 state pairs and 795000 transitions per second using 503MB total storage.
On ply 15 - visited 329 state pairs and 4305 transitions in 0.005 seconds at 65800 state pairs and 861000 transitions per second using 503MB total storage.
On ply 16 - visited 356 state pairs and 4638 transitions in 0.006 seconds at 59333.3 state pairs and 773000 transitions per second using 503MB total storage.
On ply 17 - visited 380 state pairs and 4998 transitions in 0.006 seconds at 63333.3 state pairs and 833000 transitions per second using 503MB total storage.
Finished
Reconstructing counterexamples
Found 1 processes including 0 names
Visited 1 processes and discovered 0 recursive names
Constructed 1 of 2 machines
Visited 1 processes generating 3 machines
Constructed 2 of 3 machines
Reduced 1 states to 1 equivalence classes
Constructed 3 of 5 machines
Constructed 4 of 5 machines
Constructed 5 of 7 machines
Constructed 6 of 7 machines
Constructed 7 of 7 machines
Parallel BTree Explorer using 10 workers, 28 to 28 bytes per state
Next level storage overhead is 4.02934 bytes per state (402.934 MB per 100 million states)
Using BTree blocks of size 8 KiB and next-level blocks of size 8 KiB
On ply 1
On ply 2 - visited 1 state pairs and 13 transitions in 0 seconds at inf state pairs and inf transitions per second using 503MB total storage.
On ply 3 - visited 10 state pairs and 126 transitions in 0 seconds at inf state pairs and inf transitions per second using 503MB total storage.
On ply 4 - visited 23 state pairs and 322 transitions in 0 seconds at inf state pairs and inf transitions per second using 503MB total storage.
On ply 5 - visited 61 state pairs and 791 transitions in 0.001 seconds at 61000 state pairs and 791000 transitions per second using 503MB total storage.
On ply 6 - visited 96 state pairs and 1220 transitions in 0.001 seconds at 96000 state pairs and 1.22e+06 transitions per second using 503MB total storage.
On ply 7 - visited 107 state pairs and 1416 transitions in 0.002 seconds at 53500 state pairs and 708000 transitions per second using 503MB total storage.
On ply 8 - visited 134 state pairs and 1746 transitions in 0.002 seconds at 67000 state pairs and 873000 transitions per second using 503MB total storage.
On ply 9 - visited 161 state pairs and 2070 transitions in 0.003 seconds at 53666.7 state pairs and 690000 transitions per second using 503MB total storage.
On ply 10 - visited 186 state pairs and 2447 transitions in 0.003 seconds at 62000 state pairs and 815667 transitions per second using 503MB total storage.
On ply 11 - visited 222 state pairs and 2919 transitions in 0.004 seconds at 55500 state pairs and 729750 transitions per second using 503MB total storage.
On ply 12 - visited 258 state pairs and 3363 transitions in 0.004 seconds at 64500 state pairs and 840750 transitions per second using 503MB total storage.
On ply 13 - visited 291 state pairs and 3779 transitions in 0.004 seconds at 72750 state pairs and 944750 transitions per second using 503MB total storage.
On ply 14 - visited 302 state pairs and 3975 transitions in 0.005 seconds at 60400 state pairs and 795000 transitions per second using 503MB total storage.
On ply 15 - visited 329 state pairs and 4305 transitions in 0.005 seconds at 65800 state pairs and 861000 transitions per second using 503MB total storage.
On ply 16 - visited 356 state pairs and 4638 transitions in 0.006 seconds at 59333.3 state pairs and 773000 transitions per second using 503MB total storage.
On ply 17 - visited 380 state pairs and 4998 transitions in 0.006 seconds at 63333.3 state pairs and 833000 transitions per second using 503MB total storage.
Finished
Reconstructing counterexamples
Found 1 processes including 1 names
Visited 0 processes and discovered 0 recursive names
Visited 0 processes generating 0 machines
Constructed 1 of 1 machines
Parallel BTree Explorer using 10 workers, 28 to 28 bytes per state
Next level storage overhead is 4.02934 bytes per state (402.934 MB per 100 million states)
Using BTree blocks of size 8 KiB and next-level blocks of size 8 KiB
On ply 1
On ply 2 - visited 1 state pairs and 13 transitions in 0 seconds at inf state pairs and inf transitions per second using 503MB total storage.
On ply 3 - visited 10 state pairs and 126 transitions in 0 seconds at inf state pairs and inf transitions per second using 503MB total storage.
On ply 4 - visited 23 state pairs and 322 transitions in 0.001 seconds at 23000 state pairs and 322000 transitions per second using 503MB total storage.
On ply 5 - visited 61 state pairs and 791 transitions in 0.006 seconds at 10166.7 state pairs and 131833 transitions per second using 503MB total storage.
On ply 6 - visited 96 state pairs and 1220 transitions in 0.006 seconds at 16000 state pairs and 203333 transitions per second using 503MB total storage.
On ply 7 - visited 107 state pairs and 1416 transitions in 0.007 seconds at 15285.7 state pairs and 202286 transitions per second using 503MB total storage.
On ply 8 - visited 134 state pairs and 1746 transitions in 0.007 seconds at 19142.9 state pairs and 249429 transitions per second using 503MB total storage.
On ply 9 - visited 161 state pairs and 2070 transitions in 0.007 seconds at 23000 state pairs and 295714 transitions per second using 503MB total storage.
On ply 10 - visited 186 state pairs and 2447 transitions in 0.008 seconds at 23250 state pairs and 305875 transitions per second using 503MB total storage.
On ply 11 - visited 222 state pairs and 2919 transitions in 0.008 seconds at 27750 state pairs and 364875 transitions per second using 503MB total storage.
On ply 12 - visited 258 state pairs and 3363 transitions in 0.008 seconds at 32250 state pairs and 420375 transitions per second using 503MB total storage.
On ply 13 - visited 291 state pairs and 3779 transitions in 0.009 seconds at 32333.3 state pairs and 419889 transitions per second using 503MB total storage.
On ply 14 - visited 302 state pairs and 3975 transitions in 0.009 seconds at 33555.6 state pairs and 441667 transitions per second using 503MB total storage.
On ply 15 - visited 329 state pairs and 4305 transitions in 0.01 seconds at 32900 state pairs and 430500 transitions per second using 503MB total storage.
On ply 16 - visited 356 state pairs and 4638 transitions in 0.01 seconds at 35600 state pairs and 463800 transitions per second using 503MB total storage.
On ply 17 - visited 380 state pairs and 4998 transitions in 0.01 seconds at 38000 state pairs and 499800 transitions per second using 503MB total storage.
Finished
Reconstructing counterexamples
