Found 3273 processes including 67 names
Visited 1000 processes and discovered 21 recursive names
Visited 2000 processes and discovered 21 recursive names
Visited 3000 processes and discovered 32 recursive names
Visited 3206 processes and discovered 45 recursive names
Constructed 0 states with 1 transitions
Constructed 3 states with 2 transitions
Constructed 0 states with 2 transitions
Constructed 3 states with 3 transitions
Constructed 1 of 21 machines
Constructed 0 states with 2 transitions
Constructed 0 states with 2 transitions
Constructed 3 states with 3 transitions
Constructed 3 states with 3 transitions
Constructed 2 of 26 machines
Constructed 0 states with 1 transitions
Constructed 2 states with 1 transitions
Constructed 0 states with 1 transitions
Constructed 3 states with 2 transitions
Constructed 3 of 33 machines
Constructed 4 of 35 machines
Constructed 0 states with 3 transitions
Constructed 3 states with 4 transitions
Constructed 5 of 35 machines
Constructed 0 states with 3 transitions
Constructed 3 states with 4 transitions
Constructed 6 of 36 machines
Reduced 3 states to 3 equivalence classes
Reduced 3 states to 3 equivalence classes
Constructed 7 of 36 machines
Reduced 3 states to 3 equivalence classes
Constructed 8 of 39 machines
Reduced 3 states to 3 equivalence classes
Reduced 3 states to 3 equivalence classes
Constructed 9 of 39 machines
Reduced 3 states to 3 equivalence classes
Constructed 0 states with 1 transitions
Constructed 0 states with 1 transitions
Constructed 2 states with 2 transitions
Constructed 3 states with 2 transitions
Reduced 2 states to 2 equivalence classes
Constructed 10 of 39 machines
Constructed 11 of 40 machines
Constructed 0 states with 2 transitions
Constructed 3 states with 3 transitions
Constructed 12 of 40 machines
Reduced 3 states to 3 equivalence classes
Constructed 13 of 40 machines
Constructed 14 of 40 machines
Reduced 2 states to 2 equivalence classes
Constructed 15 of 42 machines
Constructed 16 of 42 machines
Reduced 3 states to 3 equivalence classes
Constructed 17 of 42 machines
Constructed 18 of 43 machines
Constructed 19 of 43 machines
Reduced 3 states to 3 equivalence classes
Constructed 0 states with 3 transitions
Constructed 3 states with 4 transitions
Constructed 20 of 48 machines
Constructed 21 of 48 machines
Constructed 22 of 49 machines
Constructed 23 of 49 machines
Constructed 24 of 49 machines
Constructed 25 of 50 machines
Reduced 3 states to 3 equivalence classes
Constructed 0 states with 1 transitions
Constructed 3 states with 2 transitions
Constructed 26 of 61 machines
Constructed 0 states with 1 transitions
Constructing high-level wrapper
Constructed 27 of 62 machines
Constructed 0 states with 3 transitions
Constructed 28 of 62 machines
Constructed 3 states with 4 transitions
Constructed 0 states with 1 transitions
Constructing high-level wrapper
Reduced 3 states to 3 equivalence classes
Constructed 29 of 63 machines
Constructed 0 states with 1 transitions
Constructed 30 of 63 machines
Constructing high-level wrapper
Reduced 3 states to 3 equivalence classes
Constructed 31 of 63 machines
Constructed 32 of 65 machines
Constructed 33 of 65 machines
Constructed 34 of 75 machines
Constructed 35 of 76 machines
Constructed 0 states with 3 transitions
Constructed 36 of 76 machines
Constructed 6 states with 11 transitions
Constructed 37 of 77 machines
Constructed 0 states with 1 transitions
Constructing high-level wrapper
Constructed 38 of 77 machines
Constructed 39 of 80 machines
Constructed 40 of 80 machines
Constructed 41 of 80 machines
Constructed 42 of 80 machines
Constructed 43 of 80 machines
Constructed 44 of 83 machines
Constructed 45 of 83 machines
Constructed 0 states with 1 transitions
Constructed 46 of 88 machines
Constructed 47 of 88 machines
Constructed 48 of 88 machines
Constructed 0 formats
Constructed 49 of 88 machines
Constructed 4 formats
Constructed 50 of 88 machines
Constructed 56 states with 229 transitions
Constructed 51 of 88 machines
Constructed 52 of 89 machines
Constructed 53 of 89 machines
Constructed 0 formats
Constructed 24 equivalence classes
Constructed 54 of 89 machines
Constructed 34 equivalence classes
Constructed 4 formats
Constructed 0 formats
Constructed 42 equivalence classes
Constructed 51 equivalence classes
Constructed 54 equivalence classes
Constructed 56 equivalence classes
Reduced 56 states to 56 equivalence classes
Constructed 4 formats
Constructed 55 of 92 machines
Constructed 0 formats
Constructed 56 of 94 machines
Constructed 4 formats
Constructed 57 of 94 machines
Constructed 58 of 96 machines
Constructed 59 of 96 machines
Constructed 60 of 103 machines
Constructed 61 of 103 machines
Constructed 62 of 103 machines
Constructed 63 of 103 machines
Constructed 64 of 103 machines
Constructed 65 of 103 machines
Constructed 66 of 103 machines
Constructed 67 of 104 machines
Constructed 68 of 104 machines
Constructed 69 of 104 machines
Constructed 70 of 105 machines
Constructed 71 of 113 machines
Constructed 72 of 115 machines
Constructed 73 of 116 machines
Constructed 74 of 117 machines
Constructed 75 of 117 machines
Constructed 76 of 117 machines
Constructed 77 of 117 machines
Constructed 78 of 117 machines
Constructed 79 of 120 machines
Constructed 80 of 121 machines
Constructed 81 of 121 machines
Constructed 82 of 127 machines
Constructed 0 states with 2 transitions
Constructed 83 of 127 machines
Constructed 3 states with 3 transitions
Constructed 84 of 127 machines
Constructed 85 of 127 machines
Constructed 86 of 132 machines
Constructed 87 of 132 machines
Constructed 88 of 132 machines
Constructed 89 of 134 machines
Constructed 90 of 134 machines
Constructed 91 of 134 machines
Constructed 92 of 134 machines
Constructed 93 of 135 machines
Constructed 94 of 135 machines
Constructed 95 of 135 machines
Constructed 96 of 137 machines
Constructed 0 states with 6 transitions
Constructed 4 states with 13 transitions
Reduced 3 states to 3 equivalence classes
Constructed 97 of 137 machines
Constructed 98 of 137 machines
Constructed 99 of 137 machines
Constructed 100 of 137 machines
Constructed 101 of 137 machines
Constructed 102 of 138 machines
Constructed 103 of 138 machines
Constructed 0 states with 6 transitions
Constructed 4 states with 13 transitions
Constructed 104 of 138 machines
Constructed 105 of 138 machines
Constructed 106 of 138 machines
Reduced 4 states to 4 equivalence classes
Constructed 107 of 138 machines
Constructed 108 of 138 machines
Constructed 109 of 138 machines
Reduced 4 states to 4 equivalence classes
Constructed 0 states with 6 transitions
Constructed 0 states with 6 transitions
Constructed 0 states with 6 transitions
Constructed 110 of 149 machines
Constructed 4 states with 13 transitions
Constructed 0 states with 6 transitions
Constructed 4 states with 13 transitions
Constructed 111 of 155 machines
Constructed 4 states with 13 transitions
Constructed 112 of 158 machines
Constructed 4 states with 13 transitions
Constructed 0 states with 6 transitions
Constructed 113 of 161 machines
Constructed 4 states with 13 transitions
Constructed 0 states with 6 transitions
Constructed 114 of 161 machines
Reduced 4 states to 4 equivalence classes
Constructed 4 states with 13 transitions
Constructed 115 of 161 machines
Constructed 0 states with 6 transitions
Constructed 116 of 161 machines
Constructed 4 states with 13 transitions
Constructed 0 states with 6 transitions
Constructed 117 of 161 machines
Reduced 4 states to 4 equivalence classes
Constructed 118 of 163 machines
Constructed 4 states with 13 transitions
Constructed 119 of 167 machines
Reduced 4 states to 4 equivalence classes
Reduced 4 states to 4 equivalence classes
Constructed 120 of 168 machines
Reduced 4 states to 4 equivalence classes
Constructed 121 of 171 machines
Constructed 122 of 172 machines
Constructed 0 states with 6 transitions
Reduced 4 states to 4 equivalence classes
Constructed 123 of 172 machines
Constructed 4 states with 13 transitions
Constructed 124 of 172 machines
Reduced 4 states to 4 equivalence classes
Constructed 125 of 172 machines
Reduced 4 states to 4 equivalence classes
Constructed 126 of 174 machines
Constructed 127 of 174 machines
Reduced 4 states to 4 equivalence classes
Constructed 128 of 174 machines
Constructed 129 of 175 machines
Constructed 130 of 175 machines
Constructed 131 of 175 machines
Visited 410 processes generating 139 machines
Constructed 132 of 176 machines
Constructed 133 of 176 machines
Constructed 134 of 176 machines
Constructed 135 of 176 machines
Constructed 136 of 176 machines
Constructed 137 of 176 machines
Constructed 138 of 176 machines
Constructed 139 of 187 machines
Constructed 140 of 187 machines
Constructed 141 of 187 machines
Constructed 142 of 187 machines
Constructed 143 of 187 machines
Constructed 144 of 187 machines
Constructed 145 of 187 machines
Constructed 146 of 187 machines
Constructed 147 of 187 machines
Constructed 148 of 187 machines
Constructed 149 of 187 machines
Constructed 150 of 187 machines
Enumerated to 20 states and 30 transitions
Enumerated to 22 states and 34 transitions
Enumerated to 20 states and 30 transitions
Enumerated to 22 states and 34 transitions
Reduced 6 states to 6 states
Constructed 4 equivalence classes
Constructed 4 equivalence classes
Reduced 6 states to 4 equivalence classes
Constructed 151 of 187 machines
Reduced 20 states to 20 states
Constructed 7 equivalence classes
Constructed 7 equivalence classes
Reduced 20 states to 7 equivalence classes
Constructed 152 of 187 machines
Reduced 22 states to 22 states
Constructed 8 equivalence classes
Constructed 8 equivalence classes
Reduced 22 states to 8 equivalence classes
Constructed 153 of 187 machines
Reduced 20 states to 20 states
Constructed 7 equivalence classes
Constructed 7 equivalence classes
Reduced 20 states to 7 equivalence classes
Constructed 154 of 187 machines
Constructed 155 of 187 machines
Reduced 22 states to 22 states
Constructed 8 equivalence classes
Constructed 8 equivalence classes
Reduced 22 states to 8 equivalence classes
Constructed 156 of 187 machines
Constructed 157 of 187 machines
Constructed 158 of 187 machines
Constructed 159 of 187 machines
Constructed 160 of 187 machines
Constructed 161 of 187 machines
Constructed 162 of 187 machines
Constructed 163 of 187 machines
Constructed 164 of 187 machines
Constructed 165 of 187 machines
Constructed 166 of 187 machines
Constructed 167 of 187 machines
Constructed 168 of 187 machines
Constructed 169 of 187 machines
Constructed 170 of 187 machines
Constructed 171 of 187 machines
Constructed 172 of 194 machines
Constructed 173 of 194 machines
Constructed 174 of 194 machines
Constructed 175 of 194 machines
Constructed 176 of 194 machines
Constructed 177 of 194 machines
Constructed 178 of 194 machines
Constructed 179 of 194 machines
Enumerated to 107 states and 207 transitions
Reduced 107 states to 107 states
Constructed 13 equivalence classes
Constructed 14 equivalence classes
Constructed 15 equivalence classes
Constructed 16 equivalence classes
Constructed 17 equivalence classes
Constructed 18 equivalence classes
Constructed 18 equivalence classes
Reduced 107 states to 18 equivalence classes
Constructed 180 of 194 machines
Constructed 181 of 194 machines
Constructed 182 of 195 machines
Constructed 183 of 195 machines
Enumerated to 18 states and 41 transitions
Reduced 18 states to 18 states
Constructed 6 equivalence classes
Constructed 7 equivalence classes
Constructed 8 equivalence classes
Constructed 9 equivalence classes
Constructed 10 equivalence classes
Constructed 11 equivalence classes
Constructed 12 equivalence classes
Constructed 12 equivalence classes
Reduced 18 states to 12 equivalence classes
Constructed 184 of 195 machines
Constructed 185 of 195 machines
Constructed 186 of 195 machines
Constructed 187 of 195 machines
Constructed 188 of 195 machines
Enumerated to 2050 states and 114689 transitions
Constructed 1000 states
Constructed 2000 states
Reduced 2050 states to 2050 states
Reduced 2050 states to 2050 equivalence classes
Constructed 189 of 195 machines
Constructed 190 of 195 machines
Constructed 191 of 195 machines
Constructed 192 of 195 machines
Constructed 193 of 199 machines
Constructed 194 of 199 machines
Constructed 195 of 199 machines
Constructed 196 of 199 machines
Constructed 197 of 199 machines
Constructed 11748 states and 86066 transitions
Constructed 20785 states and 166518 transitions
Enumerated to 24576 states and 202752 transitions
Constructed 1000 states
Constructed 2000 states
Diamond elimination complete: 2048 states
Constructed 198 of 199 machines
Constructed 1 equivalence classes
Constructed 1 equivalence classes
Reduced 2048 states to 1 equivalence classes
Constructed 199 of 199 machines
Parallel BTree Explorer using 10 workers, 28 to 28 bytes per state
Next level storage overhead is 4.02934 bytes per state (402.934 MB per 100 million states)
Using BTree blocks of size 8 KiB and next-level blocks of size 8 KiB
On ply 1
On ply 2 - visited 1 state pairs and 23 transitions in 0 seconds at inf state pairs and inf transitions per second using 503MB total storage.
Finished
Reconstructing counterexamples
Found 3 processes including 1 names
Visited 2 processes and discovered 0 recursive names
Visited 1 processes generating 0 machines
Constructed 0 states with 22 transitions
Constructed 2 states with 44 transitions
Constructed 1 of 1 machines
Parallel BTree Explorer using 10 workers, 28 to 28 bytes per state
Next level storage overhead is 4.02934 bytes per state (402.934 MB per 100 million states)
Using BTree blocks of size 8 KiB and next-level blocks of size 8 KiB
On ply 1
On ply 2 - visited 1 state pairs and 23 transitions in 0 seconds at inf state pairs and inf transitions per second using 503MB total storage.
On ply 3 - visited 2 state pairs and 45 transitions in 0 seconds at inf state pairs and inf transitions per second using 503MB total storage.
Finished
Reconstructing counterexamples
Found 1 processes including 1 names
Visited 0 processes and discovered 0 recursive names
Visited 0 processes generating 0 machines
Constructed 1 of 1 machines
Parallel BTree Explorer using 10 workers, 28 to 28 bytes per state
Next level storage overhead is 4.02934 bytes per state (402.934 MB per 100 million states)
Using BTree blocks of size 8 KiB and next-level blocks of size 8 KiB
On ply 1
On ply 2 - visited 1 state pairs and 23 transitions in 0 seconds at inf state pairs and inf transitions per second using 503MB total storage.
Finished
Reconstructing counterexamples
