Found 2000 processes including 53 names
Found 6000 processes including 53 names
Found 16000 processes including 53 names
Found 20000 processes including 53 names
Found 24000 processes including 59 names
Found 26000 processes including 59 names
Found 28000 processes including 76 names
Found 28116 processes including 76 names
Visited 1000 processes and discovered 27 recursive names
Visited 2000 processes and discovered 27 recursive names
Visited 3000 processes and discovered 27 recursive names
Visited 4000 processes and discovered 27 recursive names
Visited 5000 processes and discovered 27 recursive names
Visited 6000 processes and discovered 27 recursive names
Visited 7000 processes and discovered 27 recursive names
Visited 8000 processes and discovered 27 recursive names
Visited 9000 processes and discovered 27 recursive names
Visited 10000 processes and discovered 27 recursive names
Visited 11000 processes and discovered 27 recursive names
Visited 12000 processes and discovered 27 recursive names
Visited 13000 processes and discovered 27 recursive names
Visited 14000 processes and discovered 27 recursive names
Visited 15000 processes and discovered 27 recursive names
Visited 16000 processes and discovered 27 recursive names
Visited 17000 processes and discovered 27 recursive names
Visited 18000 processes and discovered 27 recursive names
Visited 19000 processes and discovered 27 recursive names
Visited 20000 processes and discovered 27 recursive names
Visited 21000 processes and discovered 27 recursive names
Visited 22000 processes and discovered 27 recursive names
Visited 23000 processes and discovered 27 recursive names
Visited 24000 processes and discovered 27 recursive names
Visited 25000 processes and discovered 27 recursive names
Visited 26000 processes and discovered 27 recursive names
Visited 27000 processes and discovered 27 recursive names
Visited 28000 processes and discovered 51 recursive names
Visited 28040 processes and discovered 53 recursive names
Constructed 0 states with 1 transitions
Constructed 3 states with 2 transitions
Constructed 0 states with 1 transitions
Constructed 0 states with 1 transitions
Constructed 0 states with 3 transitions
Constructed 3 states with 2 transitions
Constructed 0 states with 2 transitions
Constructed 0 states with 1 transitions
Constructed 0 states with 2 transitions
Constructed 1 of 58 machines
Constructed 2 states with 1 transitions
Constructed 2 of 58 machines
Constructed 0 states with 2 transitions
Constructed 3 states with 4 transitions
Constructed 0 states with 3 transitions
Constructed 3 of 60 machines
Constructed 3 states with 3 transitions
Constructed 4 of 61 machines
Constructed 0 states with 3 transitions
Constructed 3 states with 4 transitions
Constructed 5 of 80 machines
Constructed 3 states with 3 transitions
Constructed 6 of 80 machines
Constructed 0 states with 3 transitions
Constructed 3 states with 4 transitions
Constructed 7 of 80 machines
Constructed 3 states with 3 transitions
Constructed 8 of 80 machines
Reduced 3 states to 3 equivalence classes
Constructed 0 states with 2 transitions
Constructed 9 of 80 machines
Constructed 3 states with 3 transitions
Constructed 3 states with 2 transitions
Reduced 3 states to 3 equivalence classes
Constructed 0 states with 1 transitions
Constructed 0 states with 3 transitions
Constructed 6 states with 11 transitions
Reduced 2 states to 2 equivalence classes
Reduced 3 states to 3 equivalence classes
Constructed 0 states with 1 transitions
Constructed 2 states with 2 transitions
Constructed 3 states with 2 transitions
Constructed 3 states with 4 transitions
Constructed 10 of 80 machines
Reduced 3 states to 3 equivalence classes
Constructed 11 of 80 machines
Reduced 3 states to 3 equivalence classes
Constructed 12 of 80 machines
Reduced 3 states to 3 equivalence classes
Constructed 13 of 80 machines
Reduced 3 states to 3 equivalence classes
Constructed 14 of 80 machines
Reduced 3 states to 3 equivalence classes
Constructed 15 of 80 machines
Constructed 16 of 80 machines
Constructed 17 of 80 machines
Constructed 18 of 80 machines
Constructed 19 of 80 machines
Constructed 20 of 80 machines
Constructed 21 of 80 machines
Reduced 2 states to 2 equivalence classes
Constructed 22 of 80 machines
Constructed 23 of 80 machines
Reduced 3 states to 3 equivalence classes
Constructed 24 of 80 machines
Constructed 25 of 80 machines
Constructed 26 of 80 machines
Constructed 0 states with 1 transitions
Reduced 3 states to 3 equivalence classes
Visited 1000 processes generating 80 machines
Reduced 3 states to 3 equivalence classes
Constructed 27 of 80 machines
Constructing high-level wrapper
Constructed 28 of 80 machines
Constructed 29 of 80 machines
Constructed 30 of 80 machines
Constructed 0 states with 1 transitions
Constructing high-level wrapper
Constructed 31 of 80 machines
Constructed 32 of 80 machines
Reduced 3 states to 3 equivalence classes
Constructed 33 of 80 machines
Constructed 0 states with 1 transitions
Constructing high-level wrapper
Constructed 34 of 80 machines
Constructed 35 of 80 machines
Constructed 36 of 80 machines
Visited 2000 processes generating 80 machines
Constructed 37 of 80 machines
Constructed 38 of 80 machines
Constructed 39 of 80 machines
Constructed 40 of 82 machines
Constructed 0 states with 1 transitions
Constructing high-level wrapper
Constructed 41 of 82 machines
Constructed 42 of 82 machines
Constructed 43 of 82 machines
Constructed 44 of 82 machines
Constructed 0 formats
Constructed 4 formats
Constructed 45 of 82 machines
Constructed 46 of 82 machines
Constructed 47 of 82 machines
Visited 2656 processes generating 149 machines
Constructed 0 states with 1 transitions
Constructed 48 of 150 machines
Constructed 0 states with 2 transitions
Constructed 3 states with 3 transitions
Constructed 49 of 150 machines
Constructed 0 states with 6 transitions
Constructed 0 states with 6 transitions
Constructed 4 states with 13 transitions
Constructed 4 states with 13 transitions
Constructed 50 of 150 machines
Constructed 0 states with 4 transitions
Constructed 4 states with 9 transitions
Constructed 51 of 150 machines
Constructed 52 of 150 machines
Constructed 0 states with 6 transitions
Constructed 0 states with 6 transitions
Constructed 4 states with 13 transitions
Constructed 53 of 159 machines
Constructed 0 states with 6 transitions
Constructed 4 states with 13 transitions
Constructed 54 of 159 machines
Constructed 0 states with 6 transitions
Constructed 4 states with 13 transitions
Constructed 55 of 159 machines
Constructed 0 states with 6 transitions
Constructed 56 of 159 machines
Constructed 4 states with 13 transitions
Constructed 57 of 159 machines
Constructed 58 of 159 machines
Constructed 0 states with 6 transitions
Constructed 0 states with 6 transitions
Constructed 4 states with 13 transitions
Reduced 3 states to 3 equivalence classes
Constructed 4 states with 13 transitions
Constructed 83 states with 341 transitions
Constructed 0 states with 6 transitions
Constructed 4 states with 13 transitions
Constructed 0 states with 6 transitions
Constructed 59 of 159 machines
Constructed 4 states with 13 transitions
Constructed 4 states with 13 transitions
Reduced 4 states to 4 equivalence classes
Constructed 60 of 159 machines
Constructed 61 of 159 machines
Reduced 4 states to 4 equivalence classes
Constructed 62 of 159 machines
Constructed 63 of 159 machines
Constructed 64 of 159 machines
Constructed 65 of 159 machines
Constructed 66 of 159 machines
Constructed 67 of 159 machines
Constructed 68 of 159 machines
Constructed 69 of 159 machines
Constructed 70 of 159 machines
Constructed 71 of 159 machines
Constructed 72 of 159 machines
Constructed 73 of 159 machines
Constructed 74 of 159 machines
Reduced 4 states to 4 equivalence classes
Constructed 75 of 159 machines
Reduced 4 states to 4 equivalence classes
Constructed 76 of 159 machines
Reduced 4 states to 4 equivalence classes
Reduced 4 states to 4 equivalence classes
Constructed 77 of 159 machines
Constructed 78 of 159 machines
Reduced 4 states to 4 equivalence classes
Constructed 79 of 159 machines
Constructed 0 formats
Constructed 4 formats
Reduced 4 states to 4 equivalence classes
Constructed 80 of 159 machines
Constructed 33 equivalence classes
Constructed 81 of 159 machines
Reduced 4 states to 4 equivalence classes
Reduced 4 states to 4 equivalence classes
Constructed 82 of 159 machines
Reduced 4 states to 4 equivalence classes
Constructed 83 of 159 machines
Constructed 0 formats
Constructed 84 of 159 machines
Constructed 4 formats
Constructed 85 of 159 machines
Constructed 47 equivalence classes
Constructed 57 equivalence classes
Constructed 86 of 159 machines
Constructed 66 equivalence classes
Constructed 87 of 159 machines
Constructed 88 of 159 machines
Reduced 4 states to 4 equivalence classes
Constructed 89 of 159 machines
Constructed 90 of 159 machines
Constructed 91 of 159 machines
Constructed 75 equivalence classes
Constructed 79 equivalence classes
Constructed 82 equivalence classes
Constructed 83 equivalence classes
Reduced 83 states to 83 equivalence classes
Constructed 92 of 159 machines
Constructed 93 of 159 machines
Constructed 94 of 159 machines
Constructed 95 of 159 machines
Constructed 96 of 159 machines
Constructed 97 of 168 machines
Constructed 0 formats
Constructed 98 of 168 machines
Constructed 4 formats
Constructed 99 of 168 machines
Constructed 100 of 168 machines
Constructed 101 of 171 machines
Constructed 102 of 171 machines
Constructed 103 of 171 machines
Constructed 104 of 171 machines
Constructed 105 of 171 machines
Constructed 106 of 171 machines
Constructed 107 of 171 machines
Constructed 108 of 171 machines
Constructed 109 of 177 machines
Constructed 110 of 177 machines
Constructed 111 of 177 machines
Constructed 112 of 177 machines
Constructed 113 of 177 machines
Constructed 114 of 177 machines
Constructed 115 of 177 machines
Constructed 116 of 177 machines
Constructed 117 of 177 machines
Constructed 118 of 177 machines
Constructed 119 of 177 machines
Constructed 120 of 177 machines
Constructed 121 of 177 machines
Constructed 122 of 177 machines
Constructed 123 of 177 machines
Constructed 124 of 177 machines
Constructed 125 of 186 machines
Constructed 126 of 186 machines
Constructed 127 of 186 machines
Constructed 128 of 186 machines
Constructed 129 of 186 machines
Constructed 130 of 186 machines
Constructed 131 of 186 machines
Constructed 132 of 186 machines
Constructed 133 of 186 machines
Constructed 134 of 186 machines
Constructed 135 of 186 machines
Constructed 136 of 186 machines
Constructed 137 of 186 machines
Constructed 138 of 186 machines
Constructed 139 of 186 machines
Constructed 140 of 186 machines
Constructed 141 of 186 machines
Constructed 142 of 197 machines
Constructed 143 of 197 machines
Constructed 144 of 197 machines
Constructed 145 of 197 machines
Constructed 146 of 197 machines
Constructed 147 of 197 machines
Constructed 148 of 197 machines
Constructed 149 of 197 machines
Constructed 150 of 197 machines
Constructed 151 of 197 machines
Constructed 152 of 197 machines
Constructed 153 of 197 machines
Enumerated to 22 states and 34 transitions
Enumerated to 22 states and 34 transitions
Enumerated to 20 states and 30 transitions
Enumerated to 20 states and 30 transitions
Reduced 6 states to 6 states
Constructed 4 equivalence classes
Constructed 4 equivalence classes
Reduced 6 states to 4 equivalence classes
Constructed 154 of 197 machines
Reduced 22 states to 22 states
Constructed 8 equivalence classes
Constructed 8 equivalence classes
Reduced 22 states to 8 equivalence classes
Constructed 155 of 197 machines
Constructed 156 of 197 machines
Reduced 22 states to 22 states
Constructed 8 equivalence classes
Constructed 8 equivalence classes
Reduced 22 states to 8 equivalence classes
Constructed 157 of 197 machines
Reduced 20 states to 20 states
Constructed 7 equivalence classes
Constructed 7 equivalence classes
Reduced 20 states to 7 equivalence classes
Constructed 158 of 197 machines
Constructed 159 of 197 machines
Constructed 160 of 197 machines
Reduced 20 states to 20 states
Constructed 7 equivalence classes
Constructed 7 equivalence classes
Reduced 20 states to 7 equivalence classes
Constructed 161 of 197 machines
Constructed 162 of 197 machines
Constructed 163 of 197 machines
Constructed 164 of 197 machines
Constructed 165 of 197 machines
Constructed 166 of 197 machines
Constructed 167 of 197 machines
Constructed 168 of 197 machines
Constructed 169 of 197 machines
Constructed 170 of 197 machines
Constructed 171 of 197 machines
Constructed 172 of 197 machines
Constructed 173 of 197 machines
Constructed 174 of 197 machines
Constructed 175 of 197 machines
Constructed 176 of 204 machines
Constructed 177 of 204 machines
Constructed 178 of 204 machines
Constructed 179 of 204 machines
Constructed 180 of 204 machines
Constructed 181 of 204 machines
Constructed 182 of 204 machines
Constructed 183 of 204 machines
Enumerated to 163 states and 391 transitions
Reduced 163 states to 163 states
Constructed 26 equivalence classes
Constructed 28 equivalence classes
Constructed 31 equivalence classes
Constructed 32 equivalence classes
Constructed 33 equivalence classes
Constructed 34 equivalence classes
Constructed 35 equivalence classes
Constructed 36 equivalence classes
Constructed 37 equivalence classes
Constructed 37 equivalence classes
Reduced 163 states to 37 equivalence classes
Constructed 184 of 204 machines
Constructed 185 of 204 machines
Constructed 186 of 205 machines
Constructed 187 of 205 machines
Enumerated to 37 states and 88 transitions
Reduced 37 states to 37 states
Constructed 16 equivalence classes
Constructed 18 equivalence classes
Constructed 21 equivalence classes
Constructed 22 equivalence classes
Constructed 23 equivalence classes
Constructed 24 equivalence classes
Constructed 25 equivalence classes
Constructed 26 equivalence classes
Constructed 27 equivalence classes
Constructed 28 equivalence classes
Constructed 28 equivalence classes
Reduced 37 states to 28 equivalence classes
Constructed 188 of 205 machines
Constructed 189 of 205 machines
Constructed 190 of 207 machines
Constructed 191 of 207 machines
Constructed 192 of 207 machines
Enumerated to 43 states and 95 transitions
Constructed 18 equivalence classes
Constructed 21 equivalence classes
Constructed 24 equivalence classes
Constructed 25 equivalence classes
Constructed 26 equivalence classes
Constructed 27 equivalence classes
Constructed 28 equivalence classes
Constructed 29 equivalence classes
Constructed 30 equivalence classes
Constructed 30 equivalence classes
Reduced 43 states to 30 equivalence classes
Constructed 193 of 207 machines
Constructed 194 of 207 machines
Constructed 195 of 208 machines
Constructed 196 of 208 machines
Enumerated to 30 states and 65 transitions
Enumerated to 2050 states and 114689 transitions
Reduced 30 states to 30 states
Constructed 13 equivalence classes
Constructed 14 equivalence classes
Constructed 15 equivalence classes
Constructed 16 equivalence classes
Constructed 17 equivalence classes
Constructed 18 equivalence classes
Constructed 19 equivalence classes
Constructed 20 equivalence classes
Constructed 21 equivalence classes
Constructed 22 equivalence classes
Constructed 22 equivalence classes
Reduced 30 states to 22 equivalence classes
Constructed 197 of 208 machines
Constructed 198 of 208 machines
Constructed 199 of 208 machines
Constructed 200 of 208 machines
Constructed 201 of 208 machines
Constructed 1000 states
Constructed 2000 states
Reduced 2050 states to 2050 states
Reduced 2050 states to 2050 equivalence classes
Constructed 202 of 208 machines
Constructed 203 of 208 machines
Constructed 204 of 208 machines
Constructed 205 of 208 machines
Constructed 206 of 212 machines
Constructed 207 of 212 machines
Constructed 208 of 212 machines
Constructed 209 of 212 machines
Constructed 210 of 212 machines
Constructed 13962 states and 196173 transitions
Constructed 22094 states and 267922 transitions
Constructed 31648 states and 328436 transitions
Constructed 40572 states and 383404 transitions
Enumerated to 45056 states and 411648 transitions
Constructed 1000 states
Constructed 2000 states
Constructed 3000 states
Constructed 4000 states
Constructed 5000 states
Constructed 6000 states
Constructed 7000 states
Constructed 8000 states
Constructed 9000 states
Constructed 10000 states
Constructed 11000 states
Constructed 12000 states
Diamond elimination complete: 12288 states
Constructed 211 of 212 machines
Constructed 5 equivalence classes
Constructed 5 equivalence classes
Reduced 12288 states to 5 equivalence classes
Constructed 212 of 212 machines
Parallel BTree Explorer using 10 workers, 28 to 28 bytes per state
Next level storage overhead is 4.02934 bytes per state (402.934 MB per 100 million states)
Using BTree blocks of size 8 KiB and next-level blocks of size 8 KiB
On ply 1
On ply 2 - visited 1 state pairs and 27 transitions in 0 seconds at inf state pairs and inf transitions per second using 503MB total storage.
On ply 3 - visited 5 state pairs and 119 transitions in 0 seconds at inf state pairs and inf transitions per second using 503MB total storage.
Finished
Reconstructing counterexamples
Found 3 processes including 1 names
Visited 2 processes and discovered 0 recursive names
Constructed 1 of 2 machines
Visited 1 processes generating 3 machines
Constructed 0 states with 1 transitions
Constructed 1 states with 1 transitions
Constructed 2 of 5 machines
Reduced 1 states to 1 equivalence classes
Constructed 3 of 5 machines
Constructed 4 of 5 machines
Constructed 5 of 7 machines
Constructed 6 of 7 machines
Constructed 7 of 7 machines
Parallel BTree Explorer using 10 workers, 28 to 28 bytes per state
Next level storage overhead is 4.02934 bytes per state (402.934 MB per 100 million states)
Using BTree blocks of size 8 KiB and next-level blocks of size 8 KiB
On ply 1
On ply 2 - visited 1 state pairs and 27 transitions in 0 seconds at inf state pairs and inf transitions per second using 503MB total storage.
On ply 3 - visited 5 state pairs and 119 transitions in 0.001 seconds at 5000 state pairs and 119000 transitions per second using 503MB total storage.
Finished
Reconstructing counterexamples
Found 1 processes including 1 names
Visited 0 processes and discovered 0 recursive names
Visited 0 processes generating 0 machines
Constructed 1 of 1 machines
Parallel BTree Explorer using 10 workers, 28 to 28 bytes per state
Next level storage overhead is 4.02934 bytes per state (402.934 MB per 100 million states)
Using BTree blocks of size 8 KiB and next-level blocks of size 8 KiB
On ply 1
On ply 2 - visited 1 state pairs and 27 transitions in 0 seconds at inf state pairs and inf transitions per second using 503MB total storage.
On ply 3 - visited 5 state pairs and 119 transitions in 0.001 seconds at 5000 state pairs and 119000 transitions per second using 503MB total storage.
Finished
Reconstructing counterexamples
