Found 604 processes including 52 names
Visited 552 processes and discovered 33 recursive names
Constructed 0 states with 1 transitions
Constructed 3 states with 2 transitions
Constructed 0 states with 1 transitions
Constructed 2 states with 1 transitions
Constructed 1 of 23 machines
Constructed 2 of 23 machines
Constructed 0 states with 2 transitions
Constructed 3 states with 3 transitions
Constructed 0 states with 2 transitions
Constructed 3 of 49 machines
Constructed 3 states with 3 transitions
Constructed 4 of 50 machines
Constructed 0 states with 1 transitions
Constructed 0 states with 1 transitions
Constructed 3 states with 2 transitions
Constructed 5 of 54 machines
Constructed 0 states with 2 transitions
Constructed 3 states with 3 transitions
Constructed 3 states with 2 transitions
Constructed 6 of 69 machines
Reduced 3 states to 3 equivalence classes
Constructed 7 of 71 machines
Constructed 8 of 71 machines
Reduced 2 states to 2 equivalence classes
Constructed 9 of 74 machines
Visited 112 processes generating 110 machines
Constructed 0 states with 3 transitions
Constructed 3 states with 4 transitions
Constructed 10 of 111 machines
Constructed 0 states with 1 transitions
Constructed 19 states with 46 transitions
Constructed 0 states with 3 transitions
Constructed 11 of 111 machines
Constructed 0 states with 2 transitions
Constructed 3 states with 3 transitions
Constructed 12 of 111 machines
Constructed 0 states with 2 transitions
Constructed 4 states with 5 transitions
Reduced 3 states to 3 equivalence classes
Reduced 3 states to 3 equivalence classes
Reduced 3 states to 3 equivalence classes
Constructed 13 of 111 machines
Constructed 0 states with 1 transitions
Reduced 3 states to 3 equivalence classes
Constructed 0 states with 2 transitions
Constructed 0 states with 3 transitions
Constructed 3 states with 4 transitions
Constructed 3 states with 4 transitions
Constructed 0 states with 3 transitions
Constructed 6 states with 11 transitions
Reduced 3 states to 3 equivalence classes
Constructed 3 states with 3 transitions
Constructed 14 of 111 machines
Constructed 2 states with 2 transitions
Constructed 15 of 111 machines
Constructed 0 states with 6 transitions
Constructed 16 of 111 machines
Constructed 0 states with 6 transitions
Constructed 4 states with 13 transitions
Constructed 17 of 111 machines
Constructed 4 states with 13 transitions
Constructed 18 of 111 machines
Constructed 19 of 111 machines
Constructed 0 states with 6 transitions
Constructed 0 states with 6 transitions
Constructed 20 of 111 machines
Constructed 21 of 111 machines
Constructed 0 states with 6 transitions
Constructed 4 states with 13 transitions
Reduced 3 states to 3 equivalence classes
Constructed 4 states with 13 transitions
Constructed 22 of 111 machines
Constructed 0 states with 6 transitions
Constructed 4 states with 13 transitions
Constructed 13 equivalence classes
Constructed 23 of 111 machines
Constructed 16 equivalence classes
Constructed 24 of 111 machines
Constructed 4 states with 13 transitions
Reduced 4 states to 4 equivalence classes
Constructed 25 of 111 machines
Reduced 4 states to 4 equivalence classes
Reduced 3 states to 3 equivalence classes
Constructed 26 of 111 machines
Constructed 19 equivalence classes
Reduced 19 states to 19 equivalence classes
Constructed 27 of 111 machines
Reduced 3 states to 3 equivalence classes
Constructed 28 of 111 machines
Reduced 3 states to 3 equivalence classes
Constructed 29 of 111 machines
Reduced 2 states to 2 equivalence classes
Reduced 4 states to 4 equivalence classes
Constructed 30 of 111 machines
Constructed 31 of 111 machines
Reduced 4 states to 4 equivalence classes
Constructed 32 of 111 machines
Reduced 4 states to 4 equivalence classes
Constructed 33 of 111 machines
Reduced 4 states to 4 equivalence classes
Constructed 34 of 111 machines
Reduced 4 states to 4 equivalence classes
Constructed 35 of 111 machines
Constructed 36 of 111 machines
Constructed 37 of 111 machines
Constructed 38 of 111 machines
Constructed 39 of 111 machines
Constructed 40 of 111 machines
Constructed 41 of 111 machines
Reduced 3 states to 3 equivalence classes
Constructed 42 of 111 machines
Constructed 43 of 111 machines
Constructed 44 of 111 machines
Constructed 45 of 111 machines
Constructed 46 of 111 machines
Constructed 47 of 111 machines
Constructed 0 states with 1 transitions
Constructing high-level wrapper
Constructed 48 of 111 machines
Constructed 0 states with 1 transitions
Constructing high-level wrapper
Constructed 0 states with 1 transitions
Constructing high-level wrapper
Constructed 49 of 111 machines
Constructed 50 of 111 machines
Constructed 51 of 111 machines
Constructed 52 of 111 machines
Constructed 53 of 111 machines
Constructed 54 of 111 machines
Constructed 55 of 111 machines
Constructed 56 of 111 machines
Constructed 57 of 111 machines
Constructed 58 of 111 machines
Constructed 59 of 111 machines
Constructed 60 of 111 machines
Constructed 0 formats
Constructed 4 formats
Constructed 61 of 111 machines
Constructed 62 of 111 machines
Constructed 0 formats
Constructed 4 formats
Constructed 63 of 111 machines
Constructed 64 of 111 machines
Constructed 65 of 111 machines
Constructed 66 of 111 machines
Constructed 67 of 111 machines
Constructed 68 of 111 machines
Constructed 69 of 111 machines
Constructed 70 of 117 machines
Constructed 71 of 117 machines
Constructed 72 of 117 machines
Constructed 73 of 117 machines
Constructed 74 of 117 machines
Constructed 75 of 126 machines
Constructed 76 of 126 machines
Constructed 0 formats
Constructed 77 of 126 machines
Constructed 4 formats
Constructed 78 of 126 machines
Constructed 79 of 126 machines
Constructed 80 of 126 machines
Constructed 81 of 126 machines
Constructed 82 of 126 machines
Constructed 83 of 126 machines
Constructed 84 of 126 machines
Constructed 85 of 126 machines
Constructed 86 of 126 machines
Constructed 87 of 126 machines
Constructed 88 of 126 machines
Constructed 89 of 129 machines
Constructed 90 of 129 machines
Constructed 91 of 129 machines
Constructed 92 of 135 machines
Constructed 93 of 135 machines
Constructed 94 of 135 machines
Constructed 95 of 135 machines
Constructed 96 of 135 machines
Constructed 97 of 135 machines
Constructed 98 of 135 machines
Constructed 99 of 135 machines
Constructed 100 of 135 machines
Constructed 101 of 144 machines
Constructed 102 of 144 machines
Constructed 103 of 144 machines
Constructed 104 of 144 machines
Constructed 105 of 144 machines
Constructed 106 of 144 machines
Constructed 107 of 144 machines
Constructed 108 of 144 machines
Constructed 109 of 144 machines
Constructed 110 of 144 machines
Enumerated to 23 states and 36 transitions
Enumerated to 22 states and 34 transitions
Enumerated to 66 states and 1985 transitions
Reduced 6 states to 6 states
Constructed 4 equivalence classes
Constructed 4 equivalence classes
Reduced 6 states to 4 equivalence classes
Constructed 111 of 144 machines
Enumerated to 22 states and 34 transitions
Reduced 23 states to 23 states
Constructed 9 equivalence classes
Constructed 9 equivalence classes
Reduced 23 states to 9 equivalence classes
Constructed 112 of 144 machines
Constructed 113 of 144 machines
Reduced 22 states to 22 states
Constructed 8 equivalence classes
Constructed 8 equivalence classes
Reduced 22 states to 8 equivalence classes
Constructed 114 of 144 machines
Constructed 115 of 144 machines
Reduced 66 states to 66 states
Reduced 66 states to 66 equivalence classes
Constructed 116 of 144 machines
Reduced 22 states to 22 states
Constructed 8 equivalence classes
Constructed 8 equivalence classes
Reduced 22 states to 8 equivalence classes
Constructed 117 of 144 machines
Constructed 118 of 144 machines
Constructed 119 of 144 machines
Constructed 120 of 144 machines
Constructed 121 of 144 machines
Constructed 122 of 144 machines
Constructed 123 of 144 machines
Constructed 124 of 144 machines
Constructed 125 of 144 machines
Constructed 126 of 144 machines
Constructed 127 of 144 machines
Constructed 128 of 144 machines
Constructed 129 of 144 machines
Constructed 130 of 150 machines
Constructed 131 of 150 machines
Constructed 132 of 150 machines
Constructed 133 of 150 machines
Constructed 134 of 150 machines
Constructed 135 of 150 machines
Constructed 136 of 150 machines
Enumerated to 60 states and 137 transitions
Reduced 60 states to 60 states
Constructed 24 equivalence classes
Constructed 32 equivalence classes
Constructed 36 equivalence classes
Constructed 37 equivalence classes
Constructed 37 equivalence classes
Reduced 60 states to 37 equivalence classes
Constructed 137 of 150 machines
Constructed 138 of 150 machines
Constructed 139 of 151 machines
Constructed 140 of 151 machines
Enumerated to 37 states and 96 transitions
Reduced 37 states to 37 states
Constructed 15 equivalence classes
Constructed 21 equivalence classes
Constructed 26 equivalence classes
Constructed 27 equivalence classes
Constructed 27 equivalence classes
Reduced 37 states to 27 equivalence classes
Constructed 141 of 151 machines
Constructed 142 of 151 machines
Constructed 143 of 151 machines
Constructed 144 of 151 machines
Constructed 145 of 151 machines
Constructed 146 of 151 machines
Constructed 147 of 151 machines
Constructed 148 of 151 machines
Constructed 149 of 155 machines
Constructed 150 of 155 machines
Constructed 151 of 155 machines
Constructed 152 of 155 machines
Constructed 153 of 155 machines
Enumerated to 1536 states and 14496 transitions
Diamond elimination complete: 512 states
Constructed 154 of 155 machines
Constructed 7 equivalence classes
Constructed 9 equivalence classes
Constructed 10 equivalence classes
Constructed 11 equivalence classes
Constructed 12 equivalence classes
Constructed 12 equivalence classes
Reduced 512 states to 12 equivalence classes
Constructed 155 of 155 machines
Parallel BTree Explorer using 10 workers, 28 to 28 bytes per state
Next level storage overhead is 4.02934 bytes per state (402.934 MB per 100 million states)
Using BTree blocks of size 8 KiB and next-level blocks of size 8 KiB
On ply 1
On ply 2 - visited 1 state pairs and 14 transitions in 0 seconds at inf state pairs and inf transitions per second using 503MB total storage.
On ply 3 - visited 3 state pairs and 42 transitions in 0 seconds at inf state pairs and inf transitions per second using 503MB total storage.
On ply 4 - visited 6 state pairs and 83 transitions in 0.001 seconds at 6000 state pairs and 83000 transitions per second using 503MB total storage.
On ply 5 - visited 9 state pairs and 121 transitions in 0.001 seconds at 9000 state pairs and 121000 transitions per second using 503MB total storage.
On ply 6 - visited 11 state pairs and 150 transitions in 0.002 seconds at 5500 state pairs and 75000 transitions per second using 503MB total storage.
On ply 7 - visited 12 state pairs and 164 transitions in 0.002 seconds at 6000 state pairs and 82000 transitions per second using 503MB total storage.
Finished
Reconstructing counterexamples
Found 3 processes including 1 names
Visited 2 processes and discovered 0 recursive names
Constructed 1 of 2 machines
Visited 1 processes generating 3 machines
Constructed 0 states with 1 transitions
Constructed 1 states with 1 transitions
Constructed 2 of 5 machines
Reduced 1 states to 1 equivalence classes
Constructed 3 of 5 machines
Constructed 4 of 5 machines
Constructed 5 of 7 machines
Constructed 6 of 7 machines
Constructed 7 of 7 machines
Parallel BTree Explorer using 10 workers, 28 to 28 bytes per state
Next level storage overhead is 4.02934 bytes per state (402.934 MB per 100 million states)
Using BTree blocks of size 8 KiB and next-level blocks of size 8 KiB
On ply 1
On ply 2 - visited 1 state pairs and 14 transitions in 0 seconds at inf state pairs and inf transitions per second using 503MB total storage.
On ply 3 - visited 3 state pairs and 42 transitions in 0 seconds at inf state pairs and inf transitions per second using 503MB total storage.
On ply 4 - visited 6 state pairs and 83 transitions in 0.001 seconds at 6000 state pairs and 83000 transitions per second using 503MB total storage.
On ply 5 - visited 9 state pairs and 121 transitions in 0.001 seconds at 9000 state pairs and 121000 transitions per second using 503MB total storage.
On ply 6 - visited 11 state pairs and 150 transitions in 0.002 seconds at 5500 state pairs and 75000 transitions per second using 503MB total storage.
On ply 7 - visited 12 state pairs and 164 transitions in 0.002 seconds at 6000 state pairs and 82000 transitions per second using 503MB total storage.
Finished
Reconstructing counterexamples
Found 1 processes including 1 names
Visited 0 processes and discovered 0 recursive names
Visited 0 processes generating 0 machines
Constructed 1 of 1 machines
Parallel BTree Explorer using 10 workers, 28 to 28 bytes per state
Next level storage overhead is 4.02934 bytes per state (402.934 MB per 100 million states)
Using BTree blocks of size 8 KiB and next-level blocks of size 8 KiB
On ply 1
On ply 2 - visited 1 state pairs and 14 transitions in 0 seconds at inf state pairs and inf transitions per second using 503MB total storage.
On ply 3 - visited 3 state pairs and 42 transitions in 0.001 seconds at 3000 state pairs and 42000 transitions per second using 503MB total storage.
On ply 4 - visited 6 state pairs and 83 transitions in 0.001 seconds at 6000 state pairs and 83000 transitions per second using 503MB total storage.
On ply 5 - visited 9 state pairs and 121 transitions in 0.002 seconds at 4500 state pairs and 60500 transitions per second using 503MB total storage.
On ply 6 - visited 11 state pairs and 150 transitions in 0.003 seconds at 3666.67 state pairs and 50000 transitions per second using 503MB total storage.
On ply 7 - visited 12 state pairs and 164 transitions in 0.003 seconds at 4000 state pairs and 54666.7 transitions per second using 503MB total storage.
Finished
Reconstructing counterexamples
